Component: ARM Compiler 5.06 update 7 (build 960) Tool: armlink [4d3601]

==============================================================================

Section Cross References

    startup_stm32f407xx.o(RESET) refers to startup_stm32f407xx.o(STACK) for __initial_sp
    startup_stm32f407xx.o(RESET) refers to startup_stm32f407xx.o(.text) for Reset_Handler
    startup_stm32f407xx.o(RESET) refers to stm32f4xx_it.o(i.NMI_Handler) for NMI_Handler
    startup_stm32f407xx.o(RESET) refers to stm32f4xx_it.o(i.HardFault_Handler) for HardFault_Handler
    startup_stm32f407xx.o(RESET) refers to stm32f4xx_it.o(i.MemManage_Handler) for MemManage_Handler
    startup_stm32f407xx.o(RESET) refers to stm32f4xx_it.o(i.BusFault_Handler) for BusFault_Handler
    startup_stm32f407xx.o(RESET) refers to stm32f4xx_it.o(i.UsageFault_Handler) for UsageFault_Handler
    startup_stm32f407xx.o(RESET) refers to stm32f4xx_it.o(i.SVC_Handler) for SVC_Handler
    startup_stm32f407xx.o(RESET) refers to stm32f4xx_it.o(i.DebugMon_Handler) for DebugMon_Handler
    startup_stm32f407xx.o(RESET) refers to stm32f4xx_it.o(i.PendSV_Handler) for PendSV_Handler
    startup_stm32f407xx.o(RESET) refers to stm32f4xx_it.o(i.SysTick_Handler) for SysTick_Handler
    startup_stm32f407xx.o(RESET) refers to stm32f4xx_it.o(i.USART1_IRQHandler) for USART1_IRQHandler
    startup_stm32f407xx.o(RESET) refers to stm32f4xx_it.o(i.USART2_IRQHandler) for USART2_IRQHandler
    startup_stm32f407xx.o(RESET) refers to stm32f4xx_it.o(i.USART3_IRQHandler) for USART3_IRQHandler
    startup_stm32f407xx.o(RESET) refers to stm32f4xx_it.o(i.TIM6_DAC_IRQHandler) for TIM6_DAC_IRQHandler
    startup_stm32f407xx.o(RESET) refers to stm32f4xx_it.o(i.TIM7_IRQHandler) for TIM7_IRQHandler
    startup_stm32f407xx.o(RESET) refers to stm32f4xx_it.o(i.DMA2_Stream2_IRQHandler) for DMA2_Stream2_IRQHandler
    startup_stm32f407xx.o(RESET) refers to stm32f4xx_it.o(i.DMA2_Stream7_IRQHandler) for DMA2_Stream7_IRQHandler
    startup_stm32f407xx.o(.text) refers to system_stm32f4xx.o(i.SystemInit) for SystemInit
    startup_stm32f407xx.o(.text) refers to entry.o(.ARM.Collect$$$$00000000) for __main
    main.o(i.SystemClock_Config) refers to memseta.o(.text) for __aeabi_memclr4
    main.o(i.SystemClock_Config) refers to stm32f4xx_hal_rcc.o(i.HAL_RCC_OscConfig) for HAL_RCC_OscConfig
    main.o(i.SystemClock_Config) refers to stm32f4xx_hal_rcc.o(i.HAL_RCC_ClockConfig) for HAL_RCC_ClockConfig
    main.o(i.main) refers to stm32f4xx_hal.o(i.HAL_Init) for HAL_Init
    main.o(i.main) refers to main.o(i.SystemClock_Config) for SystemClock_Config
    main.o(i.main) refers to gpio.o(i.MX_GPIO_Init) for MX_GPIO_Init
    main.o(i.main) refers to dma.o(i.MX_DMA_Init) for MX_DMA_Init
    main.o(i.main) refers to tim.o(i.MX_TIM6_Init) for MX_TIM6_Init
    main.o(i.main) refers to tim.o(i.MX_TIM7_Init) for MX_TIM7_Init
    main.o(i.main) refers to tim.o(i.MX_TIM8_Init) for MX_TIM8_Init
    main.o(i.main) refers to usart.o(i.MX_USART1_UART_Init) for MX_USART1_UART_Init
    main.o(i.main) refers to usart.o(i.MX_USART2_UART_Init) for MX_USART2_UART_Init
    main.o(i.main) refers to usart.o(i.MX_USART3_UART_Init) for MX_USART3_UART_Init
    main.o(i.main) refers to tim.o(i.MX_TIM4_Init) for MX_TIM4_Init
    main.o(i.main) refers to adc.o(i.MX_ADC1_Init) for MX_ADC1_Init
    main.o(i.main) refers to tim.o(i.MX_TIM5_Init) for MX_TIM5_Init
    main.o(i.main) refers to i2c.o(i.MX_I2C1_Init) for MX_I2C1_Init
    main.o(i.main) refers to tim.o(i.MX_TIM1_Init) for MX_TIM1_Init
    main.o(i.main) refers to led.o(i.GPIO_Init) for GPIO_Init
    main.o(i.main) refers to stm32f4xx_hal_tim.o(i.HAL_TIM_Base_Start_IT) for HAL_TIM_Base_Start_IT
    main.o(i.main) refers to stm32f4xx_hal_tim.o(i.HAL_TIM_PWM_Start) for HAL_TIM_PWM_Start
    main.o(i.main) refers to stm32f4xx_hal_uart.o(i.HAL_UART_Receive_IT) for HAL_UART_Receive_IT
    main.o(i.main) refers to stm32f4xx_hal_tim.o(i.HAL_TIM_Encoder_Start) for HAL_TIM_Encoder_Start
    main.o(i.main) refers to stm32f4xx_hal_adc.o(i.HAL_ADC_Start) for HAL_ADC_Start
    main.o(i.main) refers to pid.o(i.PID_param_init) for PID_param_init
    main.o(i.main) refers to oled.o(i.OLED_Init) for OLED_Init
    main.o(i.main) refers to mpu6050.o(i.MPU_Init) for MPU_Init
    main.o(i.main) refers to inv_mpu.o(i.mpu_dmp_init) for mpu_dmp_init
    main.o(i.main) refers to printfa.o(i.__0printf) for __2printf
    main.o(i.main) refers to inv_mpu.o(i.mpu_dmp_get_data) for mpu_dmp_get_data
    main.o(i.main) refers to f2d.o(.text) for __aeabi_f2d
    main.o(i.main) refers to key.o(i.Key_Control) for Key_Control
    main.o(i.main) refers to tim.o(.bss) for htim6
    main.o(i.main) refers to usart.o(.data) for revbuf1
    main.o(i.main) refers to usart.o(.bss) for huart1
    main.o(i.main) refers to adc.o(.bss) for hadc1
    main.o(i.main) refers to mpu6050.o(.data) for yaw
    main.o(i.main) refers to mpu6050.o(.data) for roll
    main.o(i.main) refers to mpu6050.o(.data) for pitch
[...]
    i.mpu_set_int_latched                    0x08007ce8   Section        0  inv_mpu.o(i.mpu_set_int_latched)
    i.mpu_set_lpf                            0x08007d4c   Section        0  inv_mpu.o(i.mpu_set_lpf)
    i.mpu_set_sample_rate                    0x08007db8   Section        0  inv_mpu.o(i.mpu_set_sample_rate)
    i.mpu_set_sensors                        0x08007e38   Section        0  inv_mpu.o(i.mpu_set_sensors)
    i.mpu_write_mem                          0x08007ef0   Section        0  inv_mpu.o(i.mpu_write_mem)
    i.myabs                                  0x08007f44   Section        0  tb6612.o(i.myabs)
    i.oled_pow                               0x08007f4c   Section        0  oled.o(i.oled_pow)
    i.run_self_test                          0x08007f5c   Section        0  inv_mpu.o(i.run_self_test)
    i.set_int_enable                         0x08007fe4   Section        0  inv_mpu.o(i.set_int_enable)
    set_int_enable                           0x08007fe5   Thumb Code    84  inv_mpu.o(i.set_int_enable)
    i.speed_pid                              0x0800803c   Section        0  pid.o(i.speed_pid)
    i.sqrt                                   0x080080a4   Section        0  sqrt.o(i.sqrt)
    .constdata                               0x08008112   Section        8  stm32f4xx_hal_dma.o(.constdata)
    flagBitshiftOffset                       0x08008112   Data           8  stm32f4xx_hal_dma.o(.constdata)
    .constdata                               0x0800811a   Section       16  system_stm32f4xx.o(.constdata)
    .constdata                               0x0800812a   Section        8  system_stm32f4xx.o(.constdata)
    .constdata                               0x08008132   Section     2660  oled.o(.constdata)
    .constdata                               0x08008b96   Section       27  inv_mpu.o(.constdata)
    .constdata                               0x08008bb2   Section       12  inv_mpu.o(.constdata)
    .constdata                               0x08008bc0   Section       40  inv_mpu.o(.constdata)
    .constdata                               0x08008be8   Section     3062  inv_mpu_dmp_motion_driver.o(.constdata)
    dmp_memory                               0x08008be8   Data        3062  inv_mpu_dmp_motion_driver.o(.constdata)
    .constdata                               0x080097e0   Section       80  asin.o(.constdata)
    pS                                       0x080097e0   Data          48  asin.o(.constdata)
    qS                                       0x08009810   Data          32  asin.o(.constdata)
    .constdata                               0x08009830   Section      152  atan.o(.constdata)
    atanhi                                   0x08009830   Data          32  atan.o(.constdata)
    atanlo                                   0x08009850   Data          32  atan.o(.constdata)
    aTodd                                    0x08009870   Data          40  atan.o(.constdata)
    aTeven                                   0x08009898   Data          48  atan.o(.constdata)
    .constdata                               0x080098c8   Section        8  qnan.o(.constdata)
    .conststring                             0x080098d0   Section       77  inv_mpu.o(.conststring)
    .data                                    0x20000000   Section        8  adc.o(.data)
    .data                                    0x20000008   Section        4  adc.o(.data)
    .data                                    0x2000000c   Section       18  usart.o(.data)
    .data                                    0x20000020   Section       12  stm32f4xx_hal.o(.data)
    .data                                    0x2000002c   Section        4  system_stm32f4xx.o(.data)
    .data                                    0x20000030   Section       12  key.o(.data)
    key_up                                   0x20000030   Data           1  key.o(.data)
    .data                                    0x2000003c   Section       16  timer.o(.data)
    .data                                    0x2000004c   Section       32  pid.o(.data)
    .data                                    0x2000006c   Section       53  inv_mpu.o(.data)
    st                                       0x2000006c   Data          44  inv_mpu.o(.data)
    gyro_orientation                         0x20000098   Data           9  inv_mpu.o(.data)
    .data                                    0x200000a4   Section        4  mpu6050.o(.data)
    .data                                    0x200000a8   Section        4  mpu6050.o(.data)
    .data                                    0x200000ac   Section        4  mpu6050.o(.data)
    .data                                    0x200000b0   Section        4  stdout.o(.data)
    .data                                    0x200000b4   Section        4  errno.o(.data)
    _errno                                   0x200000b4   Data           4  errno.o(.data)
    .bss                                     0x200000b8   Section       72  adc.o(.bss)
    .bss                                     0x20000100   Section       84  i2c.o(.bss)
    .bss                                     0x20000154   Section      432  tim.o(.bss)
    .bss                                     0x20000304   Section      408  usart.o(.bss)
    .bss                                     0x2000049c   Section      180  pid.o(.bss)
    .bss                                     0x20000550   Section     1024  oled.o(.bss)
    .bss                                     0x20000950   Section       16  inv_mpu_dmp_motion_driver.o(.bss)
    dmp                                      0x20000950   Data          16  inv_mpu_dmp_motion_driver.o(.bss)
    STACK                                    0x20000960   Section     1024  startup_stm32f407xx.o(STACK)

    Global Symbols

    Symbol Name                              Value     Ov Type        Size  Object(Section)

    BuildAttributes$$THM_ISAv4$E$P$D$K$B$S$7EM$VFPi3$EXTD16$VFPS$VFMA$PE$A:L22UL41UL21$X:L11$S22US41US21$IEEE1$IW$USESV6$~STKCKD$USESV7$~SHL$OTIME$ROPI$IEEEX$EBA8$MICROLIB$REQ8$PRES8$EABIv2 0x00000000   Number         0  anon$$obj.o ABSOLUTE
    __ARM_use_no_argv                        0x00000000   Number         0  main.o ABSOLUTE
    _printf_a                                0x00000000   Number         0  stubs.o ABSOLUTE
    _printf_c                                0x00000000   Number         0  stubs.o ABSOLUTE
    _printf_charcount                        0x00000000   Number         0  stubs.o ABSOLUTE
    _printf_d                                0x00000000   Number         0  stubs.o ABSOLUTE
    _printf_e                                0x00000000   Number         0  stubs.o ABSOLUTE
    _printf_f                                0x00000000   Number         0  stubs.o ABSOLUTE
    _printf_flags                            0x00000000   Number         0  stubs.o ABSOLUTE
    _printf_fp_dec                           0x00000000   Number         0  stubs.o ABSOLUTE
    _printf_fp_hex                           0x00000000   Number         0  stubs.o ABSOLUTE
    _printf_g                                0x00000000   Number         0  stubs.o ABSOLUTE
    _printf_i                                0x00000000   Number         0  stubs.o ABSOLUTE
    _printf_int_dec                          0x00000000   Number         0  stubs.o ABSOLUTE
    _printf_l                                0x00000000   Number         0  stubs.o ABSOLUTE
    _printf_lc                               0x00000000   Number         0  stubs.o ABSOLUTE
    _printf_ll                               0x00000000   Number         0  stubs.o ABSOLUTE
    _printf_lld                              0x00000000   Number         0  stubs.o ABSOLUTE
    _printf_lli                              0x00000000   Number         0  stubs.o ABSOLUTE
    _printf_llo                              0x00000000   Number         0  stubs.o ABSOLUTE
    _printf_llu                              0x00000000   Number         0  stubs.o ABSOLUTE
    _printf_llx                              0x00000000   Number         0  stubs.o ABSOLUTE
    _printf_longlong_dec                     0x00000000   Number         0  stubs.o ABSOLUTE
    _printf_longlong_hex                     0x00000000   Number         0  stubs.o ABSOLUTE
    _printf_longlong_oct                     0x00000000   Number         0  stubs.o ABSOLUTE
    _printf_ls                               0x00000000   Number         0  stubs.o ABSOLUTE
    _printf_mbtowc                           0x00000000   Number         0  stubs.o ABSOLUTE
    _printf_n                                0x00000000   Number         0  stubs.o ABSOLUTE
    _printf_o                                0x00000000   Number         0  stubs.o ABSOLUTE
    _printf_p                                0x00000000   Number         0  stubs.o ABSOLUTE
    _printf_percent                          0x00000000   Number         0  stubs.o ABSOLUTE
    _printf_pre_padding                      0x00000000   Number         0  stubs.o ABSOLUTE
    _printf_return_value                     0x00000000   Number         0  stubs.o ABSOLUTE
    _printf_s                                0x00000000   Number         0  stubs.o ABSOLUTE
    _printf_sizespec                         0x00000000   Number         0  stubs.o ABSOLUTE
    _printf_str                              0x00000000   Number         0  stubs.o ABSOLUTE
    _printf_truncate_signed                  0x00000000   Number         0  stubs.o ABSOLUTE
    _printf_truncate_unsigned                0x00000000   Number         0  stubs.o ABSOLUTE
    _printf_u                                0x00000000   Number         0  stubs.o ABSOLUTE
    _printf_wc                               0x00000000   Number         0  stubs.o ABSOLUTE
    _printf_wctomb                           0x00000000   Number         0  stubs.o ABSOLUTE
    _printf_widthprec                        0x00000000   Number         0  stubs.o ABSOLUTE
    _printf_x                                0x00000000   Number         0  stubs.o ABSOLUTE
    __arm_fini_                               - Undefined Weak Reference
    __cpp_initialize__aeabi_                  - Undefined Weak Reference
    __cxa_finalize                            - Undefined Weak Reference
    __decompress                              - Undefined Weak Reference
    _clock_init                               - Undefined Weak Reference
    _microlib_exit                            - Undefined Weak Reference
    __Vectors_Size                           0x00000188   Number         0  startup_stm32f407xx.o ABSOLUTE
    __Vectors                                0x08000000   Data           4  startup_stm32f407xx.o(RESET)
    __Vectors_End                            0x08000188   Data           0  startup_stm32f407xx.o(RESET)
    __main                                   0x08000189   Thumb Code     0  entry.o(.ARM.Collect$$$$00000000)
    _main_stk                                0x08000189   Thumb Code     0  entry2.o(.ARM.Collect$$$$00000001)
    _main_scatterload                        0x0800018d   Thumb Code     0  entry5.o(.ARM.Collect$$$$00000004)
    __main_after_scatterload                 0x08000191   Thumb Code     0  entry5.o(.ARM.Collect$$$$00000004)
    _main_clock                              0x08000191   Thumb Code     0  entry7b.o(.ARM.Collect$$$$00000008)
    _main_cpp_init                           0x08000191   Thumb Code     0  entry8b.o(.ARM.Collect$$$$0000000A)
    _main_init                               0x08000191   Thumb Code     0  entry9a.o(.ARM.Collect$$$$0000000B)
    __rt_lib_shutdown_fini                   0x08000199   Thumb Code     0  entry12b.o(.ARM.Collect$$$$0000000E)
    __rt_final_cpp                           0x0800019d   Thumb Code     0  entry10a.o(.ARM.Collect$$$$0000000F)
    __rt_final_exit                          0x0800019d   Thumb Code     0  entry11a.o(.ARM.Collect$$$$00000011)
    Reset_Handler                            0x080001a1   Thumb Code     8  startup_stm32f407xx.o(.text)
    ADC_IRQHandler                           0x080001bb   Thumb Code     0  startup_stm32f407xx.o(.text)
    CAN1_RX0_IRQHandler                      0x080001bb   Thumb Code     0  startup_stm32f407xx.o(.text)
    CAN1_RX1_IRQHandler                      0x080001bb   Thumb Code     0  startup_stm32f407xx.o(.text)
    CAN1_SCE_IRQHandler                      0x080001bb   Thumb Code     0  startup_stm32f407xx.o(.text)
    CAN1_TX_IRQHandler                       0x080001bb   Thumb Code     0  startup_stm32f407xx.o(.text)
    CAN2_RX0_IRQHandler                      0x080001bb   Thumb Code     0  startup_stm32f407xx.o(.text)
    CAN2_RX1_IRQHandler                      0x080001bb   Thumb Code     0  startup_stm32f407xx.o(.text)
    CAN2_SCE_IRQHandler                      0x080001bb   Thumb Code     0  startup_stm32f407xx.o(.text)
    CAN2_TX_IRQHandler                       0x080001bb   Thumb Code     0  startup_stm32f407xx.o(.text)
    DCMI_IRQHandler                          0x080001bb   Thumb Code     0  startup_stm32f407xx.o(.text)
    DMA1_Stream0_IRQHandler                  0x080001bb   Thumb Code     0  startup_stm32f407xx.o(.text)
    DMA1_Stream1_IRQHandler                  0x080001bb   Thumb Code     0  startup_stm32f407xx.o(.text)
    DMA1_Stream2_IRQHandler                  0x080001bb   Thumb Code     0  startup_stm32f407xx.o(.text)
    DMA1_Stream3_IRQHandler                  0x080001bb   Thumb Code     0  startup_stm32f407xx.o(.text)
    DMA1_Stream4_IRQHandler                  0x080001bb   Thumb Code     0  startup_stm32f407xx.o(.text)
    DMA1_Stream5_IRQHandler                  0x080001bb   Thumb Code     0  startup_stm32f407xx.o(.text)
    DMA1_Stream6_IRQHandler                  0x080001bb   Thumb Code     0  startup_stm32f407xx.o(.text)
    DMA1_Stream7_IRQHandler                  0x080001bb   Thumb Code     0  startup_stm32f407xx.o(.text)
    DMA2_Stream0_IRQHandler                  0x080001bb   Thumb Code     0  startup_stm32f407xx.o(.text)
    DMA2_Stream1_IRQHandler                  0x080001bb   Thumb Code     0  startup_stm32f407xx.o(.text)
    DMA2_Stream3_IRQHandler                  0x080001bb   Thumb Code     0  startup_stm32f407xx.o(.text)
    DMA2_Stream4_IRQHandler                  0x080001bb   Thumb Code     0  startup_stm32f407xx.o(.text)
    DMA2_Stream5_IRQHandler                  0x080001bb   Thumb Code     0  startup_stm32f407xx.o(.text)
    DMA2_Stream6_IRQHandler                  0x080001bb   Thumb Code     0  startup_stm32f407xx.o(.text)
    ETH_IRQHandler                           0x080001bb   Thumb Code     0  startup_stm32f407xx.o(.text)
    ETH_WKUP_IRQHandler                      0x080001bb   Thumb Code     0  startup_stm32f407xx.o(.text)
    EXTI0_IRQHandler                         0x080001bb   Thumb Code     0  startup_stm32f407xx.o(.text)
    EXTI15_10_IRQHandler                     0x080001bb   Thumb Code     0  startup_stm32f407xx.o(.text)
    EXTI1_IRQHandler                         0x080001bb   Thumb Code     0  startup_stm32f407xx.o(.text)
    EXTI2_IRQHandler                         0x080001bb   Thumb Code     0  startup_stm32f407xx.o(.text)
    EXTI3_IRQHandler                         0x080001bb   Thumb Code     0  startup_stm32f407xx.o(.text)
    EXTI4_IRQHandler                         0x080001bb   Thumb Code     0  startup_stm32f407xx.o(.text)
    EXTI9_5_IRQHandler                       0x080001bb   Thumb Code     0  startup_stm32f407xx.o(.text)
    FLASH_IRQHandler                         0x080001bb   Thumb Code     0  startup_stm32f407xx.o(.text)
    FMC_IRQHandler                           0x080001bb   Thumb Code     0  startup_stm32f407xx.o(.text)
    FPU_IRQHandler                           0x080001bb   Thumb Code     0  startup_stm32f407xx.o(.text)
    HASH_RNG_IRQHandler                      0x080001bb   Thumb Code     0  startup_stm32f407xx.o(.text)
    I2C1_ER_IRQHandler                       0x080001bb   Thumb Code     0  startup_stm32f407xx.o(.text)
    I2C1_EV_IRQHandler                       0x080001bb   Thumb Code     0  startup_stm32f407xx.o(.text)
    I2C2_ER_IRQHandler                       0x080001bb   Thumb Code     0  startup_stm32f407xx.o(.text)
    I2C2_EV_IRQHandler                       0x080001bb   Thumb Code     0  startup_stm32f407xx.o(.text)
    I2C3_ER_IRQHandler                       0x080001bb   Thumb Code     0  startup_stm32f407xx.o(.text)
    I2C3_EV_IRQHandler                       0x080001bb   Thumb Code     0  startup_stm32f407xx.o(.text)
    OTG_FS_IRQHandler                        0x080001bb   Thumb Code     0  startup_stm32f407xx.o(.text)
    OTG_FS_WKUP_IRQHandler                   0x080001bb   Thumb Code     0  startup_stm32f407xx.o(.text)
    OTG_HS_EP1_IN_IRQHandler                 0x080001bb   Thumb Code     0  startup_stm32f407xx.o(.text)
    OTG_HS_EP1_OUT_IRQHandler                0x080001bb   Thumb Code     0  startup_stm32f407xx.o(.text)
    OTG_HS_IRQHandler                        0x080001bb   Thumb Code     0  startup_stm32f407xx.o(.text)
    OTG_HS_WKUP_IRQHandler                   0x080001bb   Thumb Code     0  startup_stm32f407xx.o(.text)
    PVD_IRQHandler                           0x080001bb   Thumb Code     0  startup_stm32f407xx.o(.text)
    RCC_IRQHandler                           0x080001bb   Thumb Code     0  startup_stm32f407xx.o(.text)
    RTC_Alarm_IRQHandler                     0x080001bb   Thumb Code     0  startup_stm32f407xx.o(.text)
    RTC_WKUP_IRQHandler                      0x080001bb   Thumb Code     0  startup_stm32f407xx.o(.text)
    SDIO_IRQHandler                          0x080001bb   Thumb Code     0  startup_stm32f407xx.o(.text)
    SPI1_IRQHandler                          0x080001bb   Thumb Code     0  startup_stm32f407xx.o(.text)
    SPI2_IRQHandler                          0x080001bb   Thumb Code     0  startup_stm32f407xx.o(.text)
    SPI3_IRQHandler                          0x080001bb   Thumb Code     0  startup_stm32f407xx.o(.text)
    TAMP_STAMP_IRQHandler                    0x080001bb   Thumb Code     0  startup_stm32f407xx.o(.text)
    TIM1_BRK_TIM9_IRQHandler                 0x080001bb   Thumb Code     0  startup_stm32f407xx.o(.text)
    TIM1_CC_IRQHandler                       0x080001bb   Thumb Code     0  startup_stm32f407xx.o(.text)
    TIM1_TRG_COM_TIM11_IRQHandler            0x080001bb   Thumb Code     0  startup_stm32f407xx.o(.text)
    TIM1_UP_TIM10_IRQHandler                 0x080001bb   Thumb Code     0  startup_stm32f407xx.o(.text)
    TIM2_IRQHandler                          0x080001bb   Thumb Code     0  startup_stm32f407xx.o(.text)
    TIM3_IRQHandler                          0x080001bb   Thumb Code     0  startup_stm32f407xx.o(.text)
    TIM4_IRQHandler                          0x080001bb   Thumb Code     0  startup_stm32f407xx.o(.text)
    TIM5_IRQHandler                          0x080001bb   Thumb Code     0  startup_stm32f407xx.o(.text)
    TIM8_BRK_TIM12_IRQHandler                0x080001bb   Thumb Code     0  startup_stm32f407xx.o(.text)
    TIM8_CC_IRQHandler                       0x080001bb   Thumb Code     0  startup_stm32f407xx.o(.text)
    TIM8_TRG_COM_TIM14_IRQHandler            0x080001bb   Thumb Code     0  startup_stm32f407xx.o(.text)
    TIM8_UP_TIM13_IRQHandler                 0x080001bb   Thumb Code     0  startup_stm32f407xx.o(.text)
    UART4_IRQHandler                         0x080001bb   Thumb Code     0  startup_stm32f407xx.o(.text)
    UART5_IRQHandler                         0x080001bb   Thumb Code     0  startup_stm32f407xx.o(.text)
    USART6_IRQHandler                        0x080001bb   Thumb Code     0  startup_stm32f407xx.o(.text)
    WWDG_IRQHandler                          0x080001bb   Thumb Code     0  startup_stm32f407xx.o(.text)
    __aeabi_uldivmod                         0x080001c5   Thumb Code    98  uldiv.o(.text)
    __aeabi_ldivmod                          0x08000227   Thumb Code    98  ldiv.o(.text)
    __aeabi_memset                           0x08000289   Thumb Code    14  memseta.o(.text)
    __aeabi_memset4                          0x08000289   Thumb Code     0  memseta.o(.text)
    __aeabi_memset8                          0x08000289   Thumb Code     0  memseta.o(.text)
    __aeabi_memclr                           0x08000297   Thumb Code     4  memseta.o(.text)
    __aeabi_memclr4                          0x08000297   Thumb Code     0  memseta.o(.text)
    __aeabi_memclr8                          0x08000297   Thumb Code     0  memseta.o(.text)
    _memset$wrapper                          0x0800029b   Thumb Code    18  memseta.o(.text)
    memcmp                                   0x080002ad   Thumb Code    26  memcmp.o(.text)
    __aeabi_dadd                             0x080002c7   Thumb Code   322  dadd.o(.text)
    __aeabi_dsub                             0x08000409   Thumb Code     6  dadd.o(.text)
    __aeabi_drsub                            0x0800040f   Thumb Code     6  dadd.o(.text)
    __aeabi_dmul                             0x08000415   Thumb Code   228  dmul.o(.text)
    __aeabi_ddiv                             0x080004f9   Thumb Code   222  ddiv.o(.text)
    __aeabi_ui2d                             0x080005d7   Thumb Code    26  dfltui.o(.text)
    __aeabi_f2d                              0x080005f1   Thumb Code    38  f2d.o(.text)
    __aeabi_d2f                              0x08000617   Thumb Code    56  d2f.o(.text)
    __aeabi_uidiv                            0x0800064f   Thumb Code     0  uidiv.o(.text)
    __aeabi_uidivmod                         0x0800064f   Thumb Code    44  uidiv.o(.text)
    __aeabi_llsl                             0x0800067b   Thumb Code    30  llshl.o(.text)
    _ll_shift_l                              0x0800067b   Thumb Code     0  llshl.o(.text)
    __aeabi_llsr                             0x08000699   Thumb Code    32  llushr.o(.text)
    _ll_ushift_r                             0x08000699   Thumb Code     0  llushr.o(.text)
    __aeabi_lasr                             0x080006b9   Thumb Code    36  llsshr.o(.text)
    _ll_sshift_r                             0x080006b9   Thumb Code     0  llsshr.o(.text)
    __I$use$fp                               0x080006dd   Thumb Code     0  iusefp.o(.text)
    _float_round                             0x080006dd   Thumb Code    18  fepilogue.o(.text)
    _float_epilogue                          0x080006ef   Thumb Code    92  fepilogue.o(.text)
    _double_round                            0x0800074b   Thumb Code    30  depilogue.o(.text)
    _double_epilogue                         0x08000769   Thumb Code   156  depilogue.o(.text)
    __aeabi_d2ulz                            0x08000805   Thumb Code    48  dfixul.o(.text)
    __aeabi_cdcmpeq                          0x08000835   Thumb Code     0  cdcmple.o(.text)
    __aeabi_cdcmple                          0x08000835   Thumb Code    48  cdcmple.o(.text)
    __aeabi_cdrcmple                         0x08000865   Thumb Code    48  cdrcmple.o(.text)
    __scatterload                            0x08000895   Thumb Code    28  init.o(.text)
    __scatterload_rt2                        0x08000895   Thumb Code     0  init.o(.text)
    _dsqrt                                   0x080008b9   Thumb Code   162  dsqrt.o(.text)
    BusFault_Handler                         0x08000a85   Thumb Code     2  stm32f4xx_it.o(i.BusFault_Handler)
    DMA2_Stream2_IRQHandler                  0x08000a89   Thumb Code     6  stm32f4xx_it.o(i.DMA2_Stream2_IRQHandler)
    DMA2_Stream7_IRQHandler                  0x08000a95   Thumb Code     6  stm32f4xx_it.o(i.DMA2_Stream7_IRQHandler)
    DMP_Read_Len                             0x08000b1d   Thumb Code    34  mpu6050.o(i.DMP_Read_Len)
    DMP_Write_Len                            0x08000b45   Thumb Code    34  mpu6050.o(i.DMP_Write_Len)
    DebugMon_Handler                         0x08000b6d   Thumb Code     2  stm32f4xx_it.o(i.DebugMon_Handler)
    Error_Handler                            0x08000b6f   Thumb Code     4  main.o(i.Error_Handler)
    GPIO_Init                                0x08000b73   Thumb Code     4  led.o(i.GPIO_Init)
    HAL_ADC_ConfigChannel                    0x08000b79   Thumb Code   316  stm32f4xx_hal_adc.o(i.HAL_ADC_ConfigChannel)
    HAL_ADC_GetValue                         0x08000cc5   Thumb Code     6  stm32f4xx_hal_adc.o(i.HAL_ADC_GetValue)
    HAL_ADC_Init                             0x08000ccb   Thumb Code    84  stm32f4xx_hal_adc.o(i.HAL_ADC_Init)
    HAL_ADC_MspInit                          0x08000d21   Thumb Code    84  adc.o(i.HAL_ADC_MspInit)
    HAL_ADC_PollForConversion                0x08000d81   Thumb Code   170  stm32f4xx_hal_adc.o(i.HAL_ADC_PollForConversion)
    HAL_ADC_Start                            0x08000e2d   Thumb Code   228  stm32f4xx_hal_adc.o(i.HAL_ADC_Start)
    HAL_DMA_Abort                            0x08000f29   Thumb Code   146  stm32f4xx_hal_dma.o(i.HAL_DMA_Abort)
    HAL_DMA_Abort_IT                         0x08000fbb   Thumb Code    36  stm32f4xx_hal_dma.o(i.HAL_DMA_Abort_IT)
    HAL_DMA_IRQHandler                       0x08000fe1   Thumb Code   412  stm32f4xx_hal_dma.o(i.HAL_DMA_IRQHandler)
    HAL_DMA_Init                             0x08001181   Thumb Code   206  stm32f4xx_hal_dma.o(i.HAL_DMA_Init)
    HAL_Delay                                0x08001255   Thumb Code    32  stm32f4xx_hal.o(i.HAL_Delay)
    HAL_GPIO_Init                            0x08001279   Thumb Code   450  stm32f4xx_hal_gpio.o(i.HAL_GPIO_Init)
    HAL_GPIO_ReadPin                         0x08001469   Thumb Code    10  stm32f4xx_hal_gpio.o(i.HAL_GPIO_ReadPin)
    HAL_GPIO_TogglePin                       0x08001473   Thumb Code    16  stm32f4xx_hal_gpio.o(i.HAL_GPIO_TogglePin)
    HAL_GPIO_WritePin                        0x08001483   Thumb Code    10  stm32f4xx_hal_gpio.o(i.HAL_GPIO_WritePin)
    HAL_GetTick                              0x0800148d   Thumb Code     6  stm32f4xx_hal.o(i.HAL_GetTick)
    HAL_I2C_Init                             0x08001499   Thumb Code   376  stm32f4xx_hal_i2c.o(i.HAL_I2C_Init)
    HAL_I2C_Mem_Read                         0x08001621   Thumb Code   502  stm32f4xx_hal_i2c.o(i.HAL_I2C_Mem_Read)
    HAL_I2C_Mem_Write                        0x08001825   Thumb Code   294  stm32f4xx_hal_i2c.o(i.HAL_I2C_Mem_Write)
    HAL_I2C_MspInit                          0x08001955   Thumb Code   110  i2c.o(i.HAL_I2C_MspInit)
    HAL_IncTick                              0x080019d1   Thumb Code    12  stm32f4xx_hal.o(i.HAL_IncTick)
    HAL_Init                                 0x080019e1   Thumb Code    48  stm32f4xx_hal.o(i.HAL_Init)
    HAL_InitTick                             0x08001a15   Thumb Code    54  stm32f4xx_hal.o(i.HAL_InitTick)
    HAL_MspInit                              0x08001a55   Thumb Code    42  stm32f4xx_hal_msp.o(i.HAL_MspInit)
    HAL_NVIC_EnableIRQ                       0x08001a85   Thumb Code    26  stm32f4xx_hal_cortex.o(i.HAL_NVIC_EnableIRQ)
    HAL_NVIC_SetPriority                     0x08001aa1   Thumb Code    60  stm32f4xx_hal_cortex.o(i.HAL_NVIC_SetPriority)
    HAL_NVIC_SetPriorityGrouping             0x08001ae1   Thumb Code    26  stm32f4xx_hal_cortex.o(i.HAL_NVIC_SetPriorityGrouping)
    HAL_RCC_ClockConfig                      0x08001b05   Thumb Code   288  stm32f4xx_hal_rcc.o(i.HAL_RCC_ClockConfig)
    HAL_RCC_GetPCLK1Freq                     0x08001c39   Thumb Code    20  stm32f4xx_hal_rcc.o(i.HAL_RCC_GetPCLK1Freq)
    HAL_RCC_GetPCLK2Freq                     0x08001c59   Thumb Code    20  stm32f4xx_hal_rcc.o(i.HAL_RCC_GetPCLK2Freq)
    HAL_RCC_GetSysClockFreq                  0x08001c79   Thumb Code    88  stm32f4xx_hal_rcc.o(i.HAL_RCC_GetSysClockFreq)
    HAL_RCC_OscConfig                        0x08001cdd   Thumb Code   856  stm32f4xx_hal_rcc.o(i.HAL_RCC_OscConfig)
    HAL_SYSTICK_Config                       0x08002049   Thumb Code    40  stm32f4xx_hal_cortex.o(i.HAL_SYSTICK_Config)
    HAL_TIMEx_BreakCallback                  0x08002071   Thumb Code     2  stm32f4xx_hal_tim_ex.o(i.HAL_TIMEx_BreakCallback)
    HAL_TIMEx_CommutCallback                 0x08002073   Thumb Code     2  stm32f4xx_hal_tim_ex.o(i.HAL_TIMEx_CommutCallback)
    HAL_TIMEx_ConfigBreakDeadTime            0x08002075   Thumb Code    84  stm32f4xx_hal_tim_ex.o(i.HAL_TIMEx_ConfigBreakDeadTime)
    HAL_TIMEx_MasterConfigSynchronization    0x080020c9   Thumb Code   116  stm32f4xx_hal_tim_ex.o(i.HAL_TIMEx_MasterConfigSynchronization)
    HAL_TIM_Base_Init                        0x08002159   Thumb Code    90  stm32f4xx_hal_tim.o(i.HAL_TIM_Base_Init)
    HAL_TIM_Base_MspInit                     0x080021b5   Thumb Code   134  tim.o(i.HAL_TIM_Base_MspInit)
    HAL_TIM_Base_Start_IT                    0x08002251   Thumb Code   100  stm32f4xx_hal_tim.o(i.HAL_TIM_Base_Start_IT)
    HAL_TIM_ConfigClockSource                0x080022d1   Thumb Code   220  stm32f4xx_hal_tim.o(i.HAL_TIM_ConfigClockSource)
    HAL_TIM_Encoder_Init                     0x080023ad   Thumb Code   164  stm32f4xx_hal_tim.o(i.HAL_TIM_Encoder_Init)
    HAL_TIM_Encoder_MspInit                  0x08002451   Thumb Code   140  tim.o(i.HAL_TIM_Encoder_MspInit)
    HAL_TIM_Encoder_Start                    0x080024f1   Thumb Code   142  stm32f4xx_hal_tim.o(i.HAL_TIM_Encoder_Start)
    HAL_TIM_IC_CaptureCallback               0x0800257f   Thumb Code     2  stm32f4xx_hal_tim.o(i.HAL_TIM_IC_CaptureCallback)
    HAL_TIM_IRQHandler                       0x08002581   Thumb Code   304  stm32f4xx_hal_tim.o(i.HAL_TIM_IRQHandler)
    HAL_TIM_MspPostInit                      0x080026b1   Thumb Code   116  tim.o(i.HAL_TIM_MspPostInit)
    HAL_TIM_OC_DelayElapsedCallback          0x08002739   Thumb Code     2  stm32f4xx_hal_tim.o(i.HAL_TIM_OC_DelayElapsedCallback)
    HAL_TIM_PWM_ConfigChannel                0x0800273b   Thumb Code   204  stm32f4xx_hal_tim.o(i.HAL_TIM_PWM_ConfigChannel)
    HAL_TIM_PWM_Init                         0x08002807   Thumb Code    90  stm32f4xx_hal_tim.o(i.HAL_TIM_PWM_Init)
    HAL_TIM_PWM_MspInit                      0x08002861   Thumb Code     2  stm32f4xx_hal_tim.o(i.HAL_TIM_PWM_MspInit)
    HAL_TIM_PWM_PulseFinishedCallback        0x08002863   Thumb Code     2  stm32f4xx_hal_tim.o(i.HAL_TIM_PWM_PulseFinishedCallback)
    HAL_TIM_PWM_Start                        0x08002865   Thumb Code   172  stm32f4xx_hal_tim.o(i.HAL_TIM_PWM_Start)
    HAL_TIM_PeriodElapsedCallback            0x0800292d   Thumb Code   242  timer.o(i.HAL_TIM_PeriodElapsedCallback)
    HAL_TIM_TriggerCallback                  0x08002a71   Thumb Code     2  stm32f4xx_hal_tim.o(i.HAL_TIM_TriggerCallback)
    HAL_UARTEx_RxEventCallback               0x08002a73   Thumb Code     2  stm32f4xx_hal_uart.o(i.HAL_UARTEx_RxEventCallback)
    HAL_UART_ErrorCallback                   0x08002a75   Thumb Code     2  stm32f4xx_hal_uart.o(i.HAL_UART_ErrorCallback)
    HAL_UART_IRQHandler                      0x08002a79   Thumb Code   618  stm32f4xx_hal_uart.o(i.HAL_UART_IRQHandler)
    HAL_UART_Init                            0x08002ce9   Thumb Code   100  stm32f4xx_hal_uart.o(i.HAL_UART_Init)
    HAL_UART_MspInit                         0x08002d4d   Thumb Code   360  usart.o(i.HAL_UART_MspInit)
    HAL_UART_Receive_IT                      0x08002ed5   Thumb Code    28  stm32f4xx_hal_uart.o(i.HAL_UART_Receive_IT)
    HAL_UART_RxCpltCallback                  0x08002ef1   Thumb Code   136  usart.o(i.HAL_UART_RxCpltCallback)
    HAL_UART_Transmit_IT                     0x08002f95   Thumb Code    50  stm32f4xx_hal_uart.o(i.HAL_UART_Transmit_IT)
    HAL_UART_TxCpltCallback                  0x08002fc7   Thumb Code     2  stm32f4xx_hal_uart.o(i.HAL_UART_TxCpltCallback)
    HardFault_Handler                        0x08002fc9   Thumb Code     2  stm32f4xx_it.o(i.HardFault_Handler)
    Key_Control                              0x08003409   Thumb Code   132  key.o(i.Key_Control)
    LED_Init                                 0x08003499   Thumb Code    38  led.o(i.LED_Init)
    MPU_Init                                 0x080034c9   Thumb Code   114  mpu6050.o(i.MPU_Init)
    MPU_Read_Byte                            0x0800353d   Thumb Code    46  mpu6050.o(i.MPU_Read_Byte)
    MPU_Set_Accel_Fsr                        0x08003571   Thumb Code    10  mpu6050.o(i.MPU_Set_Accel_Fsr)
    MPU_Set_Gyro_Fsr                         0x0800357b   Thumb Code    10  mpu6050.o(i.MPU_Set_Gyro_Fsr)
    MPU_Set_LPF                              0x08003585   Thumb Code    48  mpu6050.o(i.MPU_Set_LPF)
    MPU_Set_Rate                             0x080035b5   Thumb Code    46  mpu6050.o(i.MPU_Set_Rate)
    MPU_Write_Byte                           0x080035e5   Thumb Code    42  mpu6050.o(i.MPU_Write_Byte)
    MX_ADC1_Init                             0x08003615   Thumb Code    88  adc.o(i.MX_ADC1_Init)
    MX_DMA_Init                              0x08003679   Thumb Code    56  dma.o(i.MX_DMA_Init)
    MX_GPIO_Init                             0x080036b5   Thumb Code   236  gpio.o(i.MX_GPIO_Init)
    MX_I2C1_Init                             0x080037b1   Thumb Code    50  i2c.o(i.MX_I2C1_Init)
    MX_TIM1_Init                             0x080037f1   Thumb Code   210  tim.o(i.MX_TIM1_Init)
    MX_TIM4_Init                             0x080038cd   Thumb Code    98  tim.o(i.MX_TIM4_Init)
    MX_TIM5_Init                             0x08003939   Thumb Code    98  tim.o(i.MX_TIM5_Init)
    MX_TIM6_Init                             0x080039a5   Thumb Code    62  tim.o(i.MX_TIM6_Init)
    MX_TIM7_Init                             0x080039ed   Thumb Code    62  tim.o(i.MX_TIM7_Init)
    MX_TIM8_Init                             0x08003a35   Thumb Code   240  tim.o(i.MX_TIM8_Init)
    MX_USART1_UART_Init                      0x08003b2d   Thumb Code    48  usart.o(i.MX_USART1_UART_Init)
    MX_USART2_UART_Init                      0x08003b65   Thumb Code    48  usart.o(i.MX_USART2_UART_Init)
    MX_USART3_UART_Init                      0x08003b9d   Thumb Code    48  usart.o(i.MX_USART3_UART_Init)
    MemManage_Handler                        0x08003bd5   Thumb Code     2  stm32f4xx_it.o(i.MemManage_Handler)
    Motor_ClosedLoop_Step                    0x08003bd9   Thumb Code    80  pid.o(i.Motor_ClosedLoop_Step)
    Motor_Control_ClosedLoop                 0x08003c39   Thumb Code   436  pid.o(i.Motor_Control_ClosedLoop)
    NMI_Handler                              0x08003e09   Thumb Code     2  stm32f4xx_it.o(i.NMI_Handler)
    OLED_Clear                               0x08003e0d   Thumb Code    40  oled.o(i.OLED_Clear)
    OLED_DrawPoint                           0x08003e39   Thumb Code    54  oled.o(i.OLED_DrawPoint)
    OLED_Init                                0x08003e75   Thumb Code   334  oled.o(i.OLED_Init)
    OLED_Refresh_Gram                        0x08003fcd   Thumb Code    70  oled.o(i.OLED_Refresh_Gram)
    OLED_Show                                0x08004019   Thumb Code    76  oled.o(i.OLED_Show)
    OLED_ShowChar                            0x08004089   Thumb Code   134  oled.o(i.OLED_ShowChar)
    OLED_ShowNumber                          0x08004119   Thumb Code   120  oled.o(i.OLED_ShowNumber)
    OLED_ShowString                          0x08004191   Thumb Code    62  oled.o(i.OLED_ShowString)
    OLED_WR_Byte                             0x080041d1   Thumb Code   102  oled.o(i.OLED_WR_Byte)
    PID_param_init                           0x0800423d   Thumb Code   194  pid.o(i.PID_param_init)
    PWMC_Set                                 0x0800431d   Thumb Code    60  tb6612.o(i.PWMC_Set)
    PWMD_Set                                 0x08004361   Thumb Code    62  tb6612.o(i.PWMD_Set)
    PendSV_Handler                           0x080043a9   Thumb Code     2  stm32f4xx_it.o(i.PendSV_Handler)
    PosionPID_realize                        0x080043ab   Thumb Code    66  pid.o(i.PosionPID_realize)
    Reading                                  0x080043ed   Thumb Code    22  timer.o(i.Reading)
    SVC_Handler                              0x0800440d   Thumb Code     2  stm32f4xx_it.o(i.SVC_Handler)
    Speed_Angle_ClosedLoop                   0x08004411   Thumb Code   172  pid.o(i.Speed_Angle_ClosedLoop)
    StartAndGetOneResult                     0x080044d1   Thumb Code    58  adc.o(i.StartAndGetOneResult)
    SysTick_Handler                          0x08004519   Thumb Code     4  stm32f4xx_it.o(i.SysTick_Handler)
    SystemClock_Config                       0x0800451d   Thumb Code   140  main.o(i.SystemClock_Config)
    SystemInit                               0x080045b1   Thumb Code    12  system_stm32f4xx.o(i.SystemInit)
    TIM6_DAC_IRQHandler                      0x080045c1   Thumb Code     6  stm32f4xx_it.o(i.TIM6_DAC_IRQHandler)
    TIM7_IRQHandler                          0x080045cd   Thumb Code     6  stm32f4xx_it.o(i.TIM7_IRQHandler)
    TIM_Base_SetConfig                       0x080045d9   Thumb Code   170  stm32f4xx_hal_tim.o(i.TIM_Base_SetConfig)
    TIM_CCxChannelCmd                        0x080046b1   Thumb Code    26  stm32f4xx_hal_tim.o(i.TIM_CCxChannelCmd)
    TIM_ETR_SetConfig                        0x080046cb   Thumb Code    20  stm32f4xx_hal_tim.o(i.TIM_ETR_SetConfig)
    TIM_OC2_SetConfig                        0x08004751   Thumb Code    98  stm32f4xx_hal_tim.o(i.TIM_OC2_SetConfig)
    UART_Start_Receive_IT                    0x08004ae9   Thumb Code    54  stm32f4xx_hal_uart.o(i.UART_Start_Receive_IT)
    USART1_IRQHandler                        0x08004b21   Thumb Code     6  stm32f4xx_it.o(i.USART1_IRQHandler)
    USART2_IRQHandler                        0x08004b2d   Thumb Code     6  stm32f4xx_it.o(i.USART2_IRQHandler)
    USART3_IRQHandler                        0x08004b39   Thumb Code     6  stm32f4xx_it.o(i.USART3_IRQHandler)
    UsageFault_Handler                       0x08004b45   Thumb Code     2  stm32f4xx_it.o(i.UsageFault_Handler)
    Xianfu                                   0x08004b47   Thumb Code    16  tb6612.o(i.Xianfu)
    __0printf                                0x08004b59   Thumb Code    22  printfa.o(i.__0printf)
    __1printf                                0x08004b59   Thumb Code     0  printfa.o(i.__0printf)
    __2printf                                0x08004b59   Thumb Code     0  printfa.o(i.__0printf)
    __c89printf                              0x08004b59   Thumb Code     0  printfa.o(i.__0printf)
    printf                                   0x08004b59   Thumb Code     0  printfa.o(i.__0printf)
    __ARM_fpclassify                         0x08004b79   Thumb Code    48  fpclassify.o(i.__ARM_fpclassify)
    __hardfp_asin                            0x08004bc9   Thumb Code   770  asin.o(i.__hardfp_asin)
    __hardfp_atan                            0x08004f29   Thumb Code   622  atan.o(i.__hardfp_atan)
    __hardfp_atan2                           0x08005201   Thumb Code   448  atan2.o(i.__hardfp_atan2)
    __kernel_poly                            0x08005401   Thumb Code   248  poly.o(i.__kernel_poly)
    __mathlib_dbl_infnan                     0x080054f9   Thumb Code    20  dunder.o(i.__mathlib_dbl_infnan)
    __mathlib_dbl_infnan2                    0x0800550d   Thumb Code    20  dunder.o(i.__mathlib_dbl_infnan2)
    __mathlib_dbl_invalid                    0x08005521   Thumb Code    24  dunder.o(i.__mathlib_dbl_invalid)
    __mathlib_dbl_underflow                  0x08005541   Thumb Code    24  dunder.o(i.__mathlib_dbl_underflow)
    __scatterload_copy                       0x08005561   Thumb Code    14  handlers.o(i.__scatterload_copy)
    __scatterload_null                       0x0800556f   Thumb Code     2  handlers.o(i.__scatterload_null)
    __scatterload_zeroinit                   0x08005571   Thumb Code    14  handlers.o(i.__scatterload_zeroinit)
    __set_errno                              0x08005581   Thumb Code     6  errno.o(i.__set_errno)
    addPID_realize                           0x08005ea9   Thumb Code    86  pid.o(i.addPID_realize)
    atan                                     0x08005eff   Thumb Code    16  atan.o(i.atan)
    clear                                    0x08005f11   Thumb Code    54  pid.o(i.clear)
    dmp_enable_6x_lp_quat                    0x08005f59   Thumb Code    58  inv_mpu_dmp_motion_driver.o(i.dmp_enable_6x_lp_quat)
    dmp_enable_feature                       0x08005f95   Thumb Code   464  inv_mpu_dmp_motion_driver.o(i.dmp_enable_feature)
    dmp_enable_gyro_cal                      0x0800616d   Thumb Code    34  inv_mpu_dmp_motion_driver.o(i.dmp_enable_gyro_cal)
    dmp_enable_lp_quat                       0x080061a9   Thumb Code    58  inv_mpu_dmp_motion_driver.o(i.dmp_enable_lp_quat)
    dmp_load_motion_driver_firmware          0x080061e5   Thumb Code    16  inv_mpu_dmp_motion_driver.o(i.dmp_load_motion_driver_firmware)
    dmp_read_fifo                            0x080061f9   Thumb Code   356  inv_mpu_dmp_motion_driver.o(i.dmp_read_fifo)
    dmp_set_accel_bias                       0x08006361   Thumb Code   210  inv_mpu_dmp_motion_driver.o(i.dmp_set_accel_bias)
    dmp_set_fifo_rate                        0x08006439   Thumb Code    82  inv_mpu_dmp_motion_driver.o(i.dmp_set_fifo_rate)
    dmp_set_gyro_bias                        0x0800649d   Thumb Code   196  inv_mpu_dmp_motion_driver.o(i.dmp_set_gyro_bias)
    dmp_set_orientation                      0x08006569   Thumb Code   246  inv_mpu_dmp_motion_driver.o(i.dmp_set_orientation)
    dmp_set_shake_reject_thresh              0x08006675   Thumb Code    48  inv_mpu_dmp_motion_driver.o(i.dmp_set_shake_reject_thresh)
    dmp_set_shake_reject_time                0x080066a5   Thumb Code    32  inv_mpu_dmp_motion_driver.o(i.dmp_set_shake_reject_time)
    dmp_set_shake_reject_timeout             0x080066c5   Thumb Code    32  inv_mpu_dmp_motion_driver.o(i.dmp_set_shake_reject_timeout)
    dmp_set_tap_axes                         0x080066e5   Thumb Code    64  inv_mpu_dmp_motion_driver.o(i.dmp_set_tap_axes)
    dmp_set_tap_count                        0x08006725   Thumb Code    34  inv_mpu_dmp_motion_driver.o(i.dmp_set_tap_count)
    dmp_set_tap_thresh                       0x08006749   Thumb Code   314  inv_mpu_dmp_motion_driver.o(i.dmp_set_tap_thresh)
    dmp_set_tap_time                         0x080068a9   Thumb Code    32  inv_mpu_dmp_motion_driver.o(i.dmp_set_tap_time)
    dmp_set_tap_time_multi                   0x080068c9   Thumb Code    32  inv_mpu_dmp_motion_driver.o(i.dmp_set_tap_time_multi)
    fabs                                     0x080068e9   Thumb Code    24  fabs.o(i.fabs)
    fputc                                    0x08006901   Thumb Code    18  usart.o(i.fputc)
    inv_orientation_matrix_to_scalar         0x08006db5   Thumb Code    34  inv_mpu.o(i.inv_orientation_matrix_to_scalar)
    inv_row_2_scale                          0x08006dd7   Thumb Code    72  inv_mpu.o(i.inv_row_2_scale)
    key_scan                                 0x08006e21   Thumb Code   154  key.o(i.key_scan)
    main                                     0x08006ec5   Thumb Code   326  main.o(i.main)
    mget_ms                                  0x080070fd   Thumb Code     2  inv_mpu.o(i.mget_ms)
    mpu_configure_fifo                       0x08007101   Thumb Code    78  inv_mpu.o(i.mpu_configure_fifo)
    mpu_dmp_get_data                         0x08007155   Thumb Code   344  inv_mpu.o(i.mpu_dmp_get_data)
    mpu_dmp_init                             0x080072b9   Thumb Code   154  inv_mpu.o(i.mpu_dmp_init)
    mpu_get_accel_fsr                        0x08007359   Thumb Code    54  inv_mpu.o(i.mpu_get_accel_fsr)
    mpu_get_accel_sens                       0x08007395   Thumb Code    62  inv_mpu.o(i.mpu_get_accel_sens)
    mpu_get_gyro_fsr                         0x080073d9   Thumb Code    48  inv_mpu.o(i.mpu_get_gyro_fsr)
    mpu_get_gyro_sens                        0x0800740d   Thumb Code    54  inv_mpu.o(i.mpu_get_gyro_sens)
    mpu_get_lpf                              0x08007459   Thumb Code    52  inv_mpu.o(i.mpu_get_lpf)
    mpu_get_sample_rate                      0x08007491   Thumb Code    22  inv_mpu.o(i.mpu_get_sample_rate)
    mpu_init                                 0x080074ad   Thumb Code   310  inv_mpu.o(i.mpu_init)
    mpu_load_firmware                        0x08007635   Thumb Code   154  inv_mpu.o(i.mpu_load_firmware)
    mpu_lp_accel_mode                        0x080076d5   Thumb Code   178  inv_mpu.o(i.mpu_lp_accel_mode)
    mpu_read_fifo_stream                     0x0800778d   Thumb Code   140  inv_mpu.o(i.mpu_read_fifo_stream)
    mpu_read_mem                             0x0800781d   Thumb Code    80  inv_mpu.o(i.mpu_read_mem)
    mpu_reset_fifo                           0x08007871   Thumb Code   346  inv_mpu.o(i.mpu_reset_fifo)
    mpu_run_self_test                        0x080079d1   Thumb Code   234  inv_mpu.o(i.mpu_run_self_test)
    mpu_set_accel_fsr                        0x08007ac1   Thumb Code    98  inv_mpu.o(i.mpu_set_accel_fsr)
    mpu_set_bypass                           0x08007b29   Thumb Code   214  inv_mpu.o(i.mpu_set_bypass)
    mpu_set_dmp_state                        0x08007c05   Thumb Code   114  inv_mpu.o(i.mpu_set_dmp_state)
    mpu_set_gyro_fsr                         0x08007c7d   Thumb Code   104  inv_mpu.o(i.mpu_set_gyro_fsr)
    mpu_set_int_latched                      0x08007ce9   Thumb Code    94  inv_mpu.o(i.mpu_set_int_latched)
    mpu_set_lpf                              0x08007d4d   Thumb Code   102  inv_mpu.o(i.mpu_set_lpf)
    mpu_set_sample_rate                      0x08007db9   Thumb Code   124  inv_mpu.o(i.mpu_set_sample_rate)
    mpu_set_sensors                          0x08007e39   Thumb Code   178  inv_mpu.o(i.mpu_set_sensors)
    mpu_write_mem                            0x08007ef1   Thumb Code    80  inv_mpu.o(i.mpu_write_mem)
    myabs                                    0x08007f45   Thumb Code     8  tb6612.o(i.myabs)
    oled_pow                                 0x08007f4d   Thumb Code    16  oled.o(i.oled_pow)
    run_self_test                            0x08007f5d   Thumb Code   136  inv_mpu.o(i.run_self_test)
    speed_pid                                0x0800803d   Thumb Code    86  pid.o(i.speed_pid)
    sqrt                                     0x080080a5   Thumb Code   110  sqrt.o(i.sqrt)
    AHBPrescTable                            0x0800811a   Data          16  system_stm32f4xx.o(.constdata)
    APBPrescTable                            0x0800812a   Data           8  system_stm32f4xx.o(.constdata)
    oled_asc2_1206                           0x08008132   Data        1140  oled.o(.constdata)
    oled_asc2_1608                           0x080085a6   Data        1520  oled.o(.constdata)
    reg                                      0x08008b96   Data          27  inv_mpu.o(.constdata)
    hw                                       0x08008bb2   Data          12  inv_mpu.o(.constdata)
    test                                     0x08008bc0   Data          40  inv_mpu.o(.constdata)
    __mathlib_zero                           0x080098c8   Data           8  qnan.o(.constdata)
    Region$$Table$$Base                      0x08009920   Number         0  anon$$obj.o(Region$$Table)
    Region$$Table$$Limit                     0x08009940   Number         0  anon$$obj.o(Region$$Table)
    HalState                                 0x20000000   Data           1  adc.o(.data)
    ADC_ConvertedValue                       0x20000004   Data           4  adc.o(.data)
    ADC_Vol                                  0x20000008   Data           4  adc.o(.data)
    revbuf1                                  0x2000000c   Data           6  usart.o(.data)
    revbuf2                                  0x20000012   Data           6  usart.o(.data)
    revbuf3                                  0x20000018   Data           6  usart.o(.data)
    uwTickFreq                               0x20000020   Data           1  stm32f4xx_hal.o(.data)
    uwTickPrio                               0x20000024   Data           4  stm32f4xx_hal.o(.data)
    uwTick                                   0x20000028   Data           4  stm32f4xx_hal.o(.data)
    SystemCoreClock                          0x2000002c   Data           4  system_stm32f4xx.o(.data)
    KeyNum                                   0x20000034   Data           4  key.o(.data)
    keyflag                                  0x20000038   Data           4  key.o(.data)
    EncoderA                                 0x2000003c   Data           2  timer.o(.data)
    EncoderB                                 0x2000003e   Data           2  timer.o(.data)
    S_EncoderA                               0x20000040   Data           2  timer.o(.data)
    S_EncoderB                               0x20000042   Data           2  timer.o(.data)
    CNT1                                     0x20000044   Data           4  timer.o(.data)
    CNT2                                     0x20000048   Data           4  timer.o(.data)
    left_speed                               0x2000004c   Data           2  pid.o(.data)
    right_speed                              0x2000004e   Data           2  pid.o(.data)
    speedL                                   0x20000050   Data           2  pid.o(.data)
    speedR                                   0x20000052   Data           2  pid.o(.data)
    Speed_LMax                               0x20000054   Data           2  pid.o(.data)
    Speed_RMax                               0x20000056   Data           2  pid.o(.data)
    yaw_out                                  0x20000058   Data           4  pid.o(.data)
    yaw_speedL                               0x2000005c   Data           4  pid.o(.data)
    yaw_speedR                               0x20000060   Data           4  pid.o(.data)
    yawspd_set                               0x20000064   Data           4  pid.o(.data)
    Xans_speed                               0x20000068   Data           4  pid.o(.data)
    pitch                                    0x200000a4   Data           4  mpu6050.o(.data)
    roll                                     0x200000a8   Data           4  mpu6050.o(.data)
    yaw                                      0x200000ac   Data           4  mpu6050.o(.data)
    __stdout                                 0x200000b0   Data           4  stdout.o(.data)
    hadc1                                    0x200000b8   Data          72  adc.o(.bss)
    hi2c1                                    0x20000100   Data          84  i2c.o(.bss)
    htim1                                    0x20000154   Data          72  tim.o(.bss)
    htim4                                    0x2000019c   Data          72  tim.o(.bss)
    htim5                                    0x200001e4   Data          72  tim.o(.bss)
    htim6                                    0x2000022c   Data          72  tim.o(.bss)
    htim7                                    0x20000274   Data          72  tim.o(.bss)
    htim8                                    0x200002bc   Data          72  tim.o(.bss)
    huart1                                   0x20000304   Data          72  usart.o(.bss)
    huart2                                   0x2000034c   Data          72  usart.o(.bss)
    huart3                                   0x20000394   Data          72  usart.o(.bss)
    hdma_usart1_rx                           0x200003dc   Data          96  usart.o(.bss)
    hdma_usart1_tx                           0x2000043c   Data          96  usart.o(.bss)
    addPID                                   0x2000049c   Data          36  pid.o(.bss)
    add2PID                                  0x200004c0   Data          36  pid.o(.bss)
    PositionPID                              0x200004e4   Data          36  pid.o(.bss)
    Position2PID                             0x20000508   Data          36  pid.o(.bss)
    yawPID                                   0x2000052c   Data          36  pid.o(.bss)
    OLED_GRAM                                0x20000550   Data        1024  oled.o(.bss)
    __initial_sp                             0x20000d60   Data           0  startup_stm32f407xx.o(STACK)



==============================================================================

Memory Map of the image

  Image Entry point : 0x08000189

  Load Region LR_IROM1 (Base: 0x08000000, Size: 0x000099f8, Max: 0x00100000, ABSOLUTE)

    Execution Region ER_IROM1 (Exec base: 0x08000000, Load base: 0x08000000, Size: 0x00009940, Max: 0x00100000, ABSOLUTE)

    Exec Addr    Load Addr    Size         Type   Attr      Idx    E Section Name        Object

    0x08000000   0x08000000   0x00000188   Data   RO            3    RESET               startup_stm32f407xx.o
    0x08000188   0x08000188   0x00000000   Code   RO         5177  * .ARM.Collect$$$$00000000  mc_w.l(entry.o)
    0x08000188   0x08000188   0x00000004   Code   RO         5514    .ARM.Collect$$$$00000001  mc_w.l(entry2.o)
    0x0800018c   0x0800018c   0x00000004   Code   RO         5517    .ARM.Collect$$$$00000004  mc_w.l(entry5.o)
    0x08000190   0x08000190   0x00000000   Code   RO         5519    .ARM.Collect$$$$00000008  mc_w.l(entry7b.o)
    0x08000190   0x08000190   0x00000000   Code   RO         5521    .ARM.Collect$$$$0000000A  mc_w.l(entry8b.o)
    0x08000190   0x08000190   0x00000008   Code   RO         5522    .ARM.Collect$$$$0000000B  mc_w.l(entry9a.o)
    0x08000198   0x08000198   0x00000004   Code   RO         5529    .ARM.Collect$$$$0000000E  mc_w.l(entry12b.o)
    0x0800019c   0x0800019c   0x00000000   Code   RO         5524    .ARM.Collect$$$$0000000F  mc_w.l(entry10a.o)
    0x0800019c   0x0800019c   0x00000000   Code   RO         5526    .ARM.Collect$$$$00000011  mc_w.l(entry11a.o)
    0x0800019c   0x0800019c   0x00000004   Code   RO         5515    .ARM.Collect$$$$00002712  mc_w.l(entry2.o)
    0x080001a0   0x080001a0   0x00000024   Code   RO            4    .text               startup_stm32f407xx.o
    0x080001c4   0x080001c4   0x00000062   Code   RO         5180    .text               mc_w.l(uldiv.o)
    0x08000226   0x08000226   0x00000062   Code   RO         5182    .text               mc_w.l(ldiv.o)
    0x08000288   0x08000288   0x00000024   Code   RO         5184    .text               mc_w.l(memseta.o)
    0x080002ac   0x080002ac   0x0000001a   Code   RO         5186    .text               mc_w.l(memcmp.o)
    0x080002c6   0x080002c6   0x0000014e   Code   RO         5449    .text               mf_w.l(dadd.o)
    0x08000414   0x08000414   0x000000e4   Code   RO         5451    .text               mf_w.l(dmul.o)
    0x080004f8   0x080004f8   0x000000de   Code   RO         5453    .text               mf_w.l(ddiv.o)
    0x080005d6   0x080005d6   0x0000001a   Code   RO         5457    .text               mf_w.l(dfltui.o)
    0x080005f0   0x080005f0   0x00000026   Code   RO         5459    .text               mf_w.l(f2d.o)
    0x08000616   0x08000616   0x00000038   Code   RO         5461    .text               mf_w.l(d2f.o)
    0x0800064e   0x0800064e   0x0000002c   Code   RO         5531    .text               mc_w.l(uidiv.o)
    0x0800067a   0x0800067a   0x0000001e   Code   RO         5533    .text               mc_w.l(llshl.o)
    0x08000698   0x08000698   0x00000020   Code   RO         5535    .text               mc_w.l(llushr.o)
    0x080006b8   0x080006b8   0x00000024   Code   RO         5537    .text               mc_w.l(llsshr.o)
    0x080006dc   0x080006dc   0x00000000   Code   RO         5546    .text               mc_w.l(iusefp.o)
    0x080006dc   0x080006dc   0x0000006e   Code   RO         5547    .text               mf_w.l(fepilogue.o)
    0x0800074a   0x0800074a   0x000000ba   Code   RO         5549    .text               mf_w.l(depilogue.o)
    0x08000804   0x08000804   0x00000030   Code   RO         5553    .text               mf_w.l(dfixul.o)
    0x08000834   0x08000834   0x00000030   Code   RO         5555    .text               mf_w.l(cdcmple.o)
    0x08000864   0x08000864   0x00000030   Code   RO         5557    .text               mf_w.l(cdrcmple.o)
    0x08000894   0x08000894   0x00000024   Code   RO         5559    .text               mc_w.l(init.o)
    0x080008b8   0x080008b8   0x000000a2   Code   RO         5561    .text               mf_w.l(dsqrt.o)
    0x0800095a   0x0800095a   0x00000002   PAD
    0x0800095c   0x0800095c   0x00000128   Code   RO          852    i.ADC_Init          stm32f4xx_hal_adc.o
    0x08000a84   0x08000a84   0x00000002   Code   RO          707    i.BusFault_Handler  stm32f4xx_it.o
    0x08000a86   0x08000a86   0x00000002   PAD
    0x08000a88   0x08000a88   0x0000000c   Code   RO          708    i.DMA2_Stream2_IRQHandler  stm32f4xx_it.o
    0x08000a94   0x08000a94   0x0000000c   Code   RO          709    i.DMA2_Stream7_IRQHandler  stm32f4xx_it.o
    0x08000aa0   0x08000aa0   0x00000028   Code   RO         1586    i.DMA_CalcBaseAndBitshift  stm32f4xx_hal_dma.o
    0x08000ac8   0x08000ac8   0x00000054   Code   RO         1587    i.DMA_CheckFifoParam  stm32f4xx_hal_dma.o
    0x08000b1c   0x08000b1c   0x00000028   Code   RO         4980    i.DMP_Read_Len      mpu6050.o
    0x08000b44   0x08000b44   0x00000028   Code   RO         4981    i.DMP_Write_Len     mpu6050.o
    0x08000b6c   0x08000b6c   0x00000002   Code   RO          710    i.DebugMon_Handler  stm32f4xx_it.o
    0x08000b6e   0x08000b6e   0x00000004   Code   RO           13    i.Error_Handler     main.o
    0x08000b72   0x08000b72   0x00000004   Code   RO         4130    i.GPIO_Init         led.o
    0x08000b76   0x08000b76   0x00000002   PAD
    0x08000b78   0x08000b78   0x0000014c   Code   RO          854    i.HAL_ADC_ConfigChannel  stm32f4xx_hal_adc.o
    0x08000cc4   0x08000cc4   0x00000006   Code   RO          861    i.HAL_ADC_GetValue  stm32f4xx_hal_adc.o
    0x08000cca   0x08000cca   0x00000054   Code   RO          863    i.HAL_ADC_Init      stm32f4xx_hal_adc.o
    0x08000d1e   0x08000d1e   0x00000002   PAD
    0x08000d20   0x08000d20   0x00000060   Code   RO          420    i.HAL_ADC_MspInit   adc.o
    0x08000d80   0x08000d80   0x000000aa   Code   RO          867    i.HAL_ADC_PollForConversion  stm32f4xx_hal_adc.o
    0x08000e2a   0x08000e2a   0x00000002   PAD
    0x08000e2c   0x08000e2c   0x000000fc   Code   RO          869    i.HAL_ADC_Start     stm32f4xx_hal_adc.o
    0x08000f28   0x08000f28   0x00000092   Code   RO         1589    i.HAL_DMA_Abort     stm32f4xx_hal_dma.o
    0x08000fba   0x08000fba   0x00000024   Code   RO         1590    i.HAL_DMA_Abort_IT  stm32f4xx_hal_dma.o
    0x08000fde   0x08000fde   0x00000002   PAD
    0x08000fe0   0x08000fe0   0x000001a0   Code   RO         1594    i.HAL_DMA_IRQHandler  stm32f4xx_hal_dma.o
    0x08001180   0x08001180   0x000000d4   Code   RO         1595    i.HAL_DMA_Init      stm32f4xx_hal_dma.o
    0x08001254   0x08001254   0x00000024   Code   RO         2014    i.HAL_Delay         stm32f4xx_hal.o
    0x08001278   0x08001278   0x000001f0   Code   RO         1482    i.HAL_GPIO_Init     stm32f4xx_hal_gpio.o
    0x08001468   0x08001468   0x0000000a   Code   RO         1484    i.HAL_GPIO_ReadPin  stm32f4xx_hal_gpio.o
    0x08001472   0x08001472   0x00000010   Code   RO         1485    i.HAL_GPIO_TogglePin  stm32f4xx_hal_gpio.o
    0x08001482   0x08001482   0x0000000a   Code   RO         1486    i.HAL_GPIO_WritePin  stm32f4xx_hal_gpio.o
    0x0800148c   0x0800148c   0x0000000c   Code   RO         2020    i.HAL_GetTick       stm32f4xx_hal.o
    0x08001498   0x08001498   0x00000188   Code   RO         2276    i.HAL_I2C_Init      stm32f4xx_hal_i2c.o
    0x08001620   0x08001620   0x00000204   Code   RO         2294    i.HAL_I2C_Mem_Read  stm32f4xx_hal_i2c.o
    0x08001824   0x08001824   0x00000130   Code   RO         2297    i.HAL_I2C_Mem_Write  stm32f4xx_hal_i2c.o
    0x08001954   0x08001954   0x0000007c   Code   RO          494    i.HAL_I2C_MspInit   i2c.o
    0x080019d0   0x080019d0   0x00000010   Code   RO         2026    i.HAL_IncTick       stm32f4xx_hal.o
    0x080019e0   0x080019e0   0x00000034   Code   RO         2027    i.HAL_Init          stm32f4xx_hal.o
    0x08001a14   0x08001a14   0x00000040   Code   RO         2028    i.HAL_InitTick      stm32f4xx_hal.o
    0x08001a54   0x08001a54   0x00000030   Code   RO          825    i.HAL_MspInit       stm32f4xx_hal_msp.o
    0x08001a84   0x08001a84   0x0000001a   Code   RO         1872    i.HAL_NVIC_EnableIRQ  stm32f4xx_hal_cortex.o
    0x08001a9e   0x08001a9e   0x00000002   PAD
    0x08001aa0   0x08001aa0   0x00000040   Code   RO         1878    i.HAL_NVIC_SetPriority  stm32f4xx_hal_cortex.o
    0x08001ae0   0x08001ae0   0x00000024   Code   RO         1879    i.HAL_NVIC_SetPriorityGrouping  stm32f4xx_hal_cortex.o
    0x08001b04   0x08001b04   0x00000134   Code   RO         1128    i.HAL_RCC_ClockConfig  stm32f4xx_hal_rcc.o
    0x08001c38   0x08001c38   0x00000020   Code   RO         1135    i.HAL_RCC_GetPCLK1Freq  stm32f4xx_hal_rcc.o
    0x08001c58   0x08001c58   0x00000020   Code   RO         1136    i.HAL_RCC_GetPCLK2Freq  stm32f4xx_hal_rcc.o
    0x08001c78   0x08001c78   0x00000064   Code   RO         1137    i.HAL_RCC_GetSysClockFreq  stm32f4xx_hal_rcc.o
    0x08001cdc   0x08001cdc   0x0000036c   Code   RO         1140    i.HAL_RCC_OscConfig  stm32f4xx_hal_rcc.o
    0x08002048   0x08002048   0x00000028   Code   RO         1883    i.HAL_SYSTICK_Config  stm32f4xx_hal_cortex.o
    0x08002070   0x08002070   0x00000002   Code   RO         3426    i.HAL_TIMEx_BreakCallback  stm32f4xx_hal_tim_ex.o
    0x08002072   0x08002072   0x00000002   Code   RO         3427    i.HAL_TIMEx_CommutCallback  stm32f4xx_hal_tim_ex.o
    0x08002074   0x08002074   0x00000054   Code   RO         3429    i.HAL_TIMEx_ConfigBreakDeadTime  stm32f4xx_hal_tim_ex.o
    0x080020c8   0x080020c8   0x00000090   Code   RO         3445    i.HAL_TIMEx_MasterConfigSynchronization  stm32f4xx_hal_tim_ex.o
    0x08002158   0x08002158   0x0000005a   Code   RO         2722    i.HAL_TIM_Base_Init  stm32f4xx_hal_tim.o
    0x080021b2   0x080021b2   0x00000002   PAD
    0x080021b4   0x080021b4   0x0000009c   Code   RO          536    i.HAL_TIM_Base_MspInit  tim.o
    0x08002250   0x08002250   0x00000080   Code   RO         2727    i.HAL_TIM_Base_Start_IT  stm32f4xx_hal_tim.o
    0x080022d0   0x080022d0   0x000000dc   Code   RO         2731    i.HAL_TIM_ConfigClockSource  stm32f4xx_hal_tim.o
    0x080023ac   0x080023ac   0x000000a4   Code   RO         2743    i.HAL_TIM_Encoder_Init  stm32f4xx_hal_tim.o
    0x08002450   0x08002450   0x000000a0   Code   RO          538    i.HAL_TIM_Encoder_MspInit  tim.o
    0x080024f0   0x080024f0   0x0000008e   Code   RO         2746    i.HAL_TIM_Encoder_Start  stm32f4xx_hal_tim.o
    0x0800257e   0x0800257e   0x00000002   Code   RO         2756    i.HAL_TIM_IC_CaptureCallback  stm32f4xx_hal_tim.o
    0x08002580   0x08002580   0x00000130   Code   RO         2770    i.HAL_TIM_IRQHandler  stm32f4xx_hal_tim.o
    0x080026b0   0x080026b0   0x00000088   Code   RO          539    i.HAL_TIM_MspPostInit  tim.o
    0x08002738   0x08002738   0x00000002   Code   RO         2773    i.HAL_TIM_OC_DelayElapsedCallback  stm32f4xx_hal_tim.o
    0x0800273a   0x0800273a   0x000000cc   Code   RO         2794    i.HAL_TIM_PWM_ConfigChannel  stm32f4xx_hal_tim.o
    0x08002806   0x08002806   0x0000005a   Code   RO         2797    i.HAL_TIM_PWM_Init  stm32f4xx_hal_tim.o
    0x08002860   0x08002860   0x00000002   Code   RO         2799    i.HAL_TIM_PWM_MspInit  stm32f4xx_hal_tim.o
    0x08002862   0x08002862   0x00000002   Code   RO         2800    i.HAL_TIM_PWM_PulseFinishedCallback  stm32f4xx_hal_tim.o
    0x08002864   0x08002864   0x000000c8   Code   RO         2802    i.HAL_TIM_PWM_Start  stm32f4xx_hal_tim.o
    0x0800292c   0x0800292c   0x00000144   Code   RO         4163    i.HAL_TIM_PeriodElapsedCallback  timer.o
    0x08002a70   0x08002a70   0x00000002   Code   RO         2813    i.HAL_TIM_TriggerCallback  stm32f4xx_hal_tim.o
    0x08002a72   0x08002a72   0x00000002   Code   RO         3705    i.HAL_UARTEx_RxEventCallback  stm32f4xx_hal_uart.o
    0x08002a74   0x08002a74   0x00000002   Code   RO         3719    i.HAL_UART_ErrorCallback  stm32f4xx_hal_uart.o
    0x08002a76   0x08002a76   0x00000002   PAD
    0x08002a78   0x08002a78   0x00000270   Code   RO         3722    i.HAL_UART_IRQHandler  stm32f4xx_hal_uart.o
    0x08002ce8   0x08002ce8   0x00000064   Code   RO         3723    i.HAL_UART_Init     stm32f4xx_hal_uart.o
    0x08002d4c   0x08002d4c   0x00000188   Code   RO          626    i.HAL_UART_MspInit  usart.o
    0x08002ed4   0x08002ed4   0x0000001c   Code   RO         3728    i.HAL_UART_Receive_IT  stm32f4xx_hal_uart.o
    0x08002ef0   0x08002ef0   0x000000a4   Code   RO          627    i.HAL_UART_RxCpltCallback  usart.o
    0x08002f94   0x08002f94   0x00000032   Code   RO         3733    i.HAL_UART_Transmit_IT  stm32f4xx_hal_uart.o
    0x08002fc6   0x08002fc6   0x00000002   Code   RO         3734    i.HAL_UART_TxCpltCallback  stm32f4xx_hal_uart.o
    0x08002fc8   0x08002fc8   0x00000002   Code   RO          711    i.HardFault_Handler  stm32f4xx_it.o
    0x08002fca   0x08002fca   0x0000002e   Code   RO         2319    i.I2C_IsAcknowledgeFailed  stm32f4xx_hal_i2c.o
    0x08002ff8   0x08002ff8   0x000000fc   Code   RO         2329    i.I2C_RequestMemoryRead  stm32f4xx_hal_i2c.o
    0x080030f4   0x080030f4   0x000000a8   Code   RO         2330    i.I2C_RequestMemoryWrite  stm32f4xx_hal_i2c.o
    0x0800319c   0x0800319c   0x00000056   Code   RO         2334    i.I2C_WaitOnBTFFlagUntilTimeout  stm32f4xx_hal_i2c.o
    0x080031f2   0x080031f2   0x00000002   PAD
    0x080031f4   0x080031f4   0x00000090   Code   RO         2335    i.I2C_WaitOnFlagUntilTimeout  stm32f4xx_hal_i2c.o
    0x08003284   0x08003284   0x000000bc   Code   RO         2336    i.I2C_WaitOnMasterAddressFlagUntilTimeout  stm32f4xx_hal_i2c.o
    0x08003340   0x08003340   0x00000070   Code   RO         2337    i.I2C_WaitOnRXNEFlagUntilTimeout  stm32f4xx_hal_i2c.o
    0x080033b0   0x080033b0   0x00000056   Code   RO         2338    i.I2C_WaitOnTXEFlagUntilTimeout  stm32f4xx_hal_i2c.o
    0x08003406   0x08003406   0x00000002   PAD
    0x08003408   0x08003408   0x00000090   Code   RO         4094    i.Key_Control       key.o
    0x08003498   0x08003498   0x00000030   Code   RO         4131    i.LED_Init          led.o
    0x080034c8   0x080034c8   0x00000072   Code   RO         4985    i.MPU_Init          mpu6050.o
    0x0800353a   0x0800353a   0x00000002   PAD
    0x0800353c   0x0800353c   0x00000034   Code   RO         4986    i.MPU_Read_Byte     mpu6050.o
    0x08003570   0x08003570   0x0000000a   Code   RO         4988    i.MPU_Set_Accel_Fsr  mpu6050.o
    0x0800357a   0x0800357a   0x0000000a   Code   RO         4989    i.MPU_Set_Gyro_Fsr  mpu6050.o
    0x08003584   0x08003584   0x00000030   Code   RO         4990    i.MPU_Set_LPF       mpu6050.o
    0x080035b4   0x080035b4   0x0000002e   Code   RO         4991    i.MPU_Set_Rate      mpu6050.o
    0x080035e2   0x080035e2   0x00000002   PAD
    0x080035e4   0x080035e4   0x00000030   Code   RO         4992    i.MPU_Write_Byte    mpu6050.o
    0x08003614   0x08003614   0x00000064   Code   RO          421    i.MX_ADC1_Init      adc.o
    0x08003678   0x08003678   0x0000003c   Code   RO          469    i.MX_DMA_Init       dma.o
    0x080036b4   0x080036b4   0x000000fc   Code   RO          231    i.MX_GPIO_Init      gpio.o
    0x080037b0   0x080037b0   0x00000040   Code   RO          495    i.MX_I2C1_Init      i2c.o
    0x080037f0   0x080037f0   0x000000dc   Code   RO          540    i.MX_TIM1_Init      tim.o
    0x080038cc   0x080038cc   0x0000006c   Code   RO          541    i.MX_TIM4_Init      tim.o
    0x08003938   0x08003938   0x0000006c   Code   RO          542    i.MX_TIM5_Init      tim.o
    0x080039a4   0x080039a4   0x00000048   Code   RO          543    i.MX_TIM6_Init      tim.o
    0x080039ec   0x080039ec   0x00000048   Code   RO          544    i.MX_TIM7_Init      tim.o
    0x08003a34   0x08003a34   0x000000f8   Code   RO          545    i.MX_TIM8_Init      tim.o
    0x08003b2c   0x08003b2c   0x00000038   Code   RO          628    i.MX_USART1_UART_Init  usart.o
    0x08003b64   0x08003b64   0x00000038   Code   RO          629    i.MX_USART2_UART_Init  usart.o
    0x08003b9c   0x08003b9c   0x00000038   Code   RO          630    i.MX_USART3_UART_Init  usart.o
    0x08003bd4   0x08003bd4   0x00000002   Code   RO          712    i.MemManage_Handler  stm32f4xx_it.o
    0x08003bd6   0x08003bd6   0x00000002   PAD
    0x08003bd8   0x08003bd8   0x00000060   Code   RO         4269    i.Motor_ClosedLoop_Step  pid.o
    0x08003c38   0x08003c38   0x000001d0   Code   RO         4270    i.Motor_Control_ClosedLoop  pid.o
    0x08003e08   0x08003e08   0x00000002   Code   RO          713    i.NMI_Handler       stm32f4xx_it.o
    0x08003e0a   0x08003e0a   0x00000002   PAD
    0x08003e0c   0x08003e0c   0x0000002c   Code   RO         4344    i.OLED_Clear        oled.o
    0x08003e38   0x08003e38   0x0000003c   Code   RO         4347    i.OLED_DrawPoint    oled.o
    0x08003e74   0x08003e74   0x00000158   Code   RO         4349    i.OLED_Init         oled.o
    0x08003fcc   0x08003fcc   0x0000004c   Code   RO         4350    i.OLED_Refresh_Gram  oled.o
    0x08004018   0x08004018   0x00000070   Code   RO         4351    i.OLED_Show         oled.o
    0x08004088   0x08004088   0x00000090   Code   RO         4352    i.OLED_ShowChar     oled.o
    0x08004118   0x08004118   0x00000078   Code   RO         4353    i.OLED_ShowNumber   oled.o
    0x08004190   0x08004190   0x0000003e   Code   RO         4354    i.OLED_ShowString   oled.o
    0x080041ce   0x080041ce   0x00000002   PAD
    0x080041d0   0x080041d0   0x0000006c   Code   RO         4355    i.OLED_WR_Byte      oled.o
    0x0800423c   0x0800423c   0x000000e0   Code   RO         4271    i.PID_param_init    pid.o
    0x0800431c   0x0800431c   0x00000044   Code   RO         4202    i.PWMC_Set          tb6612.o
    0x08004360   0x08004360   0x00000048   Code   RO         4203    i.PWMD_Set          tb6612.o
    0x080043a8   0x080043a8   0x00000002   Code   RO          714    i.PendSV_Handler    stm32f4xx_it.o
    0x080043aa   0x080043aa   0x00000042   Code   RO         4272    i.PosionPID_realize  pid.o
    0x080043ec   0x080043ec   0x00000020   Code   RO         4164    i.Reading           timer.o
    0x0800440c   0x0800440c   0x00000002   Code   RO          715    i.SVC_Handler       stm32f4xx_it.o
    0x0800440e   0x0800440e   0x00000002   PAD
    0x08004410   0x08004410   0x000000c0   Code   RO         4273    i.Speed_Angle_ClosedLoop  pid.o
    0x080044d0   0x080044d0   0x00000048   Code   RO          422    i.StartAndGetOneResult  adc.o
    0x08004518   0x08004518   0x00000004   Code   RO          716    i.SysTick_Handler   stm32f4xx_it.o
    0x0800451c   0x0800451c   0x00000094   Code   RO           14    i.SystemClock_Config  main.o
    0x080045b0   0x080045b0   0x00000010   Code   RO         4057    i.SystemInit        system_stm32f4xx.o
    0x080045c0   0x080045c0   0x0000000c   Code   RO          717    i.TIM6_DAC_IRQHandler  stm32f4xx_it.o
    0x080045cc   0x080045cc   0x0000000c   Code   RO          718    i.TIM7_IRQHandler   stm32f4xx_it.o
    0x080045d8   0x080045d8   0x000000d8   Code   RO         2815    i.TIM_Base_SetConfig  stm32f4xx_hal_tim.o
    0x080046b0   0x080046b0   0x0000001a   Code   RO         2816    i.TIM_CCxChannelCmd  stm32f4xx_hal_tim.o
    0x080046ca   0x080046ca   0x00000014   Code   RO         2826    i.TIM_ETR_SetConfig  stm32f4xx_hal_tim.o
    0x080046de   0x080046de   0x00000010   Code   RO         2827    i.TIM_ITRx_SetConfig  stm32f4xx_hal_tim.o
    0x080046ee   0x080046ee   0x00000002   PAD
    0x080046f0   0x080046f0   0x00000060   Code   RO         2828    i.TIM_OC1_SetConfig  stm32f4xx_hal_tim.o
    0x08004750   0x08004750   0x0000006c   Code   RO         2829    i.TIM_OC2_SetConfig  stm32f4xx_hal_tim.o
    0x080047bc   0x080047bc   0x00000068   Code   RO         2830    i.TIM_OC3_SetConfig  stm32f4xx_hal_tim.o
    0x08004824   0x08004824   0x00000050   Code   RO         2831    i.TIM_OC4_SetConfig  stm32f4xx_hal_tim.o
    0x08004874   0x08004874   0x00000022   Code   RO         2833    i.TIM_TI1_ConfigInputStage  stm32f4xx_hal_tim.o
    0x08004896   0x08004896   0x00000024   Code   RO         2835    i.TIM_TI2_ConfigInputStage  stm32f4xx_hal_tim.o
    0x080048ba   0x080048ba   0x00000010   Code   RO         3736    i.UART_DMAAbortOnError  stm32f4xx_hal_uart.o
    0x080048ca   0x080048ca   0x0000004e   Code   RO         3746    i.UART_EndRxTransfer  stm32f4xx_hal_uart.o
    0x08004918   0x08004918   0x000000c2   Code   RO         3748    i.UART_Receive_IT   stm32f4xx_hal_uart.o
    0x080049da   0x080049da   0x00000002   PAD
    0x080049dc   0x080049dc   0x0000010c   Code   RO         3749    i.UART_SetConfig    stm32f4xx_hal_uart.o
    0x08004ae8   0x08004ae8   0x00000036   Code   RO         3751    i.UART_Start_Receive_IT  stm32f4xx_hal_uart.o
    0x08004b1e   0x08004b1e   0x00000002   PAD
    0x08004b20   0x08004b20   0x0000000c   Code   RO          719    i.USART1_IRQHandler  stm32f4xx_it.o
    0x08004b2c   0x08004b2c   0x0000000c   Code   RO          720    i.USART2_IRQHandler  stm32f4xx_it.o
    0x08004b38   0x08004b38   0x0000000c   Code   RO          721    i.USART3_IRQHandler  stm32f4xx_it.o
    0x08004b44   0x08004b44   0x00000002   Code   RO          722    i.UsageFault_Handler  stm32f4xx_it.o
    0x08004b46   0x08004b46   0x00000010   Code   RO         4206    i.Xianfu            tb6612.o
    0x08004b56   0x08004b56   0x00000002   PAD
    0x08004b58   0x08004b58   0x00000020   Code   RO         5421    i.__0printf         mc_w.l(printfa.o)
    0x08004b78   0x08004b78   0x00000030   Code   RO         5497    i.__ARM_fpclassify  m_wm.l(fpclassify.o)
    0x08004ba8   0x08004ba8   0x00000020   Code   RO         1885    i.__NVIC_SetPriority  stm32f4xx_hal_cortex.o
    0x08004bc8   0x08004bc8   0x00000360   Code   RO         5151    i.__hardfp_asin     m_wm.l(asin.o)
    0x08004f28   0x08004f28   0x000002d8   Code   RO         5463    i.__hardfp_atan     m_wm.l(atan.o)
    0x08005200   0x08005200   0x00000200   Code   RO         5165    i.__hardfp_atan2    m_wm.l(atan2.o)
    0x08005400   0x08005400   0x000000f8   Code   RO         5499    i.__kernel_poly     m_wm.l(poly.o)
    0x080054f8   0x080054f8   0x00000014   Code   RO         5478    i.__mathlib_dbl_infnan  m_wm.l(dunder.o)
    0x0800550c   0x0800550c   0x00000014   Code   RO         5479    i.__mathlib_dbl_infnan2  m_wm.l(dunder.o)
    0x08005520   0x08005520   0x00000020   Code   RO         5480    i.__mathlib_dbl_invalid  m_wm.l(dunder.o)
    0x08005540   0x08005540   0x00000020   Code   RO         5483    i.__mathlib_dbl_underflow  m_wm.l(dunder.o)
    0x08005560   0x08005560   0x0000000e   Code   RO         5565    i.__scatterload_copy  mc_w.l(handlers.o)
    0x0800556e   0x0800556e   0x00000002   Code   RO         5566    i.__scatterload_null  mc_w.l(handlers.o)
    0x08005570   0x08005570   0x0000000e   Code   RO         5567    i.__scatterload_zeroinit  mc_w.l(handlers.o)
    0x0800557e   0x0800557e   0x00000002   PAD
    0x08005580   0x08005580   0x0000000c   Code   RO         5541    i.__set_errno       mc_w.l(errno.o)
    0x0800558c   0x0800558c   0x00000184   Code   RO         5428    i._fp_digits        mc_w.l(printfa.o)
    0x08005710   0x08005710   0x000006b4   Code   RO         5429    i._printf_core      mc_w.l(printfa.o)
    0x08005dc4   0x08005dc4   0x00000024   Code   RO         5430    i._printf_post_padding  mc_w.l(printfa.o)
    0x08005de8   0x08005de8   0x0000002e   Code   RO         5431    i._printf_pre_padding  mc_w.l(printfa.o)
    0x08005e16   0x08005e16   0x00000002   PAD
    0x08005e18   0x08005e18   0x00000090   Code   RO         4443    i.accel_self_test   inv_mpu.o
    0x08005ea8   0x08005ea8   0x00000056   Code   RO         4274    i.addPID_realize    pid.o
    0x08005efe   0x08005efe   0x00000010   Code   RO         5465    i.atan              m_wm.l(atan.o)
    0x08005f0e   0x08005f0e   0x00000002   PAD
    0x08005f10   0x08005f10   0x00000048   Code   RO         4275    i.clear             pid.o
    0x08005f58   0x08005f58   0x0000003a   Code   RO         4795    i.dmp_enable_6x_lp_quat  inv_mpu_dmp_motion_driver.o
    0x08005f92   0x08005f92   0x00000002   PAD
    0x08005f94   0x08005f94   0x000001d8   Code   RO         4796    i.dmp_enable_feature  inv_mpu_dmp_motion_driver.o
    0x0800616c   0x0800616c   0x0000003c   Code   RO         4797    i.dmp_enable_gyro_cal  inv_mpu_dmp_motion_driver.o
    0x080061a8   0x080061a8   0x0000003a   Code   RO         4798    i.dmp_enable_lp_quat  inv_mpu_dmp_motion_driver.o
    0x080061e2   0x080061e2   0x00000002   PAD
    0x080061e4   0x080061e4   0x00000014   Code   RO         4803    i.dmp_load_motion_driver_firmware  inv_mpu_dmp_motion_driver.o
    0x080061f8   0x080061f8   0x00000168   Code   RO         4804    i.dmp_read_fifo     inv_mpu_dmp_motion_driver.o
    0x08006360   0x08006360   0x000000d8   Code   RO         4807    i.dmp_set_accel_bias  inv_mpu_dmp_motion_driver.o
    0x08006438   0x08006438   0x00000064   Code   RO         4808    i.dmp_set_fifo_rate  inv_mpu_dmp_motion_driver.o
    0x0800649c   0x0800649c   0x000000cc   Code   RO         4809    i.dmp_set_gyro_bias  inv_mpu_dmp_motion_driver.o
    0x08006568   0x08006568   0x0000010c   Code   RO         4811    i.dmp_set_orientation  inv_mpu_dmp_motion_driver.o
    0x08006674   0x08006674   0x00000030   Code   RO         4814    i.dmp_set_shake_reject_thresh  inv_mpu_dmp_motion_driver.o
    0x080066a4   0x080066a4   0x00000020   Code   RO         4815    i.dmp_set_shake_reject_time  inv_mpu_dmp_motion_driver.o
    0x080066c4   0x080066c4   0x00000020   Code   RO         4816    i.dmp_set_shake_reject_timeout  inv_mpu_dmp_motion_driver.o
    0x080066e4   0x080066e4   0x00000040   Code   RO         4817    i.dmp_set_tap_axes  inv_mpu_dmp_motion_driver.o
    0x08006724   0x08006724   0x00000022   Code   RO         4818    i.dmp_set_tap_count  inv_mpu_dmp_motion_driver.o
    0x08006746   0x08006746   0x00000002   PAD
    0x08006748   0x08006748   0x00000160   Code   RO         4819    i.dmp_set_tap_thresh  inv_mpu_dmp_motion_driver.o
    0x080068a8   0x080068a8   0x00000020   Code   RO         4820    i.dmp_set_tap_time  inv_mpu_dmp_motion_driver.o
    0x080068c8   0x080068c8   0x00000020   Code   RO         4821    i.dmp_set_tap_time_multi  inv_mpu_dmp_motion_driver.o
    0x080068e8   0x080068e8   0x00000018   Code   RO         5493    i.fabs              m_wm.l(fabs.o)
    0x08006900   0x08006900   0x00000018   Code   RO          631    i.fputc             usart.o
    0x08006918   0x08006918   0x000000b4   Code   RO         4444    i.get_accel_prod_shift  inv_mpu.o
    0x080069cc   0x080069cc   0x00000314   Code   RO         4445    i.get_st_biases     inv_mpu.o
    0x08006ce0   0x08006ce0   0x000000d4   Code   RO         4446    i.gyro_self_test    inv_mpu.o
    0x08006db4   0x08006db4   0x00000022   Code   RO         4447    i.inv_orientation_matrix_to_scalar  inv_mpu.o
    0x08006dd6   0x08006dd6   0x00000048   Code   RO         4448    i.inv_row_2_scale   inv_mpu.o
    0x08006e1e   0x08006e1e   0x00000002   PAD
    0x08006e20   0x08006e20   0x000000a4   Code   RO         4095    i.key_scan          key.o
    0x08006ec4   0x08006ec4   0x00000238   Code   RO           15    i.main              main.o
    0x080070fc   0x080070fc   0x00000002   Code   RO         4449    i.mget_ms           inv_mpu.o
    0x080070fe   0x080070fe   0x00000002   PAD
    0x08007100   0x08007100   0x00000054   Code   RO         4450    i.mpu_configure_fifo  inv_mpu.o
    0x08007154   0x08007154   0x00000164   Code   RO         4451    i.mpu_dmp_get_data  inv_mpu.o
    0x080072b8   0x080072b8   0x000000a0   Code   RO         4452    i.mpu_dmp_init      inv_mpu.o
    0x08007358   0x08007358   0x0000003c   Code   RO         4453    i.mpu_get_accel_fsr  inv_mpu.o
    0x08007394   0x08007394   0x00000044   Code   RO         4455    i.mpu_get_accel_sens  inv_mpu.o
    0x080073d8   0x080073d8   0x00000034   Code   RO         4461    i.mpu_get_gyro_fsr  inv_mpu.o
    0x0800740c   0x0800740c   0x0000004c   Code   RO         4463    i.mpu_get_gyro_sens  inv_mpu.o
    0x08007458   0x08007458   0x00000038   Code   RO         4465    i.mpu_get_lpf       inv_mpu.o
    0x08007490   0x08007490   0x0000001c   Code   RO         4467    i.mpu_get_sample_rate  inv_mpu.o
    0x080074ac   0x080074ac   0x00000188   Code   RO         4469    i.mpu_init          inv_mpu.o
    0x08007634   0x08007634   0x000000a0   Code   RO         4470    i.mpu_load_firmware  inv_mpu.o
    0x080076d4   0x080076d4   0x000000b8   Code   RO         4471    i.mpu_lp_accel_mode  inv_mpu.o
    0x0800778c   0x0800778c   0x00000090   Code   RO         4474    i.mpu_read_fifo_stream  inv_mpu.o
    0x0800781c   0x0800781c   0x00000054   Code   RO         4475    i.mpu_read_mem      inv_mpu.o
    0x08007870   0x08007870   0x00000160   Code   RO         4478    i.mpu_reset_fifo    inv_mpu.o
    0x080079d0   0x080079d0   0x000000f0   Code   RO         4479    i.mpu_run_self_test  inv_mpu.o
    0x08007ac0   0x08007ac0   0x00000068   Code   RO         4481    i.mpu_set_accel_fsr  inv_mpu.o
    0x08007b28   0x08007b28   0x000000dc   Code   RO         4482    i.mpu_set_bypass    inv_mpu.o
    0x08007c04   0x08007c04   0x00000078   Code   RO         4484    i.mpu_set_dmp_state  inv_mpu.o
    0x08007c7c   0x08007c7c   0x0000006c   Code   RO         4485    i.mpu_set_gyro_fsr  inv_mpu.o
    0x08007ce8   0x08007ce8   0x00000064   Code   RO         4486    i.mpu_set_int_latched  inv_mpu.o
    0x08007d4c   0x08007d4c   0x0000006c   Code   RO         4488    i.mpu_set_lpf       inv_mpu.o
    0x08007db8   0x08007db8   0x00000080   Code   RO         4489    i.mpu_set_sample_rate  inv_mpu.o
    0x08007e38   0x08007e38   0x000000b8   Code   RO         4490    i.mpu_set_sensors   inv_mpu.o
    0x08007ef0   0x08007ef0   0x00000054   Code   RO         4491    i.mpu_write_mem     inv_mpu.o
    0x08007f44   0x08007f44   0x00000008   Code   RO         4207    i.myabs             tb6612.o
    0x08007f4c   0x08007f4c   0x00000010   Code   RO         4356    i.oled_pow          oled.o
    0x08007f5c   0x08007f5c   0x00000088   Code   RO         4492    i.run_self_test     inv_mpu.o
    0x08007fe4   0x08007fe4   0x00000058   Code   RO         4493    i.set_int_enable    inv_mpu.o
    0x0800803c   0x0800803c   0x00000068   Code   RO         4276    i.speed_pid         pid.o
    0x080080a4   0x080080a4   0x0000006e   Code   RO         5504    i.sqrt              m_wm.l(sqrt.o)
    0x08008112   0x08008112   0x00000008   Data   RO         1601    .constdata          stm32f4xx_hal_dma.o
    0x0800811a   0x0800811a   0x00000010   Data   RO         4058    .constdata          system_stm32f4xx.o
    0x0800812a   0x0800812a   0x00000008   Data   RO         4059    .constdata          system_stm32f4xx.o
    0x08008132   0x08008132   0x00000a64   Data   RO         4358    .constdata          oled.o
    0x08008b96   0x08008b96   0x0000001b   Data   RO         4495    .constdata          inv_mpu.o
    0x08008bb1   0x08008bb1   0x00000001   PAD
    0x08008bb2   0x08008bb2   0x0000000c   Data   RO         4496    .constdata          inv_mpu.o
    0x08008bbe   0x08008bbe   0x00000002   PAD
    0x08008bc0   0x08008bc0   0x00000028   Data   RO         4497    .constdata          inv_mpu.o
    0x08008be8   0x08008be8   0x00000bf6   Data   RO         4823    .constdata          inv_mpu_dmp_motion_driver.o
    0x080097de   0x080097de   0x00000002   PAD
    0x080097e0   0x080097e0   0x00000050   Data   RO         5154    .constdata          m_wm.l(asin.o)
    0x08009830   0x08009830   0x00000098   Data   RO         5466    .constdata          m_wm.l(atan.o)
    0x080098c8   0x080098c8   0x00000008   Data   RO         5501    .constdata          m_wm.l(qnan.o)
    0x080098d0   0x080098d0   0x0000004d   Data   RO         4498    .conststring        inv_mpu.o
    0x0800991d   0x0800991d   0x00000003   PAD
    0x08009920   0x08009920   0x00000020   Data   RO         5563    Region$$Table       anon$$obj.o


    Execution Region RW_IRAM1 (Exec base: 0x20000000, Load base: 0x08009940, Size: 0x00000d60, Max: 0x0001c000, ABSOLUTE)

    Exec Addr    Load Addr    Size         Type   Attr      Idx    E Section Name        Object

    0x20000000   0x08009940   0x00000008   Data   RW          424    .data               adc.o
    0x20000008   0x08009948   0x00000004   Data   RW          425    .data               adc.o
    0x2000000c   0x0800994c   0x00000012   Data   RW          645    .data               usart.o
    0x2000001e   0x0800995e   0x00000002   PAD
    0x20000020   0x08009960   0x0000000c   Data   RW         2034    .data               stm32f4xx_hal.o
    0x2000002c   0x0800996c   0x00000004   Data   RW         4060    .data               system_stm32f4xx.o
    0x20000030   0x08009970   0x0000000c   Data   RW         4096    .data               key.o
    0x2000003c   0x0800997c   0x00000010   Data   RW         4165    .data               timer.o
    0x2000004c   0x0800998c   0x00000020   Data   RW         4278    .data               pid.o
    0x2000006c   0x080099ac   0x00000035   Data   RW         4499    .data               inv_mpu.o
    0x200000a1   0x080099e1   0x00000003   PAD
    0x200000a4   0x080099e4   0x00000004   Data   RW         4994    .data               mpu6050.o
    0x200000a8   0x080099e8   0x00000004   Data   RW         4995    .data               mpu6050.o
    0x200000ac   0x080099ec   0x00000004   Data   RW         4996    .data               mpu6050.o
    0x200000b0   0x080099f0   0x00000004   Data   RW         5530    .data               mc_w.l(stdout.o)
    0x200000b4   0x080099f4   0x00000004   Data   RW         5542    .data               mc_w.l(errno.o)
    0x200000b8        -       0x00000048   Zero   RW          423    .bss                adc.o
    0x20000100        -       0x00000054   Zero   RW          496    .bss                i2c.o
    0x20000154        -       0x000001b0   Zero   RW          546    .bss                tim.o
    0x20000304        -       0x00000198   Zero   RW          632    .bss                usart.o
    0x2000049c        -       0x000000b4   Zero   RW         4277    .bss                pid.o
    0x20000550        -       0x00000400   Zero   RW         4357    .bss                oled.o
    0x20000950        -       0x00000010   Zero   RW         4822    .bss                inv_mpu_dmp_motion_driver.o
    0x20000960        -       0x00000400   Zero   RW            1    STACK               startup_stm32f407xx.o


    Execution Region RW_IRAM2 (Exec base: 0x2001c000, Load base: 0x080099f8, Size: 0x00000000, Max: 0x00004000, ABSOLUTE)

    **** No section assigned to this execution region ****


==============================================================================

Image component sizes


      Code (inc. data)   RO Data    RW Data    ZI Data      Debug   Object Name

       268         38          0         12         72       2444   adc.o
        60          4          0          0          0        806   dma.o
       252         16          0          0          0     709807   gpio.o
       188         28          0          0         84       1753   i2c.o
      5308        306        156         53          0      32886   inv_mpu.o
      2442        134       3062          0         16      21054   inv_mpu_dmp_motion_driver.o
       308         22          0         12          0       1566   key.o
        52         10          0          0          0       1299   led.o
       720        250          0          0          0     690540   main.o
       408         24          0         12          0       6601   mpu6050.o
      1086         78       2660          0       1024       7812   oled.o
      1304        130          0         32        180       6831   pid.o
        36          8        392          0       1024        848   startup_stm32f407xx.o
       180         28          0         12          0       9497   stm32f4xx_hal.o
      1140         52          0          0          0       5342   stm32f4xx_hal_adc.o
       198         14          0          0          0      33899   stm32f4xx_hal_cortex.o
       934         16          8          0          0       5695   stm32f4xx_hal_dma.o
       532         46          0          0          0       3556   stm32f4xx_hal_gpio.o
      2294         52          0          0          0      13334   stm32f4xx_hal_i2c.o
        48          6          0          0          0        882   stm32f4xx_hal_msp.o
      1348         76          0          0          0       5304   stm32f4xx_hal_rcc.o
      2288        138          0          0          0      19313   stm32f4xx_hal_tim.o
       232         28          0          0          0       3361   stm32f4xx_hal_tim_ex.o
      1418         16          0          0          0      10183   stm32f4xx_hal_uart.o
       104         42          0          0          0       7638   stm32f4xx_it.o
        16          4         24          4          0       1163   system_stm32f4xx.o
       164         18          0          0          0       2715   tb6612.o
      1280        120          0          0        432       6895   tim.o
       356         92          0         16          0       1966   timer.o
       748         90          0         18        408       5437   usart.o

    ----------------------------------------------------------------------
     25762       1886       6342        176       3240    1620427   Object Totals
         0          0         32          0          0          0   (incl. Generated)
        50          0          8          5          0          0   (incl. Padding)

    ----------------------------------------------------------------------

      Code (inc. data)   RO Data    RW Data    ZI Data      Debug   Library Member Name

       864         94         80          0          0        280   asin.o
       744        106        152          0          0        352   atan.o
       512         64          0          0          0        208   atan2.o
       104         16          0          0          0        496   dunder.o
        24          0          0          0          0        124   fabs.o
        48          0          0          0          0        124   fpclassify.o
       248          0          0          0          0        152   poly.o
         0          0          8          0          0          0   qnan.o
       110          0          0          0          0        148   sqrt.o
         0          0          0          0          0          0   entry.o
         0          0          0          0          0          0   entry10a.o
         0          0          0          0          0          0   entry11a.o
         4          0          0          0          0          0   entry12b.o
         8          4          0          0          0          0   entry2.o
         4          0          0          0          0          0   entry5.o
         0          0          0          0          0          0   entry7b.o
         0          0          0          0          0          0   entry8b.o
         8          4          0          0          0          0   entry9a.o
        12          6          0          4          0         68   errno.o
        30          0          0          0          0          0   handlers.o
        36          8          0          0          0         68   init.o
         0          0          0          0          0          0   iusefp.o
        98          0          0          0          0         84   ldiv.o
        30          0          0          0          0         68   llshl.o
        36          0          0          0          0         68   llsshr.o
        32          0          0          0          0         68   llushr.o
        26          0          0          0          0         80   memcmp.o
        36          0          0          0          0        108   memseta.o
      2218         90          0          0          0        464   printfa.o
         0          0          0          4          0          0   stdout.o
        44          0          0          0          0         80   uidiv.o
        98          0          0          0          0         92   uldiv.o
        48          0          0          0          0         68   cdcmple.o
        48          0          0          0          0         68   cdrcmple.o
        56          0          0          0          0         88   d2f.o
       334          0          0          0          0        148   dadd.o
       222          0          0          0          0        100   ddiv.o
       186          0          0          0          0        176   depilogue.o
        48          0          0          0          0         68   dfixul.o
        26          0          0          0          0         76   dfltui.o
       228          0          0          0          0         96   dmul.o
       162          0          0          0          0        100   dsqrt.o
        38          0          0          0          0         68   f2d.o
       110          0          0          0          0        168   fepilogue.o

    ----------------------------------------------------------------------
      6888        392        240          8          0       4356   Library Totals
         8          0          0          0          0          0   (incl. Padding)

    ----------------------------------------------------------------------

      Code (inc. data)   RO Data    RW Data    ZI Data      Debug   Library Name

      2654        280        240          0          0       1884   m_wm.l
      2720        112          0          8          0       1248   mc_w.l
      1506          0          0          0          0       1224   mf_w.l

    ----------------------------------------------------------------------
      6888        392        240          8          0       4356   Library Totals

    ----------------------------------------------------------------------

==============================================================================


      Code (inc. data)   RO Data    RW Data    ZI Data      Debug   

     32650       2278       6582        184       3240    1602239   Grand Totals
     32650       2278       6582        184       3240    1602239   ELF Image Totals
     32650       2278       6582        184          0          0   ROM Totals

==============================================================================

    Total RO  Size (Code + RO Data)                39232 (  38.31kB)
    Total RW  Size (RW Data + ZI Data)              3424 (   3.34kB)
    Total ROM Size (Code + RO Data + RW Data)      39416 (  38.49kB)

==============================================================================

