Component: ARM Compiler 5.06 update 7 (build 960) Tool: armlink [4d3601]

==============================================================================

Section Cross References

    startup_stm32f407xx.o(RESET) refers to startup_stm32f407xx.o(STACK) for __initial_sp
    startup_stm32f407xx.o(RESET) refers to startup_stm32f407xx.o(.text) for Reset_Handler
    startup_stm32f407xx.o(RESET) refers to stm32f4xx_it.o(i.NMI_Handler) for NMI_Handler
    startup_stm32f407xx.o(RESET) refers to stm32f4xx_it.o(i.HardFault_Handler) for HardFault_Handler
    startup_stm32f407xx.o(RESET) refers to stm32f4xx_it.o(i.MemManage_Handler) for MemManage_Handler
    startup_stm32f407xx.o(RESET) refers to stm32f4xx_it.o(i.BusFault_Handler) for BusFault_Handler
    startup_stm32f407xx.o(RESET) refers to stm32f4xx_it.o(i.UsageFault_Handler) for UsageFault_Handler
    startup_stm32f407xx.o(RESET) refers to stm32f4xx_it.o(i.SVC_Handler) for SVC_Handler
    startup_stm32f407xx.o(RESET) refers to stm32f4xx_it.o(i.DebugMon_Handler) for DebugMon_Handler
    startup_stm32f407xx.o(RESET) refers to stm32f4xx_it.o(i.PendSV_Handler) for PendSV_Handler
    startup_stm32f407xx.o(RESET) refers to stm32f4xx_it.o(i.SysTick_Handler) for SysTick_Handler
    startup_stm32f407xx.o(RESET) refers to stm32f4xx_it.o(i.USART1_IRQHandler) for USART1_IRQHandler
    startup_stm32f407xx.o(RESET) refers to stm32f4xx_it.o(i.USART2_IRQHandler) for USART2_IRQHandler
    startup_stm32f407xx.o(RESET) refers to stm32f4xx_it.o(i.USART3_IRQHandler) for USART3_IRQHandler
    startup_stm32f407xx.o(RESET) refers to stm32f4xx_it.o(i.TIM6_DAC_IRQHandler) for TIM6_DAC_IRQHandler
    startup_stm32f407xx.o(RESET) refers to stm32f4xx_it.o(i.TIM7_IRQHandler) for TIM7_IRQHandler
    startup_stm32f407xx.o(RESET) refers to stm32f4xx_it.o(i.DMA2_Stream2_IRQHandler) for DMA2_Stream2_IRQHandler
    startup_stm32f407xx.o(RESET) refers to stm32f4xx_it.o(i.DMA2_Stream7_IRQHandler) for DMA2_Stream7_IRQHandler
    startup_stm32f407xx.o(.text) refers to system_stm32f4xx.o(i.SystemInit) for SystemInit
    startup_stm32f407xx.o(.text) refers to entry.o(.ARM.Collect$$$$00000000) for __main
    main.o(i.SystemClock_Config) refers to memseta.o(.text) for __aeabi_memclr4
    main.o(i.SystemClock_Config) refers to stm32f4xx_hal_rcc.o(i.HAL_RCC_OscConfig) for HAL_RCC_OscConfig
    main.o(i.SystemClock_Config) refers to stm32f4xx_hal_rcc.o(i.HAL_RCC_ClockConfig) for HAL_RCC_ClockConfig
    main.o(i.main) refers to stm32f4xx_hal.o(i.HAL_Init) for HAL_Init
    main.o(i.main) refers to main.o(i.SystemClock_Config) for SystemClock_Config
    main.o(i.main) refers to gpio.o(i.MX_GPIO_Init) for MX_GPIO_Init
    main.o(i.main) refers to dma.o(i.MX_DMA_Init) for MX_DMA_Init
    main.o(i.main) refers to tim.o(i.MX_TIM6_Init) for MX_TIM6_Init
    main.o(i.main) refers to tim.o(i.MX_TIM7_Init) for MX_TIM7_Init
    main.o(i.main) refers to tim.o(i.MX_TIM8_Init) for MX_TIM8_Init
    main.o(i.main) refers to usart.o(i.MX_USART1_UART_Init) for MX_USART1_UART_Init
    main.o(i.main) refers to usart.o(i.MX_USART2_UART_Init) for MX_USART2_UART_Init
    main.o(i.main) refers to usart.o(i.MX_USART3_UART_Init) for MX_USART3_UART_Init
    main.o(i.main) refers to tim.o(i.MX_TIM4_Init) for MX_TIM4_Init
    main.o(i.main) refers to adc.o(i.MX_ADC1_Init) for MX_ADC1_Init
    main.o(i.main) refers to tim.o(i.MX_TIM5_Init) for MX_TIM5_Init
    main.o(i.main) refers to i2c.o(i.MX_I2C1_Init) for MX_I2C1_Init
    main.o(i.main) refers to tim.o(i.MX_TIM1_Init) for MX_TIM1_Init
    main.o(i.main) refers to led.o(i.GPIO_Init) for GPIO_Init
    main.o(i.main) refers to stm32f4xx_hal_tim.o(i.HAL_TIM_Base_Start_IT) for HAL_TIM_Base_Start_IT
    main.o(i.main) refers to stm32f4xx_hal_tim.o(i.HAL_TIM_PWM_Start) for HAL_TIM_PWM_Start
    main.o(i.main) refers to stm32f4xx_hal_uart.o(i.HAL_UART_Receive_IT) for HAL_UART_Receive_IT
    main.o(i.main) refers to stm32f4xx_hal_tim.o(i.HAL_TIM_Encoder_Start) for HAL_TIM_Encoder_Start
    main.o(i.main) refers to stm32f4xx_hal_adc.o(i.HAL_ADC_Start) for HAL_ADC_Start
    main.o(i.main) refers to pid.o(i.PID_param_init) for PID_param_init
    main.o(i.main) refers to mpu6050.o(i.MPU_Init) for MPU_Init
    main.o(i.main) refers to inv_mpu.o(i.mpu_dmp_init) for mpu_dmp_init
    main.o(i.main) refers to printfa.o(i.__0printf) for __2printf
    main.o(i.main) refers to lcd.o(i.LCD_Init) for LCD_Init
    main.o(i.main) refers to test.o(i.LCD_Static_Show) for LCD_Static_Show
    main.o(i.main) refers to inv_mpu.o(i.mpu_dmp_get_data) for mpu_dmp_get_data
    main.o(i.main) refers to f2d.o(.text) for __aeabi_f2d
    main.o(i.main) refers to stm32f4xx_hal.o(i.HAL_Delay) for HAL_Delay
    main.o(i.main) refers to test.o(i.LCD_Dynamic_Show) for LCD_Dynamic_Show
    main.o(i.main) refers to key.o(i.Key_Control) for Key_Control
    main.o(i.main) refers to tim.o(.bss) for htim6
    main.o(i.main) refers to usart.o(.data) for revbuf1
    main.o(i.main) refers to usart.o(.bss) for huart1
[...]
    gyro_orientation                         0x20000090   Data           9  inv_mpu.o(.data)
    .data                                    0x2000009c   Section        4  mpu6050.o(.data)
    .data                                    0x200000a0   Section        4  mpu6050.o(.data)
    .data                                    0x200000a4   Section        4  mpu6050.o(.data)
    .data                                    0x200000a8   Section        2  lcd.o(.data)
    .data                                    0x200000aa   Section        2  lcd.o(.data)
    .data                                    0x200000ac   Section        4  stdout.o(.data)
    .data                                    0x200000b0   Section        4  errno.o(.data)
    _errno                                   0x200000b0   Data           4  errno.o(.data)
    .bss                                     0x200000b4   Section       72  adc.o(.bss)
    .bss                                     0x200000fc   Section       84  i2c.o(.bss)
    .bss                                     0x20000150   Section      432  tim.o(.bss)
    .bss                                     0x20000300   Section      408  usart.o(.bss)
    .bss                                     0x20000498   Section      180  pid.o(.bss)
    .bss                                     0x2000054c   Section       16  inv_mpu_dmp_motion_driver.o(.bss)
    dmp                                      0x2000054c   Data          16  inv_mpu_dmp_motion_driver.o(.bss)
    .bss                                     0x2000055c   Section       14  lcd.o(.bss)
    STACK                                    0x20000570   Section     1024  startup_stm32f407xx.o(STACK)

    Global Symbols

    Symbol Name                              Value     Ov Type        Size  Object(Section)

    BuildAttributes$$THM_ISAv4$E$P$D$K$B$S$7EM$VFPi3$EXTD16$VFPS$VFMA$PE$A:L22UL41UL21$X:L11$S22US41US21$IEEE1$IW$USESV6$~STKCKD$USESV7$~SHL$OTIME$ROPI$IEEEX$EBA8$MICROLIB$REQ8$PRES8$EABIv2 0x00000000   Number         0  anon$$obj.o ABSOLUTE
    __ARM_use_no_argv                        0x00000000   Number         0  main.o ABSOLUTE
    _printf_a                                0x00000000   Number         0  stubs.o ABSOLUTE
    _printf_c                                0x00000000   Number         0  stubs.o ABSOLUTE
    _printf_charcount                        0x00000000   Number         0  stubs.o ABSOLUTE
    _printf_d                                0x00000000   Number         0  stubs.o ABSOLUTE
    _printf_e                                0x00000000   Number         0  stubs.o ABSOLUTE
    _printf_f                                0x00000000   Number         0  stubs.o ABSOLUTE
    _printf_flags                            0x00000000   Number         0  stubs.o ABSOLUTE
    _printf_fp_dec                           0x00000000   Number         0  stubs.o ABSOLUTE
    _printf_fp_hex                           0x00000000   Number         0  stubs.o ABSOLUTE
    _printf_g                                0x00000000   Number         0  stubs.o ABSOLUTE
    _printf_i                                0x00000000   Number         0  stubs.o ABSOLUTE
    _printf_int_dec                          0x00000000   Number         0  stubs.o ABSOLUTE
    _printf_l                                0x00000000   Number         0  stubs.o ABSOLUTE
    _printf_lc                               0x00000000   Number         0  stubs.o ABSOLUTE
    _printf_ll                               0x00000000   Number         0  stubs.o ABSOLUTE
    _printf_lld                              0x00000000   Number         0  stubs.o ABSOLUTE
    _printf_lli                              0x00000000   Number         0  stubs.o ABSOLUTE
    _printf_llo                              0x00000000   Number         0  stubs.o ABSOLUTE
    _printf_llu                              0x00000000   Number         0  stubs.o ABSOLUTE
    _printf_llx                              0x00000000   Number         0  stubs.o ABSOLUTE
    _printf_longlong_dec                     0x00000000   Number         0  stubs.o ABSOLUTE
    _printf_longlong_hex                     0x00000000   Number         0  stubs.o ABSOLUTE
    _printf_longlong_oct                     0x00000000   Number         0  stubs.o ABSOLUTE
    _printf_ls                               0x00000000   Number         0  stubs.o ABSOLUTE
    _printf_mbtowc                           0x00000000   Number         0  stubs.o ABSOLUTE
    _printf_n                                0x00000000   Number         0  stubs.o ABSOLUTE
    _printf_o                                0x00000000   Number         0  stubs.o ABSOLUTE
    _printf_p                                0x00000000   Number         0  stubs.o ABSOLUTE
    _printf_percent                          0x00000000   Number         0  stubs.o ABSOLUTE
    _printf_pre_padding                      0x00000000   Number         0  stubs.o ABSOLUTE
    _printf_return_value                     0x00000000   Number         0  stubs.o ABSOLUTE
    _printf_s                                0x00000000   Number         0  stubs.o ABSOLUTE
    _printf_sizespec                         0x00000000   Number         0  stubs.o ABSOLUTE
    _printf_str                              0x00000000   Number         0  stubs.o ABSOLUTE
    _printf_truncate_signed                  0x00000000   Number         0  stubs.o ABSOLUTE
    _printf_truncate_unsigned                0x00000000   Number         0  stubs.o ABSOLUTE
    _printf_u                                0x00000000   Number         0  stubs.o ABSOLUTE
    _printf_wc                               0x00000000   Number         0  stubs.o ABSOLUTE
    _printf_wctomb                           0x00000000   Number         0  stubs.o ABSOLUTE
    _printf_widthprec                        0x00000000   Number         0  stubs.o ABSOLUTE
    _printf_x                                0x00000000   Number         0  stubs.o ABSOLUTE
    __arm_fini_                               - Undefined Weak Reference
    __cpp_initialize__aeabi_                  - Undefined Weak Reference
    __cxa_finalize                            - Undefined Weak Reference
    __decompress                              - Undefined Weak Reference
    _clock_init                               - Undefined Weak Reference
    _microlib_exit                            - Undefined Weak Reference
    __Vectors_Size                           0x00000188   Number         0  startup_stm32f407xx.o ABSOLUTE
    __Vectors                                0x08000000   Data           4  startup_stm32f407xx.o(RESET)
    __Vectors_End                            0x08000188   Data           0  startup_stm32f407xx.o(RESET)
    __main                                   0x08000189   Thumb Code     0  entry.o(.ARM.Collect$$$$00000000)
    _main_stk                                0x08000189   Thumb Code     0  entry2.o(.ARM.Collect$$$$00000001)
    _main_scatterload                        0x0800018d   Thumb Code     0  entry5.o(.ARM.Collect$$$$00000004)
    __main_after_scatterload                 0x08000191   Thumb Code     0  entry5.o(.ARM.Collect$$$$00000004)
    _main_clock                              0x08000191   Thumb Code     0  entry7b.o(.ARM.Collect$$$$00000008)
    _main_cpp_init                           0x08000191   Thumb Code     0  entry8b.o(.ARM.Collect$$$$0000000A)
    _main_init                               0x08000191   Thumb Code     0  entry9a.o(.ARM.Collect$$$$0000000B)
    __rt_lib_shutdown_fini                   0x08000199   Thumb Code     0  entry12b.o(.ARM.Collect$$$$0000000E)
    __rt_final_cpp                           0x0800019d   Thumb Code     0  entry10a.o(.ARM.Collect$$$$0000000F)
    __rt_final_exit                          0x0800019d   Thumb Code     0  entry11a.o(.ARM.Collect$$$$00000011)
    Reset_Handler                            0x080001a1   Thumb Code     8  startup_stm32f407xx.o(.text)
    ADC_IRQHandler                           0x080001bb   Thumb Code     0  startup_stm32f407xx.o(.text)
    CAN1_RX0_IRQHandler                      0x080001bb   Thumb Code     0  startup_stm32f407xx.o(.text)
    CAN1_RX1_IRQHandler                      0x080001bb   Thumb Code     0  startup_stm32f407xx.o(.text)
    CAN1_SCE_IRQHandler                      0x080001bb   Thumb Code     0  startup_stm32f407xx.o(.text)
    CAN1_TX_IRQHandler                       0x080001bb   Thumb Code     0  startup_stm32f407xx.o(.text)
    CAN2_RX0_IRQHandler                      0x080001bb   Thumb Code     0  startup_stm32f407xx.o(.text)
    CAN2_RX1_IRQHandler                      0x080001bb   Thumb Code     0  startup_stm32f407xx.o(.text)
    CAN2_SCE_IRQHandler                      0x080001bb   Thumb Code     0  startup_stm32f407xx.o(.text)
    CAN2_TX_IRQHandler                       0x080001bb   Thumb Code     0  startup_stm32f407xx.o(.text)
    DCMI_IRQHandler                          0x080001bb   Thumb Code     0  startup_stm32f407xx.o(.text)
    DMA1_Stream0_IRQHandler                  0x080001bb   Thumb Code     0  startup_stm32f407xx.o(.text)
    DMA1_Stream1_IRQHandler                  0x080001bb   Thumb Code     0  startup_stm32f407xx.o(.text)
    DMA1_Stream2_IRQHandler                  0x080001bb   Thumb Code     0  startup_stm32f407xx.o(.text)
    DMA1_Stream3_IRQHandler                  0x080001bb   Thumb Code     0  startup_stm32f407xx.o(.text)
    DMA1_Stream4_IRQHandler                  0x080001bb   Thumb Code     0  startup_stm32f407xx.o(.text)
    DMA1_Stream5_IRQHandler                  0x080001bb   Thumb Code     0  startup_stm32f407xx.o(.text)
    DMA1_Stream6_IRQHandler                  0x080001bb   Thumb Code     0  startup_stm32f407xx.o(.text)
    DMA1_Stream7_IRQHandler                  0x080001bb   Thumb Code     0  startup_stm32f407xx.o(.text)
    DMA2_Stream0_IRQHandler                  0x080001bb   Thumb Code     0  startup_stm32f407xx.o(.text)
    DMA2_Stream1_IRQHandler                  0x080001bb   Thumb Code     0  startup_stm32f407xx.o(.text)
    DMA2_Stream3_IRQHandler                  0x080001bb   Thumb Code     0  startup_stm32f407xx.o(.text)
    DMA2_Stream4_IRQHandler                  0x080001bb   Thumb Code     0  startup_stm32f407xx.o(.text)
    DMA2_Stream5_IRQHandler                  0x080001bb   Thumb Code     0  startup_stm32f407xx.o(.text)
    DMA2_Stream6_IRQHandler                  0x080001bb   Thumb Code     0  startup_stm32f407xx.o(.text)
    ETH_IRQHandler                           0x080001bb   Thumb Code     0  startup_stm32f407xx.o(.text)
    ETH_WKUP_IRQHandler                      0x080001bb   Thumb Code     0  startup_stm32f407xx.o(.text)
    EXTI0_IRQHandler                         0x080001bb   Thumb Code     0  startup_stm32f407xx.o(.text)
    EXTI15_10_IRQHandler                     0x080001bb   Thumb Code     0  startup_stm32f407xx.o(.text)
    EXTI1_IRQHandler                         0x080001bb   Thumb Code     0  startup_stm32f407xx.o(.text)
    EXTI2_IRQHandler                         0x080001bb   Thumb Code     0  startup_stm32f407xx.o(.text)
    EXTI3_IRQHandler                         0x080001bb   Thumb Code     0  startup_stm32f407xx.o(.text)
    EXTI4_IRQHandler                         0x080001bb   Thumb Code     0  startup_stm32f407xx.o(.text)
    EXTI9_5_IRQHandler                       0x080001bb   Thumb Code     0  startup_stm32f407xx.o(.text)
    FLASH_IRQHandler                         0x080001bb   Thumb Code     0  startup_stm32f407xx.o(.text)
    FMC_IRQHandler                           0x080001bb   Thumb Code     0  startup_stm32f407xx.o(.text)
    FPU_IRQHandler                           0x080001bb   Thumb Code     0  startup_stm32f407xx.o(.text)
    HASH_RNG_IRQHandler                      0x080001bb   Thumb Code     0  startup_stm32f407xx.o(.text)
    I2C1_ER_IRQHandler                       0x080001bb   Thumb Code     0  startup_stm32f407xx.o(.text)
    I2C1_EV_IRQHandler                       0x080001bb   Thumb Code     0  startup_stm32f407xx.o(.text)
    I2C2_ER_IRQHandler                       0x080001bb   Thumb Code     0  startup_stm32f407xx.o(.text)
    I2C2_EV_IRQHandler                       0x080001bb   Thumb Code     0  startup_stm32f407xx.o(.text)
    I2C3_ER_IRQHandler                       0x080001bb   Thumb Code     0  startup_stm32f407xx.o(.text)
    I2C3_EV_IRQHandler                       0x080001bb   Thumb Code     0  startup_stm32f407xx.o(.text)
    OTG_FS_IRQHandler                        0x080001bb   Thumb Code     0  startup_stm32f407xx.o(.text)
    OTG_FS_WKUP_IRQHandler                   0x080001bb   Thumb Code     0  startup_stm32f407xx.o(.text)
    OTG_HS_EP1_IN_IRQHandler                 0x080001bb   Thumb Code     0  startup_stm32f407xx.o(.text)
    OTG_HS_EP1_OUT_IRQHandler                0x080001bb   Thumb Code     0  startup_stm32f407xx.o(.text)
    OTG_HS_IRQHandler                        0x080001bb   Thumb Code     0  startup_stm32f407xx.o(.text)
    OTG_HS_WKUP_IRQHandler                   0x080001bb   Thumb Code     0  startup_stm32f407xx.o(.text)
    PVD_IRQHandler                           0x080001bb   Thumb Code     0  startup_stm32f407xx.o(.text)
    RCC_IRQHandler                           0x080001bb   Thumb Code     0  startup_stm32f407xx.o(.text)
    RTC_Alarm_IRQHandler                     0x080001bb   Thumb Code     0  startup_stm32f407xx.o(.text)
    RTC_WKUP_IRQHandler                      0x080001bb   Thumb Code     0  startup_stm32f407xx.o(.text)
    SDIO_IRQHandler                          0x080001bb   Thumb Code     0  startup_stm32f407xx.o(.text)
    SPI1_IRQHandler                          0x080001bb   Thumb Code     0  startup_stm32f407xx.o(.text)
    SPI2_IRQHandler                          0x080001bb   Thumb Code     0  startup_stm32f407xx.o(.text)
    SPI3_IRQHandler                          0x080001bb   Thumb Code     0  startup_stm32f407xx.o(.text)
    TAMP_STAMP_IRQHandler                    0x080001bb   Thumb Code     0  startup_stm32f407xx.o(.text)
    TIM1_BRK_TIM9_IRQHandler                 0x080001bb   Thumb Code     0  startup_stm32f407xx.o(.text)
    TIM1_CC_IRQHandler                       0x080001bb   Thumb Code     0  startup_stm32f407xx.o(.text)
    TIM1_TRG_COM_TIM11_IRQHandler            0x080001bb   Thumb Code     0  startup_stm32f407xx.o(.text)
    TIM1_UP_TIM10_IRQHandler                 0x080001bb   Thumb Code     0  startup_stm32f407xx.o(.text)
    TIM2_IRQHandler                          0x080001bb   Thumb Code     0  startup_stm32f407xx.o(.text)
    TIM3_IRQHandler                          0x080001bb   Thumb Code     0  startup_stm32f407xx.o(.text)
    TIM4_IRQHandler                          0x080001bb   Thumb Code     0  startup_stm32f407xx.o(.text)
    TIM5_IRQHandler                          0x080001bb   Thumb Code     0  startup_stm32f407xx.o(.text)
    TIM8_BRK_TIM12_IRQHandler                0x080001bb   Thumb Code     0  startup_stm32f407xx.o(.text)
    TIM8_CC_IRQHandler                       0x080001bb   Thumb Code     0  startup_stm32f407xx.o(.text)
    TIM8_TRG_COM_TIM14_IRQHandler            0x080001bb   Thumb Code     0  startup_stm32f407xx.o(.text)
    TIM8_UP_TIM13_IRQHandler                 0x080001bb   Thumb Code     0  startup_stm32f407xx.o(.text)
    UART4_IRQHandler                         0x080001bb   Thumb Code     0  startup_stm32f407xx.o(.text)
    UART5_IRQHandler                         0x080001bb   Thumb Code     0  startup_stm32f407xx.o(.text)
    USART6_IRQHandler                        0x080001bb   Thumb Code     0  startup_stm32f407xx.o(.text)
    WWDG_IRQHandler                          0x080001bb   Thumb Code     0  startup_stm32f407xx.o(.text)
    __aeabi_uldivmod                         0x080001c5   Thumb Code    98  uldiv.o(.text)
    __aeabi_ldivmod                          0x08000227   Thumb Code    98  ldiv.o(.text)
    __aeabi_memset                           0x08000289   Thumb Code    14  memseta.o(.text)
    __aeabi_memset4                          0x08000289   Thumb Code     0  memseta.o(.text)
    __aeabi_memset8                          0x08000289   Thumb Code     0  memseta.o(.text)
    __aeabi_memclr                           0x08000297   Thumb Code     4  memseta.o(.text)
    __aeabi_memclr4                          0x08000297   Thumb Code     0  memseta.o(.text)
    __aeabi_memclr8                          0x08000297   Thumb Code     0  memseta.o(.text)
    _memset$wrapper                          0x0800029b   Thumb Code    18  memseta.o(.text)
    memcmp                                   0x080002ad   Thumb Code    26  memcmp.o(.text)
    __aeabi_dadd                             0x080002c7   Thumb Code   322  dadd.o(.text)
    __aeabi_dsub                             0x08000409   Thumb Code     6  dadd.o(.text)
    __aeabi_drsub                            0x0800040f   Thumb Code     6  dadd.o(.text)
    __aeabi_dmul                             0x08000415   Thumb Code   228  dmul.o(.text)
    __aeabi_ddiv                             0x080004f9   Thumb Code   222  ddiv.o(.text)
    __aeabi_ui2d                             0x080005d7   Thumb Code    26  dfltui.o(.text)
    __aeabi_f2d                              0x080005f1   Thumb Code    38  f2d.o(.text)
    __aeabi_d2f                              0x08000617   Thumb Code    56  d2f.o(.text)
    __aeabi_uidiv                            0x0800064f   Thumb Code     0  uidiv.o(.text)
    __aeabi_uidivmod                         0x0800064f   Thumb Code    44  uidiv.o(.text)
    __aeabi_llsl                             0x0800067b   Thumb Code    30  llshl.o(.text)
    _ll_shift_l                              0x0800067b   Thumb Code     0  llshl.o(.text)
    __aeabi_llsr                             0x08000699   Thumb Code    32  llushr.o(.text)
    _ll_ushift_r                             0x08000699   Thumb Code     0  llushr.o(.text)
    __aeabi_lasr                             0x080006b9   Thumb Code    36  llsshr.o(.text)
    _ll_sshift_r                             0x080006b9   Thumb Code     0  llsshr.o(.text)
    __I$use$fp                               0x080006dd   Thumb Code     0  iusefp.o(.text)
    _float_round                             0x080006dd   Thumb Code    18  fepilogue.o(.text)
    _float_epilogue                          0x080006ef   Thumb Code    92  fepilogue.o(.text)
    _double_round                            0x0800074b   Thumb Code    30  depilogue.o(.text)
    _double_epilogue                         0x08000769   Thumb Code   156  depilogue.o(.text)
    __aeabi_d2ulz                            0x08000805   Thumb Code    48  dfixul.o(.text)
    __aeabi_cdcmpeq                          0x08000835   Thumb Code     0  cdcmple.o(.text)
    __aeabi_cdcmple                          0x08000835   Thumb Code    48  cdcmple.o(.text)
    __aeabi_cdrcmple                         0x08000865   Thumb Code    48  cdrcmple.o(.text)
    __scatterload                            0x08000895   Thumb Code    28  init.o(.text)
    __scatterload_rt2                        0x08000895   Thumb Code     0  init.o(.text)
    _dsqrt                                   0x080008b9   Thumb Code   162  dsqrt.o(.text)
    BusFault_Handler                         0x08000a85   Thumb Code     2  stm32f4xx_it.o(i.BusFault_Handler)
    DMA2_Stream2_IRQHandler                  0x08000a89   Thumb Code     6  stm32f4xx_it.o(i.DMA2_Stream2_IRQHandler)
    DMA2_Stream7_IRQHandler                  0x08000a95   Thumb Code     6  stm32f4xx_it.o(i.DMA2_Stream7_IRQHandler)
    DMP_Read_Len                             0x08000b1d   Thumb Code    34  mpu6050.o(i.DMP_Read_Len)
    DMP_Write_Len                            0x08000b45   Thumb Code    34  mpu6050.o(i.DMP_Write_Len)
    DebugMon_Handler                         0x08000b6d   Thumb Code     2  stm32f4xx_it.o(i.DebugMon_Handler)
    Error_Handler                            0x08000b6f   Thumb Code     4  main.o(i.Error_Handler)
    GPIO_Init                                0x08000b73   Thumb Code     4  led.o(i.GPIO_Init)
    GUI_DrawFont16                           0x08000b79   Thumb Code   222  gui.o(i.GUI_DrawFont16)
    GUI_DrawFont24                           0x08000c65   Thumb Code   226  gui.o(i.GUI_DrawFont24)
    GUI_DrawFont32                           0x08000d55   Thumb Code   222  gui.o(i.GUI_DrawFont32)
    Gui_Drawbmp16                            0x08000e41   Thumb Code    78  gui.o(i.Gui_Drawbmp16)
    HAL_ADC_ConfigChannel                    0x08000e95   Thumb Code   316  stm32f4xx_hal_adc.o(i.HAL_ADC_ConfigChannel)
    HAL_ADC_GetValue                         0x08000fe1   Thumb Code     6  stm32f4xx_hal_adc.o(i.HAL_ADC_GetValue)
    HAL_ADC_Init                             0x08000fe7   Thumb Code    84  stm32f4xx_hal_adc.o(i.HAL_ADC_Init)
    HAL_ADC_MspInit                          0x0800103d   Thumb Code    84  adc.o(i.HAL_ADC_MspInit)
    HAL_ADC_PollForConversion                0x0800109d   Thumb Code   170  stm32f4xx_hal_adc.o(i.HAL_ADC_PollForConversion)
    HAL_ADC_Start                            0x08001149   Thumb Code   228  stm32f4xx_hal_adc.o(i.HAL_ADC_Start)
    HAL_DMA_Abort                            0x08001245   Thumb Code   146  stm32f4xx_hal_dma.o(i.HAL_DMA_Abort)
    HAL_DMA_Abort_IT                         0x080012d7   Thumb Code    36  stm32f4xx_hal_dma.o(i.HAL_DMA_Abort_IT)
    HAL_DMA_IRQHandler                       0x080012fd   Thumb Code   412  stm32f4xx_hal_dma.o(i.HAL_DMA_IRQHandler)
    HAL_DMA_Init                             0x0800149d   Thumb Code   206  stm32f4xx_hal_dma.o(i.HAL_DMA_Init)
    HAL_Delay                                0x08001571   Thumb Code    32  stm32f4xx_hal.o(i.HAL_Delay)
    HAL_GPIO_Init                            0x08001595   Thumb Code   450  stm32f4xx_hal_gpio.o(i.HAL_GPIO_Init)
    HAL_GPIO_ReadPin                         0x08001785   Thumb Code    10  stm32f4xx_hal_gpio.o(i.HAL_GPIO_ReadPin)
    HAL_GPIO_TogglePin                       0x0800178f   Thumb Code    16  stm32f4xx_hal_gpio.o(i.HAL_GPIO_TogglePin)
    HAL_GPIO_WritePin                        0x0800179f   Thumb Code    10  stm32f4xx_hal_gpio.o(i.HAL_GPIO_WritePin)
    HAL_GetTick                              0x080017a9   Thumb Code     6  stm32f4xx_hal.o(i.HAL_GetTick)
    HAL_I2C_Init                             0x080017b5   Thumb Code   376  stm32f4xx_hal_i2c.o(i.HAL_I2C_Init)
    HAL_I2C_Mem_Read                         0x0800193d   Thumb Code   502  stm32f4xx_hal_i2c.o(i.HAL_I2C_Mem_Read)
    HAL_I2C_Mem_Write                        0x08001b41   Thumb Code   294  stm32f4xx_hal_i2c.o(i.HAL_I2C_Mem_Write)
    HAL_I2C_MspInit                          0x08001c71   Thumb Code   110  i2c.o(i.HAL_I2C_MspInit)
    HAL_IncTick                              0x08001ced   Thumb Code    12  stm32f4xx_hal.o(i.HAL_IncTick)
    HAL_Init                                 0x08001cfd   Thumb Code    48  stm32f4xx_hal.o(i.HAL_Init)
    HAL_InitTick                             0x08001d31   Thumb Code    54  stm32f4xx_hal.o(i.HAL_InitTick)
    HAL_MspInit                              0x08001d71   Thumb Code    42  stm32f4xx_hal_msp.o(i.HAL_MspInit)
    HAL_NVIC_EnableIRQ                       0x08001da1   Thumb Code    26  stm32f4xx_hal_cortex.o(i.HAL_NVIC_EnableIRQ)
    HAL_NVIC_SetPriority                     0x08001dbd   Thumb Code    60  stm32f4xx_hal_cortex.o(i.HAL_NVIC_SetPriority)
    HAL_NVIC_SetPriorityGrouping             0x08001dfd   Thumb Code    26  stm32f4xx_hal_cortex.o(i.HAL_NVIC_SetPriorityGrouping)
    HAL_RCC_ClockConfig                      0x08001e21   Thumb Code   288  stm32f4xx_hal_rcc.o(i.HAL_RCC_ClockConfig)
    HAL_RCC_GetPCLK1Freq                     0x08001f55   Thumb Code    20  stm32f4xx_hal_rcc.o(i.HAL_RCC_GetPCLK1Freq)
    HAL_RCC_GetPCLK2Freq                     0x08001f75   Thumb Code    20  stm32f4xx_hal_rcc.o(i.HAL_RCC_GetPCLK2Freq)
    HAL_RCC_GetSysClockFreq                  0x08001f95   Thumb Code    88  stm32f4xx_hal_rcc.o(i.HAL_RCC_GetSysClockFreq)
    HAL_RCC_OscConfig                        0x08001ff9   Thumb Code   856  stm32f4xx_hal_rcc.o(i.HAL_RCC_OscConfig)
    HAL_SYSTICK_Config                       0x08002365   Thumb Code    40  stm32f4xx_hal_cortex.o(i.HAL_SYSTICK_Config)
    HAL_TIMEx_BreakCallback                  0x0800238d   Thumb Code     2  stm32f4xx_hal_tim_ex.o(i.HAL_TIMEx_BreakCallback)
    HAL_TIMEx_CommutCallback                 0x0800238f   Thumb Code     2  stm32f4xx_hal_tim_ex.o(i.HAL_TIMEx_CommutCallback)
    HAL_TIMEx_ConfigBreakDeadTime            0x08002391   Thumb Code    84  stm32f4xx_hal_tim_ex.o(i.HAL_TIMEx_ConfigBreakDeadTime)
    HAL_TIMEx_MasterConfigSynchronization    0x080023e5   Thumb Code   116  stm32f4xx_hal_tim_ex.o(i.HAL_TIMEx_MasterConfigSynchronization)
    HAL_TIM_Base_Init                        0x08002475   Thumb Code    90  stm32f4xx_hal_tim.o(i.HAL_TIM_Base_Init)
    HAL_TIM_Base_MspInit                     0x080024d1   Thumb Code   134  tim.o(i.HAL_TIM_Base_MspInit)
    HAL_TIM_Base_Start_IT                    0x0800256d   Thumb Code   100  stm32f4xx_hal_tim.o(i.HAL_TIM_Base_Start_IT)
    HAL_TIM_ConfigClockSource                0x080025ed   Thumb Code   220  stm32f4xx_hal_tim.o(i.HAL_TIM_ConfigClockSource)
    HAL_TIM_Encoder_Init                     0x080026c9   Thumb Code   164  stm32f4xx_hal_tim.o(i.HAL_TIM_Encoder_Init)
    HAL_TIM_Encoder_MspInit                  0x0800276d   Thumb Code   140  tim.o(i.HAL_TIM_Encoder_MspInit)
    HAL_TIM_Encoder_Start                    0x0800280d   Thumb Code   142  stm32f4xx_hal_tim.o(i.HAL_TIM_Encoder_Start)
    HAL_TIM_IC_CaptureCallback               0x0800289b   Thumb Code     2  stm32f4xx_hal_tim.o(i.HAL_TIM_IC_CaptureCallback)
    HAL_TIM_IRQHandler                       0x0800289d   Thumb Code   304  stm32f4xx_hal_tim.o(i.HAL_TIM_IRQHandler)
    HAL_TIM_MspPostInit                      0x080029cd   Thumb Code   116  tim.o(i.HAL_TIM_MspPostInit)
    HAL_TIM_OC_DelayElapsedCallback          0x08002a55   Thumb Code     2  stm32f4xx_hal_tim.o(i.HAL_TIM_OC_DelayElapsedCallback)
    HAL_TIM_PWM_ConfigChannel                0x08002a57   Thumb Code   204  stm32f4xx_hal_tim.o(i.HAL_TIM_PWM_ConfigChannel)
    HAL_TIM_PWM_Init                         0x08002b23   Thumb Code    90  stm32f4xx_hal_tim.o(i.HAL_TIM_PWM_Init)
    HAL_TIM_PWM_MspInit                      0x08002b7d   Thumb Code     2  stm32f4xx_hal_tim.o(i.HAL_TIM_PWM_MspInit)
    HAL_TIM_PWM_PulseFinishedCallback        0x08002b7f   Thumb Code     2  stm32f4xx_hal_tim.o(i.HAL_TIM_PWM_PulseFinishedCallback)
    HAL_TIM_PWM_Start                        0x08002b81   Thumb Code   172  stm32f4xx_hal_tim.o(i.HAL_TIM_PWM_Start)
    HAL_TIM_PeriodElapsedCallback            0x08002c49   Thumb Code   308  timer.o(i.HAL_TIM_PeriodElapsedCallback)
    HAL_TIM_TriggerCallback                  0x08002dd9   Thumb Code     2  stm32f4xx_hal_tim.o(i.HAL_TIM_TriggerCallback)
    HAL_UARTEx_RxEventCallback               0x08002ddb   Thumb Code     2  stm32f4xx_hal_uart.o(i.HAL_UARTEx_RxEventCallback)
    HAL_UART_ErrorCallback                   0x08002ddd   Thumb Code     2  stm32f4xx_hal_uart.o(i.HAL_UART_ErrorCallback)
    HAL_UART_IRQHandler                      0x08002de1   Thumb Code   618  stm32f4xx_hal_uart.o(i.HAL_UART_IRQHandler)
    HAL_UART_Init                            0x08003051   Thumb Code   100  stm32f4xx_hal_uart.o(i.HAL_UART_Init)
    HAL_UART_MspInit                         0x080030b5   Thumb Code   360  usart.o(i.HAL_UART_MspInit)
    HAL_UART_Receive_IT                      0x0800323d   Thumb Code    28  stm32f4xx_hal_uart.o(i.HAL_UART_Receive_IT)
    HAL_UART_RxCpltCallback                  0x08003259   Thumb Code   136  usart.o(i.HAL_UART_RxCpltCallback)
    HAL_UART_Transmit_IT                     0x080032fd   Thumb Code    50  stm32f4xx_hal_uart.o(i.HAL_UART_Transmit_IT)
    HAL_UART_TxCpltCallback                  0x0800332f   Thumb Code     2  stm32f4xx_hal_uart.o(i.HAL_UART_TxCpltCallback)
    HardFault_Handler                        0x08003331   Thumb Code     2  stm32f4xx_it.o(i.HardFault_Handler)
    Key_Control                              0x08003771   Thumb Code   132  key.o(i.Key_Control)
    LCD_Clear                                0x08003801   Thumb Code    72  lcd.o(i.LCD_Clear)
    LCD_DrawLine                             0x08003851   Thumb Code   154  gui.o(i.LCD_DrawLine)
    LCD_DrawPoint                            0x080038ed   Thumb Code    18  lcd.o(i.LCD_DrawPoint)
    LCD_Dynamic_Show                         0x08003905   Thumb Code   102  test.o(i.LCD_Dynamic_Show)
    LCD_Init                                 0x08003981   Thumb Code   432  lcd.o(i.LCD_Init)
    LCD_RESET                                0x08003b31   Thumb Code    44  lcd.o(i.LCD_RESET)
    LCD_SetCursor                            0x08003b61   Thumb Code     8  lcd.o(i.LCD_SetCursor)
    LCD_SetWindows                           0x08003b69   Thumb Code    88  lcd.o(i.LCD_SetWindows)
    LCD_ShowChar                             0x08003bc5   Thumb Code   246  gui.o(i.LCD_ShowChar)
    LCD_ShowFloat                            0x08003ccd   Thumb Code   126  gui.o(i.LCD_ShowFloat)
    LCD_ShowNum                              0x08003d51   Thumb Code   124  gui.o(i.LCD_ShowNum)
    LCD_ShowString                           0x08003dd5   Thumb Code    82  gui.o(i.LCD_ShowString)
    LCD_Static_Show                          0x08003e35   Thumb Code   254  test.o(i.LCD_Static_Show)
    LCD_WR_DATA                              0x08003f8d   Thumb Code    24  lcd.o(i.LCD_WR_DATA)
    LCD_WR_REG                               0x08003fa9   Thumb Code    26  lcd.o(i.LCD_WR_REG)
    LCD_WriteRAM_Prepare                     0x08003fc9   Thumb Code     8  lcd.o(i.LCD_WriteRAM_Prepare)
    LCD_WriteReg                             0x08003fd5   Thumb Code    18  lcd.o(i.LCD_WriteReg)
    LCD_direction                            0x08003fe9   Thumb Code    74  lcd.o(i.LCD_direction)
    LED_Init                                 0x08004039   Thumb Code    38  led.o(i.LED_Init)
    Lcd_WriteData_16Bit                      0x08004069   Thumb Code    36  lcd.o(i.Lcd_WriteData_16Bit)
    MPU_Init                                 0x0800408d   Thumb Code   114  mpu6050.o(i.MPU_Init)
    MPU_Read_Byte                            0x08004101   Thumb Code    46  mpu6050.o(i.MPU_Read_Byte)
    MPU_Set_Accel_Fsr                        0x08004135   Thumb Code    10  mpu6050.o(i.MPU_Set_Accel_Fsr)
    MPU_Set_Gyro_Fsr                         0x0800413f   Thumb Code    10  mpu6050.o(i.MPU_Set_Gyro_Fsr)
    MPU_Set_LPF                              0x08004149   Thumb Code    48  mpu6050.o(i.MPU_Set_LPF)
    MPU_Set_Rate                             0x08004179   Thumb Code    46  mpu6050.o(i.MPU_Set_Rate)
    MPU_Write_Byte                           0x080041a9   Thumb Code    42  mpu6050.o(i.MPU_Write_Byte)
    MX_ADC1_Init                             0x080041d9   Thumb Code    88  adc.o(i.MX_ADC1_Init)
    MX_DMA_Init                              0x0800423d   Thumb Code    56  dma.o(i.MX_DMA_Init)
    MX_GPIO_Init                             0x08004279   Thumb Code   288  gpio.o(i.MX_GPIO_Init)
    MX_I2C1_Init                             0x080043ad   Thumb Code    50  i2c.o(i.MX_I2C1_Init)
    MX_TIM1_Init                             0x080043ed   Thumb Code   210  tim.o(i.MX_TIM1_Init)
    MX_TIM4_Init                             0x080044c9   Thumb Code    98  tim.o(i.MX_TIM4_Init)
    MX_TIM5_Init                             0x08004535   Thumb Code    98  tim.o(i.MX_TIM5_Init)
    MX_TIM6_Init                             0x080045a1   Thumb Code    62  tim.o(i.MX_TIM6_Init)
    MX_TIM7_Init                             0x080045e9   Thumb Code    62  tim.o(i.MX_TIM7_Init)
    MX_TIM8_Init                             0x08004631   Thumb Code   240  tim.o(i.MX_TIM8_Init)
    MX_USART1_UART_Init                      0x08004729   Thumb Code    48  usart.o(i.MX_USART1_UART_Init)
    MX_USART2_UART_Init                      0x08004761   Thumb Code    48  usart.o(i.MX_USART2_UART_Init)
    MX_USART3_UART_Init                      0x08004799   Thumb Code    48  usart.o(i.MX_USART3_UART_Init)
    MemManage_Handler                        0x080047d1   Thumb Code     2  stm32f4xx_it.o(i.MemManage_Handler)
    Motor_ClosedLoop_Step                    0x080047d5   Thumb Code    80  pid.o(i.Motor_ClosedLoop_Step)
    Motor_Control_ClosedLoop                 0x08004835   Thumb Code   436  pid.o(i.Motor_Control_ClosedLoop)
    NMI_Handler                              0x08004a05   Thumb Code     2  stm32f4xx_it.o(i.NMI_Handler)
    PID_param_init                           0x08004a09   Thumb Code   194  pid.o(i.PID_param_init)
    PWMA_Set                                 0x08004ae9   Thumb Code    60  tb6612.o(i.PWMA_Set)
    PWMB_Set                                 0x08004b2d   Thumb Code    60  tb6612.o(i.PWMB_Set)
    PendSV_Handler                           0x08004b71   Thumb Code     2  stm32f4xx_it.o(i.PendSV_Handler)
    PosionPID_realize                        0x08004b73   Thumb Code    66  pid.o(i.PosionPID_realize)
    Reading                                  0x08004bb5   Thumb Code    22  timer.o(i.Reading)
    SPIv_WriteData                           0x08004bd5   Thumb Code    70  spi.o(i.SPIv_WriteData)
    SVC_Handler                              0x08004c21   Thumb Code     2  stm32f4xx_it.o(i.SVC_Handler)
    Show_Str                                 0x08004c25   Thumb Code   200  gui.o(i.Show_Str)
    StartAndGetOneResult                     0x08004cf1   Thumb Code    58  adc.o(i.StartAndGetOneResult)
    SysTick_Handler                          0x08004d39   Thumb Code     4  stm32f4xx_it.o(i.SysTick_Handler)
    SystemClock_Config                       0x08004d3d   Thumb Code   140  main.o(i.SystemClock_Config)
    SystemInit                               0x08004dd1   Thumb Code    12  system_stm32f4xx.o(i.SystemInit)
    TIM6_DAC_IRQHandler                      0x08004de1   Thumb Code     6  stm32f4xx_it.o(i.TIM6_DAC_IRQHandler)
    TIM7_IRQHandler                          0x08004ded   Thumb Code     6  stm32f4xx_it.o(i.TIM7_IRQHandler)
    TIM_Base_SetConfig                       0x08004df9   Thumb Code   170  stm32f4xx_hal_tim.o(i.TIM_Base_SetConfig)
    TIM_CCxChannelCmd                        0x08004ed1   Thumb Code    26  stm32f4xx_hal_tim.o(i.TIM_CCxChannelCmd)
    TIM_ETR_SetConfig                        0x08004eeb   Thumb Code    20  stm32f4xx_hal_tim.o(i.TIM_ETR_SetConfig)
    TIM_OC2_SetConfig                        0x08004f71   Thumb Code    98  stm32f4xx_hal_tim.o(i.TIM_OC2_SetConfig)
    UART_Start_Receive_IT                    0x08005309   Thumb Code    54  stm32f4xx_hal_uart.o(i.UART_Start_Receive_IT)
    USART1_IRQHandler                        0x08005341   Thumb Code     6  stm32f4xx_it.o(i.USART1_IRQHandler)
    USART2_IRQHandler                        0x0800534d   Thumb Code     6  stm32f4xx_it.o(i.USART2_IRQHandler)
    USART3_IRQHandler                        0x08005359   Thumb Code     6  stm32f4xx_it.o(i.USART3_IRQHandler)
    UsageFault_Handler                       0x08005365   Thumb Code     2  stm32f4xx_it.o(i.UsageFault_Handler)
    Xianfu                                   0x08005367   Thumb Code    16  tb6612.o(i.Xianfu)
    __0printf                                0x08005379   Thumb Code    22  printfa.o(i.__0printf)
    __1printf                                0x08005379   Thumb Code     0  printfa.o(i.__0printf)
    __2printf                                0x08005379   Thumb Code     0  printfa.o(i.__0printf)
    __c89printf                              0x08005379   Thumb Code     0  printfa.o(i.__0printf)
    printf                                   0x08005379   Thumb Code     0  printfa.o(i.__0printf)
    __ARM_fpclassify                         0x08005399   Thumb Code    48  fpclassify.o(i.__ARM_fpclassify)
    __hardfp_asin                            0x080053e9   Thumb Code   770  asin.o(i.__hardfp_asin)
    __hardfp_atan                            0x08005749   Thumb Code   622  atan.o(i.__hardfp_atan)
    __hardfp_atan2                           0x08005a21   Thumb Code   448  atan2.o(i.__hardfp_atan2)
    __kernel_poly                            0x08005c21   Thumb Code   248  poly.o(i.__kernel_poly)
    __mathlib_dbl_infnan                     0x08005d19   Thumb Code    20  dunder.o(i.__mathlib_dbl_infnan)
    __mathlib_dbl_infnan2                    0x08005d2d   Thumb Code    20  dunder.o(i.__mathlib_dbl_infnan2)
    __mathlib_dbl_invalid                    0x08005d41   Thumb Code    24  dunder.o(i.__mathlib_dbl_invalid)
    __mathlib_dbl_underflow                  0x08005d61   Thumb Code    24  dunder.o(i.__mathlib_dbl_underflow)
    __scatterload_copy                       0x08005d81   Thumb Code    14  handlers.o(i.__scatterload_copy)
    __scatterload_null                       0x08005d8f   Thumb Code     2  handlers.o(i.__scatterload_null)
    __scatterload_zeroinit                   0x08005d91   Thumb Code    14  handlers.o(i.__scatterload_zeroinit)
    __set_errno                              0x08005da1   Thumb Code     6  errno.o(i.__set_errno)
    addPID_realize                           0x080066c9   Thumb Code    86  pid.o(i.addPID_realize)
    atan                                     0x0800671f   Thumb Code    16  atan.o(i.atan)
    clear                                    0x08006731   Thumb Code    54  pid.o(i.clear)
    dmp_enable_6x_lp_quat                    0x08006779   Thumb Code    58  inv_mpu_dmp_motion_driver.o(i.dmp_enable_6x_lp_quat)
    dmp_enable_feature                       0x080067b5   Thumb Code   464  inv_mpu_dmp_motion_driver.o(i.dmp_enable_feature)
    dmp_enable_gyro_cal                      0x0800698d   Thumb Code    34  inv_mpu_dmp_motion_driver.o(i.dmp_enable_gyro_cal)
    dmp_enable_lp_quat                       0x080069c9   Thumb Code    58  inv_mpu_dmp_motion_driver.o(i.dmp_enable_lp_quat)
    dmp_load_motion_driver_firmware          0x08006a05   Thumb Code    16  inv_mpu_dmp_motion_driver.o(i.dmp_load_motion_driver_firmware)
    dmp_read_fifo                            0x08006a19   Thumb Code   356  inv_mpu_dmp_motion_driver.o(i.dmp_read_fifo)
    dmp_set_accel_bias                       0x08006b81   Thumb Code   210  inv_mpu_dmp_motion_driver.o(i.dmp_set_accel_bias)
    dmp_set_fifo_rate                        0x08006c59   Thumb Code    82  inv_mpu_dmp_motion_driver.o(i.dmp_set_fifo_rate)
    dmp_set_gyro_bias                        0x08006cbd   Thumb Code   196  inv_mpu_dmp_motion_driver.o(i.dmp_set_gyro_bias)
    dmp_set_orientation                      0x08006d89   Thumb Code   246  inv_mpu_dmp_motion_driver.o(i.dmp_set_orientation)
    dmp_set_shake_reject_thresh              0x08006e95   Thumb Code    48  inv_mpu_dmp_motion_driver.o(i.dmp_set_shake_reject_thresh)
    dmp_set_shake_reject_time                0x08006ec5   Thumb Code    32  inv_mpu_dmp_motion_driver.o(i.dmp_set_shake_reject_time)
    dmp_set_shake_reject_timeout             0x08006ee5   Thumb Code    32  inv_mpu_dmp_motion_driver.o(i.dmp_set_shake_reject_timeout)
    dmp_set_tap_axes                         0x08006f05   Thumb Code    64  inv_mpu_dmp_motion_driver.o(i.dmp_set_tap_axes)
    dmp_set_tap_count                        0x08006f45   Thumb Code    34  inv_mpu_dmp_motion_driver.o(i.dmp_set_tap_count)
    dmp_set_tap_thresh                       0x08006f69   Thumb Code   314  inv_mpu_dmp_motion_driver.o(i.dmp_set_tap_thresh)
    dmp_set_tap_time                         0x080070c9   Thumb Code    32  inv_mpu_dmp_motion_driver.o(i.dmp_set_tap_time)
    dmp_set_tap_time_multi                   0x080070e9   Thumb Code    32  inv_mpu_dmp_motion_driver.o(i.dmp_set_tap_time_multi)
    fabs                                     0x08007109   Thumb Code    24  fabs.o(i.fabs)
    fputc                                    0x08007121   Thumb Code    14  usart.o(i.fputc)
    inv_orientation_matrix_to_scalar         0x080075d1   Thumb Code    34  inv_mpu.o(i.inv_orientation_matrix_to_scalar)
    inv_row_2_scale                          0x080075f3   Thumb Code    72  inv_mpu.o(i.inv_row_2_scale)
    key_scan                                 0x0800763d   Thumb Code   154  key.o(i.key_scan)
    main                                     0x080076e1   Thumb Code   342  main.o(i.main)
    mget_ms                                  0x08007931   Thumb Code     2  inv_mpu.o(i.mget_ms)
    mpu_configure_fifo                       0x08007935   Thumb Code    78  inv_mpu.o(i.mpu_configure_fifo)
    mpu_dmp_get_data                         0x08007989   Thumb Code   344  inv_mpu.o(i.mpu_dmp_get_data)
    mpu_dmp_init                             0x08007aed   Thumb Code   154  inv_mpu.o(i.mpu_dmp_init)
    mpu_get_accel_fsr                        0x08007b8d   Thumb Code    54  inv_mpu.o(i.mpu_get_accel_fsr)
    mpu_get_accel_sens                       0x08007bc9   Thumb Code    62  inv_mpu.o(i.mpu_get_accel_sens)
    mpu_get_gyro_fsr                         0x08007c0d   Thumb Code    48  inv_mpu.o(i.mpu_get_gyro_fsr)
    mpu_get_gyro_sens                        0x08007c41   Thumb Code    54  inv_mpu.o(i.mpu_get_gyro_sens)
    mpu_get_lpf                              0x08007c8d   Thumb Code    52  inv_mpu.o(i.mpu_get_lpf)
    mpu_get_sample_rate                      0x08007cc5   Thumb Code    22  inv_mpu.o(i.mpu_get_sample_rate)
    mpu_init                                 0x08007ce1   Thumb Code   310  inv_mpu.o(i.mpu_init)
    mpu_load_firmware                        0x08007e69   Thumb Code   154  inv_mpu.o(i.mpu_load_firmware)
    mpu_lp_accel_mode                        0x08007f09   Thumb Code   178  inv_mpu.o(i.mpu_lp_accel_mode)
    mpu_read_fifo_stream                     0x08007fc1   Thumb Code   140  inv_mpu.o(i.mpu_read_fifo_stream)
    mpu_read_mem                             0x08008051   Thumb Code    80  inv_mpu.o(i.mpu_read_mem)
    mpu_reset_fifo                           0x080080a5   Thumb Code   346  inv_mpu.o(i.mpu_reset_fifo)
    mpu_run_self_test                        0x08008205   Thumb Code   234  inv_mpu.o(i.mpu_run_self_test)
    mpu_set_accel_fsr                        0x080082f5   Thumb Code    98  inv_mpu.o(i.mpu_set_accel_fsr)
    mpu_set_bypass                           0x0800835d   Thumb Code   214  inv_mpu.o(i.mpu_set_bypass)
    mpu_set_dmp_state                        0x08008439   Thumb Code   114  inv_mpu.o(i.mpu_set_dmp_state)
    mpu_set_gyro_fsr                         0x080084b1   Thumb Code   104  inv_mpu.o(i.mpu_set_gyro_fsr)
    mpu_set_int_latched                      0x0800851d   Thumb Code    94  inv_mpu.o(i.mpu_set_int_latched)
    mpu_set_lpf                              0x08008581   Thumb Code   102  inv_mpu.o(i.mpu_set_lpf)
    mpu_set_sample_rate                      0x080085ed   Thumb Code   124  inv_mpu.o(i.mpu_set_sample_rate)
    mpu_set_sensors                          0x0800866d   Thumb Code   178  inv_mpu.o(i.mpu_set_sensors)
    mpu_write_mem                            0x08008725   Thumb Code    80  inv_mpu.o(i.mpu_write_mem)
    myabs                                    0x08008779   Thumb Code     8  tb6612.o(i.myabs)
    mypow                                    0x08008781   Thumb Code    16  gui.o(i.mypow)
    run_self_test                            0x08008791   Thumb Code   136  inv_mpu.o(i.run_self_test)
    speed_pid                                0x08008871   Thumb Code    86  pid.o(i.speed_pid)
    sqrt                                     0x080088d9   Thumb Code   110  sqrt.o(i.sqrt)
    AHBPrescTable                            0x0800894e   Data          16  system_stm32f4xx.o(.constdata)
    APBPrescTable                            0x0800895e   Data           8  system_stm32f4xx.o(.constdata)
    reg                                      0x08008966   Data          27  inv_mpu.o(.constdata)
    hw                                       0x08008982   Data          12  inv_mpu.o(.constdata)
    test                                     0x08008990   Data          40  inv_mpu.o(.constdata)
    asc2_1206                                0x080095ae   Data        1140  gui.o(.constdata)
    asc2_1608                                0x08009a22   Data        1520  gui.o(.constdata)
    tfont16                                  0x0800a012   Data        2108  gui.o(.constdata)
    tfont24                                  0x0800a84e   Data         518  gui.o(.constdata)
    tfont32                                  0x0800aa54   Data         520  gui.o(.constdata)
    gImage_qq                                0x0800ac5c   Data        3200  test.o(.constdata)
    __mathlib_zero                           0x0800b9c8   Data           8  qnan.o(.constdata)
    Region$$Table$$Base                      0x0800ba20   Number         0  anon$$obj.o(Region$$Table)
    Region$$Table$$Limit                     0x0800ba40   Number         0  anon$$obj.o(Region$$Table)
    HalState                                 0x20000000   Data           1  adc.o(.data)
    ADC_ConvertedValue                       0x20000004   Data           4  adc.o(.data)
    ADC_Vol                                  0x20000008   Data           4  adc.o(.data)
    ADC_Vol1                                 0x2000000c   Data           4  adc.o(.data)
    ADC_Vol2                                 0x20000010   Data           4  adc.o(.data)
    revbuf1                                  0x20000014   Data           6  usart.o(.data)
    revbuf2                                  0x2000001a   Data           6  usart.o(.data)
    revbuf3                                  0x20000020   Data           6  usart.o(.data)
    uwTickFreq                               0x20000028   Data           1  stm32f4xx_hal.o(.data)
    uwTickPrio                               0x2000002c   Data           4  stm32f4xx_hal.o(.data)
    uwTick                                   0x20000030   Data           4  stm32f4xx_hal.o(.data)
    SystemCoreClock                          0x20000034   Data           4  system_stm32f4xx.o(.data)
    KeyNum                                   0x2000003c   Data           4  key.o(.data)
    keyflag                                  0x20000040   Data           4  key.o(.data)
    EncoderA                                 0x20000044   Data           2  timer.o(.data)
    EncoderB                                 0x20000046   Data           2  timer.o(.data)
    S_EncoderA                               0x20000048   Data           2  timer.o(.data)
    S_EncoderB                               0x2000004a   Data           2  timer.o(.data)
    CNT1                                     0x2000004c   Data           4  timer.o(.data)
    CNT2                                     0x20000050   Data           4  timer.o(.data)
    Time                                     0x20000054   Data           4  timer.o(.data)
    left_speed                               0x20000058   Data           2  pid.o(.data)
    right_speed                              0x2000005a   Data           2  pid.o(.data)
    speedL                                   0x2000005c   Data           2  pid.o(.data)
    speedR                                   0x2000005e   Data           2  pid.o(.data)
    Speed_LMax                               0x20000060   Data           2  pid.o(.data)
    Speed_RMax                               0x20000062   Data           2  pid.o(.data)
    pitch                                    0x2000009c   Data           4  mpu6050.o(.data)
    roll                                     0x200000a0   Data           4  mpu6050.o(.data)
    yaw                                      0x200000a4   Data           4  mpu6050.o(.data)
    POINT_COLOR                              0x200000a8   Data           2  lcd.o(.data)
    BACK_COLOR                               0x200000aa   Data           2  lcd.o(.data)
    __stdout                                 0x200000ac   Data           4  stdout.o(.data)
    hadc1                                    0x200000b4   Data          72  adc.o(.bss)
    hi2c1                                    0x200000fc   Data          84  i2c.o(.bss)
    htim1                                    0x20000150   Data          72  tim.o(.bss)
    htim4                                    0x20000198   Data          72  tim.o(.bss)
    htim5                                    0x200001e0   Data          72  tim.o(.bss)
    htim6                                    0x20000228   Data          72  tim.o(.bss)
    htim7                                    0x20000270   Data          72  tim.o(.bss)
    htim8                                    0x200002b8   Data          72  tim.o(.bss)
    huart1                                   0x20000300   Data          72  usart.o(.bss)
    huart2                                   0x20000348   Data          72  usart.o(.bss)
    huart3                                   0x20000390   Data          72  usart.o(.bss)
    hdma_usart1_rx                           0x200003d8   Data          96  usart.o(.bss)
    hdma_usart1_tx                           0x20000438   Data          96  usart.o(.bss)
    addPID                                   0x20000498   Data          36  pid.o(.bss)
    add2PID                                  0x200004bc   Data          36  pid.o(.bss)
    PositionPID                              0x200004e0   Data          36  pid.o(.bss)
    Position2PID                             0x20000504   Data          36  pid.o(.bss)
    yawPID                                   0x20000528   Data          36  pid.o(.bss)
    lcddev                                   0x2000055c   Data          14  lcd.o(.bss)
    __initial_sp                             0x20000970   Data           0  startup_stm32f407xx.o(STACK)



==============================================================================

Memory Map of the image

  Image Entry point : 0x08000189

  Load Region LR_IROM1 (Base: 0x08000000, Size: 0x0000baf4, Max: 0x00100000, ABSOLUTE)

    Execution Region ER_IROM1 (Exec base: 0x08000000, Load base: 0x08000000, Size: 0x0000ba40, Max: 0x00100000, ABSOLUTE)

    Exec Addr    Load Addr    Size         Type   Attr      Idx    E Section Name        Object

    0x08000000   0x08000000   0x00000188   Data   RO            3    RESET               startup_stm32f407xx.o
    0x08000188   0x08000188   0x00000000   Code   RO         5521  * .ARM.Collect$$$$00000000  mc_w.l(entry.o)
    0x08000188   0x08000188   0x00000004   Code   RO         5860    .ARM.Collect$$$$00000001  mc_w.l(entry2.o)
    0x0800018c   0x0800018c   0x00000004   Code   RO         5863    .ARM.Collect$$$$00000004  mc_w.l(entry5.o)
    0x08000190   0x08000190   0x00000000   Code   RO         5865    .ARM.Collect$$$$00000008  mc_w.l(entry7b.o)
    0x08000190   0x08000190   0x00000000   Code   RO         5867    .ARM.Collect$$$$0000000A  mc_w.l(entry8b.o)
    0x08000190   0x08000190   0x00000008   Code   RO         5868    .ARM.Collect$$$$0000000B  mc_w.l(entry9a.o)
    0x08000198   0x08000198   0x00000004   Code   RO         5875    .ARM.Collect$$$$0000000E  mc_w.l(entry12b.o)
    0x0800019c   0x0800019c   0x00000000   Code   RO         5870    .ARM.Collect$$$$0000000F  mc_w.l(entry10a.o)
    0x0800019c   0x0800019c   0x00000000   Code   RO         5872    .ARM.Collect$$$$00000011  mc_w.l(entry11a.o)
    0x0800019c   0x0800019c   0x00000004   Code   RO         5861    .ARM.Collect$$$$00002712  mc_w.l(entry2.o)
    0x080001a0   0x080001a0   0x00000024   Code   RO            4    .text               startup_stm32f407xx.o
    0x080001c4   0x080001c4   0x00000062   Code   RO         5524    .text               mc_w.l(uldiv.o)
    0x08000226   0x08000226   0x00000062   Code   RO         5526    .text               mc_w.l(ldiv.o)
    0x08000288   0x08000288   0x00000024   Code   RO         5528    .text               mc_w.l(memseta.o)
    0x080002ac   0x080002ac   0x0000001a   Code   RO         5532    .text               mc_w.l(memcmp.o)
    0x080002c6   0x080002c6   0x0000014e   Code   RO         5795    .text               mf_w.l(dadd.o)
    0x08000414   0x08000414   0x000000e4   Code   RO         5797    .text               mf_w.l(dmul.o)
    0x080004f8   0x080004f8   0x000000de   Code   RO         5799    .text               mf_w.l(ddiv.o)
    0x080005d6   0x080005d6   0x0000001a   Code   RO         5803    .text               mf_w.l(dfltui.o)
    0x080005f0   0x080005f0   0x00000026   Code   RO         5805    .text               mf_w.l(f2d.o)
    0x08000616   0x08000616   0x00000038   Code   RO         5807    .text               mf_w.l(d2f.o)
    0x0800064e   0x0800064e   0x0000002c   Code   RO         5877    .text               mc_w.l(uidiv.o)
    0x0800067a   0x0800067a   0x0000001e   Code   RO         5879    .text               mc_w.l(llshl.o)
    0x08000698   0x08000698   0x00000020   Code   RO         5881    .text               mc_w.l(llushr.o)
    0x080006b8   0x080006b8   0x00000024   Code   RO         5883    .text               mc_w.l(llsshr.o)
    0x080006dc   0x080006dc   0x00000000   Code   RO         5892    .text               mc_w.l(iusefp.o)
    0x080006dc   0x080006dc   0x0000006e   Code   RO         5893    .text               mf_w.l(fepilogue.o)
    0x0800074a   0x0800074a   0x000000ba   Code   RO         5895    .text               mf_w.l(depilogue.o)
    0x08000804   0x08000804   0x00000030   Code   RO         5899    .text               mf_w.l(dfixul.o)
    0x08000834   0x08000834   0x00000030   Code   RO         5901    .text               mf_w.l(cdcmple.o)
    0x08000864   0x08000864   0x00000030   Code   RO         5903    .text               mf_w.l(cdrcmple.o)
    0x08000894   0x08000894   0x00000024   Code   RO         5905    .text               mc_w.l(init.o)
    0x080008b8   0x080008b8   0x000000a2   Code   RO         5907    .text               mf_w.l(dsqrt.o)
    0x0800095a   0x0800095a   0x00000002   PAD
    0x0800095c   0x0800095c   0x00000128   Code   RO          885    i.ADC_Init          stm32f4xx_hal_adc.o
    0x08000a84   0x08000a84   0x00000002   Code   RO          740    i.BusFault_Handler  stm32f4xx_it.o
    0x08000a86   0x08000a86   0x00000002   PAD
    0x08000a88   0x08000a88   0x0000000c   Code   RO          741    i.DMA2_Stream2_IRQHandler  stm32f4xx_it.o
    0x08000a94   0x08000a94   0x0000000c   Code   RO          742    i.DMA2_Stream7_IRQHandler  stm32f4xx_it.o
    0x08000aa0   0x08000aa0   0x00000028   Code   RO         1619    i.DMA_CalcBaseAndBitshift  stm32f4xx_hal_dma.o
    0x08000ac8   0x08000ac8   0x00000054   Code   RO         1620    i.DMA_CheckFifoParam  stm32f4xx_hal_dma.o
    0x08000b1c   0x08000b1c   0x00000028   Code   RO         5006    i.DMP_Read_Len      mpu6050.o
    0x08000b44   0x08000b44   0x00000028   Code   RO         5007    i.DMP_Write_Len     mpu6050.o
    0x08000b6c   0x08000b6c   0x00000002   Code   RO          743    i.DebugMon_Handler  stm32f4xx_it.o
    0x08000b6e   0x08000b6e   0x00000004   Code   RO           13    i.Error_Handler     main.o
    0x08000b72   0x08000b72   0x00000004   Code   RO         4163    i.GPIO_Init         led.o
    0x08000b76   0x08000b76   0x00000002   PAD
    0x08000b78   0x08000b78   0x000000ec   Code   RO         5115    i.GUI_DrawFont16    gui.o
    0x08000c64   0x08000c64   0x000000f0   Code   RO         5116    i.GUI_DrawFont24    gui.o
    0x08000d54   0x08000d54   0x000000ec   Code   RO         5117    i.GUI_DrawFont32    gui.o
    0x08000e40   0x08000e40   0x00000054   Code   RO         5119    i.Gui_Drawbmp16     gui.o
    0x08000e94   0x08000e94   0x0000014c   Code   RO          887    i.HAL_ADC_ConfigChannel  stm32f4xx_hal_adc.o
    0x08000fe0   0x08000fe0   0x00000006   Code   RO          894    i.HAL_ADC_GetValue  stm32f4xx_hal_adc.o
    0x08000fe6   0x08000fe6   0x00000054   Code   RO          896    i.HAL_ADC_Init      stm32f4xx_hal_adc.o
    0x0800103a   0x0800103a   0x00000002   PAD
    0x0800103c   0x0800103c   0x00000060   Code   RO          451    i.HAL_ADC_MspInit   adc.o
    0x0800109c   0x0800109c   0x000000aa   Code   RO          900    i.HAL_ADC_PollForConversion  stm32f4xx_hal_adc.o
    0x08001146   0x08001146   0x00000002   PAD
    0x08001148   0x08001148   0x000000fc   Code   RO          902    i.HAL_ADC_Start     stm32f4xx_hal_adc.o
    0x08001244   0x08001244   0x00000092   Code   RO         1622    i.HAL_DMA_Abort     stm32f4xx_hal_dma.o
    0x080012d6   0x080012d6   0x00000024   Code   RO         1623    i.HAL_DMA_Abort_IT  stm32f4xx_hal_dma.o
    0x080012fa   0x080012fa   0x00000002   PAD
    0x080012fc   0x080012fc   0x000001a0   Code   RO         1627    i.HAL_DMA_IRQHandler  stm32f4xx_hal_dma.o
    0x0800149c   0x0800149c   0x000000d4   Code   RO         1628    i.HAL_DMA_Init      stm32f4xx_hal_dma.o
    0x08001570   0x08001570   0x00000024   Code   RO         2047    i.HAL_Delay         stm32f4xx_hal.o
    0x08001594   0x08001594   0x000001f0   Code   RO         1515    i.HAL_GPIO_Init     stm32f4xx_hal_gpio.o
    0x08001784   0x08001784   0x0000000a   Code   RO         1517    i.HAL_GPIO_ReadPin  stm32f4xx_hal_gpio.o
    0x0800178e   0x0800178e   0x00000010   Code   RO         1518    i.HAL_GPIO_TogglePin  stm32f4xx_hal_gpio.o
    0x0800179e   0x0800179e   0x0000000a   Code   RO         1519    i.HAL_GPIO_WritePin  stm32f4xx_hal_gpio.o
    0x080017a8   0x080017a8   0x0000000c   Code   RO         2053    i.HAL_GetTick       stm32f4xx_hal.o
    0x080017b4   0x080017b4   0x00000188   Code   RO         2309    i.HAL_I2C_Init      stm32f4xx_hal_i2c.o
    0x0800193c   0x0800193c   0x00000204   Code   RO         2327    i.HAL_I2C_Mem_Read  stm32f4xx_hal_i2c.o
    0x08001b40   0x08001b40   0x00000130   Code   RO         2330    i.HAL_I2C_Mem_Write  stm32f4xx_hal_i2c.o
    0x08001c70   0x08001c70   0x0000007c   Code   RO          527    i.HAL_I2C_MspInit   i2c.o
    0x08001cec   0x08001cec   0x00000010   Code   RO         2059    i.HAL_IncTick       stm32f4xx_hal.o
    0x08001cfc   0x08001cfc   0x00000034   Code   RO         2060    i.HAL_Init          stm32f4xx_hal.o
    0x08001d30   0x08001d30   0x00000040   Code   RO         2061    i.HAL_InitTick      stm32f4xx_hal.o
    0x08001d70   0x08001d70   0x00000030   Code   RO          858    i.HAL_MspInit       stm32f4xx_hal_msp.o
    0x08001da0   0x08001da0   0x0000001a   Code   RO         1905    i.HAL_NVIC_EnableIRQ  stm32f4xx_hal_cortex.o
    0x08001dba   0x08001dba   0x00000002   PAD
    0x08001dbc   0x08001dbc   0x00000040   Code   RO         1911    i.HAL_NVIC_SetPriority  stm32f4xx_hal_cortex.o
    0x08001dfc   0x08001dfc   0x00000024   Code   RO         1912    i.HAL_NVIC_SetPriorityGrouping  stm32f4xx_hal_cortex.o
    0x08001e20   0x08001e20   0x00000134   Code   RO         1161    i.HAL_RCC_ClockConfig  stm32f4xx_hal_rcc.o
    0x08001f54   0x08001f54   0x00000020   Code   RO         1168    i.HAL_RCC_GetPCLK1Freq  stm32f4xx_hal_rcc.o
    0x08001f74   0x08001f74   0x00000020   Code   RO         1169    i.HAL_RCC_GetPCLK2Freq  stm32f4xx_hal_rcc.o
    0x08001f94   0x08001f94   0x00000064   Code   RO         1170    i.HAL_RCC_GetSysClockFreq  stm32f4xx_hal_rcc.o
    0x08001ff8   0x08001ff8   0x0000036c   Code   RO         1173    i.HAL_RCC_OscConfig  stm32f4xx_hal_rcc.o
    0x08002364   0x08002364   0x00000028   Code   RO         1916    i.HAL_SYSTICK_Config  stm32f4xx_hal_cortex.o
    0x0800238c   0x0800238c   0x00000002   Code   RO         3459    i.HAL_TIMEx_BreakCallback  stm32f4xx_hal_tim_ex.o
    0x0800238e   0x0800238e   0x00000002   Code   RO         3460    i.HAL_TIMEx_CommutCallback  stm32f4xx_hal_tim_ex.o
    0x08002390   0x08002390   0x00000054   Code   RO         3462    i.HAL_TIMEx_ConfigBreakDeadTime  stm32f4xx_hal_tim_ex.o
    0x080023e4   0x080023e4   0x00000090   Code   RO         3478    i.HAL_TIMEx_MasterConfigSynchronization  stm32f4xx_hal_tim_ex.o
    0x08002474   0x08002474   0x0000005a   Code   RO         2755    i.HAL_TIM_Base_Init  stm32f4xx_hal_tim.o
    0x080024ce   0x080024ce   0x00000002   PAD
    0x080024d0   0x080024d0   0x0000009c   Code   RO          569    i.HAL_TIM_Base_MspInit  tim.o
    0x0800256c   0x0800256c   0x00000080   Code   RO         2760    i.HAL_TIM_Base_Start_IT  stm32f4xx_hal_tim.o
    0x080025ec   0x080025ec   0x000000dc   Code   RO         2764    i.HAL_TIM_ConfigClockSource  stm32f4xx_hal_tim.o
    0x080026c8   0x080026c8   0x000000a4   Code   RO         2776    i.HAL_TIM_Encoder_Init  stm32f4xx_hal_tim.o
    0x0800276c   0x0800276c   0x000000a0   Code   RO          571    i.HAL_TIM_Encoder_MspInit  tim.o
    0x0800280c   0x0800280c   0x0000008e   Code   RO         2779    i.HAL_TIM_Encoder_Start  stm32f4xx_hal_tim.o
    0x0800289a   0x0800289a   0x00000002   Code   RO         2789    i.HAL_TIM_IC_CaptureCallback  stm32f4xx_hal_tim.o
    0x0800289c   0x0800289c   0x00000130   Code   RO         2803    i.HAL_TIM_IRQHandler  stm32f4xx_hal_tim.o
    0x080029cc   0x080029cc   0x00000088   Code   RO          572    i.HAL_TIM_MspPostInit  tim.o
    0x08002a54   0x08002a54   0x00000002   Code   RO         2806    i.HAL_TIM_OC_DelayElapsedCallback  stm32f4xx_hal_tim.o
    0x08002a56   0x08002a56   0x000000cc   Code   RO         2827    i.HAL_TIM_PWM_ConfigChannel  stm32f4xx_hal_tim.o
    0x08002b22   0x08002b22   0x0000005a   Code   RO         2830    i.HAL_TIM_PWM_Init  stm32f4xx_hal_tim.o
    0x08002b7c   0x08002b7c   0x00000002   Code   RO         2832    i.HAL_TIM_PWM_MspInit  stm32f4xx_hal_tim.o
    0x08002b7e   0x08002b7e   0x00000002   Code   RO         2833    i.HAL_TIM_PWM_PulseFinishedCallback  stm32f4xx_hal_tim.o
    0x08002b80   0x08002b80   0x000000c8   Code   RO         2835    i.HAL_TIM_PWM_Start  stm32f4xx_hal_tim.o
    0x08002c48   0x08002c48   0x00000190   Code   RO         4196    i.HAL_TIM_PeriodElapsedCallback  timer.o
    0x08002dd8   0x08002dd8   0x00000002   Code   RO         2846    i.HAL_TIM_TriggerCallback  stm32f4xx_hal_tim.o
    0x08002dda   0x08002dda   0x00000002   Code   RO         3738    i.HAL_UARTEx_RxEventCallback  stm32f4xx_hal_uart.o
    0x08002ddc   0x08002ddc   0x00000002   Code   RO         3752    i.HAL_UART_ErrorCallback  stm32f4xx_hal_uart.o
    0x08002dde   0x08002dde   0x00000002   PAD
    0x08002de0   0x08002de0   0x00000270   Code   RO         3755    i.HAL_UART_IRQHandler  stm32f4xx_hal_uart.o
    0x08003050   0x08003050   0x00000064   Code   RO         3756    i.HAL_UART_Init     stm32f4xx_hal_uart.o
    0x080030b4   0x080030b4   0x00000188   Code   RO          659    i.HAL_UART_MspInit  usart.o
    0x0800323c   0x0800323c   0x0000001c   Code   RO         3761    i.HAL_UART_Receive_IT  stm32f4xx_hal_uart.o
    0x08003258   0x08003258   0x000000a4   Code   RO          660    i.HAL_UART_RxCpltCallback  usart.o
    0x080032fc   0x080032fc   0x00000032   Code   RO         3766    i.HAL_UART_Transmit_IT  stm32f4xx_hal_uart.o
    0x0800332e   0x0800332e   0x00000002   Code   RO         3767    i.HAL_UART_TxCpltCallback  stm32f4xx_hal_uart.o
    0x08003330   0x08003330   0x00000002   Code   RO          744    i.HardFault_Handler  stm32f4xx_it.o
    0x08003332   0x08003332   0x0000002e   Code   RO         2352    i.I2C_IsAcknowledgeFailed  stm32f4xx_hal_i2c.o
    0x08003360   0x08003360   0x000000fc   Code   RO         2362    i.I2C_RequestMemoryRead  stm32f4xx_hal_i2c.o
    0x0800345c   0x0800345c   0x000000a8   Code   RO         2363    i.I2C_RequestMemoryWrite  stm32f4xx_hal_i2c.o
    0x08003504   0x08003504   0x00000056   Code   RO         2367    i.I2C_WaitOnBTFFlagUntilTimeout  stm32f4xx_hal_i2c.o
    0x0800355a   0x0800355a   0x00000002   PAD
    0x0800355c   0x0800355c   0x00000090   Code   RO         2368    i.I2C_WaitOnFlagUntilTimeout  stm32f4xx_hal_i2c.o
    0x080035ec   0x080035ec   0x000000bc   Code   RO         2369    i.I2C_WaitOnMasterAddressFlagUntilTimeout  stm32f4xx_hal_i2c.o
    0x080036a8   0x080036a8   0x00000070   Code   RO         2370    i.I2C_WaitOnRXNEFlagUntilTimeout  stm32f4xx_hal_i2c.o
    0x08003718   0x08003718   0x00000056   Code   RO         2371    i.I2C_WaitOnTXEFlagUntilTimeout  stm32f4xx_hal_i2c.o
    0x0800376e   0x0800376e   0x00000002   PAD
    0x08003770   0x08003770   0x00000090   Code   RO         4127    i.Key_Control       key.o
    0x08003800   0x08003800   0x00000050   Code   RO         5256    i.LCD_Clear         lcd.o
    0x08003850   0x08003850   0x0000009a   Code   RO         5122    i.LCD_DrawLine      gui.o
    0x080038ea   0x080038ea   0x00000002   PAD
    0x080038ec   0x080038ec   0x00000018   Code   RO         5257    i.LCD_DrawPoint     lcd.o
    0x08003904   0x08003904   0x0000007c   Code   RO         5377    i.LCD_Dynamic_Show  test.o
    0x08003980   0x08003980   0x000001b0   Code   RO         5258    i.LCD_Init          lcd.o
    0x08003b30   0x08003b30   0x00000030   Code   RO         5259    i.LCD_RESET         lcd.o
    0x08003b60   0x08003b60   0x00000008   Code   RO         5260    i.LCD_SetCursor     lcd.o
    0x08003b68   0x08003b68   0x0000005c   Code   RO         5261    i.LCD_SetWindows    lcd.o
    0x08003bc4   0x08003bc4   0x00000108   Code   RO         5125    i.LCD_ShowChar      gui.o
    0x08003ccc   0x08003ccc   0x00000084   Code   RO         5126    i.LCD_ShowFloat     gui.o
    0x08003d50   0x08003d50   0x00000084   Code   RO         5127    i.LCD_ShowNum       gui.o
    0x08003dd4   0x08003dd4   0x00000060   Code   RO         5128    i.LCD_ShowString    gui.o
    0x08003e34   0x08003e34   0x00000158   Code   RO         5378    i.LCD_Static_Show   test.o
    0x08003f8c   0x08003f8c   0x0000001c   Code   RO         5262    i.LCD_WR_DATA       lcd.o
    0x08003fa8   0x08003fa8   0x00000020   Code   RO         5263    i.LCD_WR_REG        lcd.o
    0x08003fc8   0x08003fc8   0x0000000c   Code   RO         5264    i.LCD_WriteRAM_Prepare  lcd.o
    0x08003fd4   0x08003fd4   0x00000012   Code   RO         5265    i.LCD_WriteReg      lcd.o
    0x08003fe6   0x08003fe6   0x00000002   PAD
    0x08003fe8   0x08003fe8   0x00000050   Code   RO         5266    i.LCD_direction     lcd.o
    0x08004038   0x08004038   0x00000030   Code   RO         4164    i.LED_Init          led.o
    0x08004068   0x08004068   0x00000024   Code   RO         5267    i.Lcd_WriteData_16Bit  lcd.o
    0x0800408c   0x0800408c   0x00000072   Code   RO         5011    i.MPU_Init          mpu6050.o
    0x080040fe   0x080040fe   0x00000002   PAD
    0x08004100   0x08004100   0x00000034   Code   RO         5012    i.MPU_Read_Byte     mpu6050.o
    0x08004134   0x08004134   0x0000000a   Code   RO         5014    i.MPU_Set_Accel_Fsr  mpu6050.o
    0x0800413e   0x0800413e   0x0000000a   Code   RO         5015    i.MPU_Set_Gyro_Fsr  mpu6050.o
    0x08004148   0x08004148   0x00000030   Code   RO         5016    i.MPU_Set_LPF       mpu6050.o
    0x08004178   0x08004178   0x0000002e   Code   RO         5017    i.MPU_Set_Rate      mpu6050.o
    0x080041a6   0x080041a6   0x00000002   PAD
    0x080041a8   0x080041a8   0x00000030   Code   RO         5018    i.MPU_Write_Byte    mpu6050.o
    0x080041d8   0x080041d8   0x00000064   Code   RO          452    i.MX_ADC1_Init      adc.o
    0x0800423c   0x0800423c   0x0000003c   Code   RO          502    i.MX_DMA_Init       dma.o
    0x08004278   0x08004278   0x00000134   Code   RO          248    i.MX_GPIO_Init      gpio.o
    0x080043ac   0x080043ac   0x00000040   Code   RO          528    i.MX_I2C1_Init      i2c.o
    0x080043ec   0x080043ec   0x000000dc   Code   RO          573    i.MX_TIM1_Init      tim.o
    0x080044c8   0x080044c8   0x0000006c   Code   RO          574    i.MX_TIM4_Init      tim.o
    0x08004534   0x08004534   0x0000006c   Code   RO          575    i.MX_TIM5_Init      tim.o
    0x080045a0   0x080045a0   0x00000048   Code   RO          576    i.MX_TIM6_Init      tim.o
    0x080045e8   0x080045e8   0x00000048   Code   RO          577    i.MX_TIM7_Init      tim.o
    0x08004630   0x08004630   0x000000f8   Code   RO          578    i.MX_TIM8_Init      tim.o
    0x08004728   0x08004728   0x00000038   Code   RO          661    i.MX_USART1_UART_Init  usart.o
    0x08004760   0x08004760   0x00000038   Code   RO          662    i.MX_USART2_UART_Init  usart.o
    0x08004798   0x08004798   0x00000038   Code   RO          663    i.MX_USART3_UART_Init  usart.o
    0x080047d0   0x080047d0   0x00000002   Code   RO          745    i.MemManage_Handler  stm32f4xx_it.o
    0x080047d2   0x080047d2   0x00000002   PAD
    0x080047d4   0x080047d4   0x00000060   Code   RO         4289    i.Motor_ClosedLoop_Step  pid.o
    0x08004834   0x08004834   0x000001d0   Code   RO         4290    i.Motor_Control_ClosedLoop  pid.o
    0x08004a04   0x08004a04   0x00000002   Code   RO          746    i.NMI_Handler       stm32f4xx_it.o
    0x08004a06   0x08004a06   0x00000002   PAD
    0x08004a08   0x08004a08   0x000000e0   Code   RO         4291    i.PID_param_init    pid.o
    0x08004ae8   0x08004ae8   0x00000044   Code   RO         4232    i.PWMA_Set          tb6612.o
    0x08004b2c   0x08004b2c   0x00000044   Code   RO         4233    i.PWMB_Set          tb6612.o
    0x08004b70   0x08004b70   0x00000002   Code   RO          747    i.PendSV_Handler    stm32f4xx_it.o
    0x08004b72   0x08004b72   0x00000042   Code   RO         4292    i.PosionPID_realize  pid.o
    0x08004bb4   0x08004bb4   0x00000020   Code   RO         4197    i.Reading           timer.o
    0x08004bd4   0x08004bd4   0x0000004c   Code   RO         5352    i.SPIv_WriteData    spi.o
    0x08004c20   0x08004c20   0x00000002   Code   RO          748    i.SVC_Handler       stm32f4xx_it.o
    0x08004c22   0x08004c22   0x00000002   PAD
    0x08004c24   0x08004c24   0x000000cc   Code   RO         5129    i.Show_Str          gui.o
    0x08004cf0   0x08004cf0   0x00000048   Code   RO          453    i.StartAndGetOneResult  adc.o
    0x08004d38   0x08004d38   0x00000004   Code   RO          749    i.SysTick_Handler   stm32f4xx_it.o
    0x08004d3c   0x08004d3c   0x00000094   Code   RO           14    i.SystemClock_Config  main.o
    0x08004dd0   0x08004dd0   0x00000010   Code   RO         4090    i.SystemInit        system_stm32f4xx.o
    0x08004de0   0x08004de0   0x0000000c   Code   RO          750    i.TIM6_DAC_IRQHandler  stm32f4xx_it.o
    0x08004dec   0x08004dec   0x0000000c   Code   RO          751    i.TIM7_IRQHandler   stm32f4xx_it.o
    0x08004df8   0x08004df8   0x000000d8   Code   RO         2848    i.TIM_Base_SetConfig  stm32f4xx_hal_tim.o
    0x08004ed0   0x08004ed0   0x0000001a   Code   RO         2849    i.TIM_CCxChannelCmd  stm32f4xx_hal_tim.o
    0x08004eea   0x08004eea   0x00000014   Code   RO         2859    i.TIM_ETR_SetConfig  stm32f4xx_hal_tim.o
    0x08004efe   0x08004efe   0x00000010   Code   RO         2860    i.TIM_ITRx_SetConfig  stm32f4xx_hal_tim.o
    0x08004f0e   0x08004f0e   0x00000002   PAD
    0x08004f10   0x08004f10   0x00000060   Code   RO         2861    i.TIM_OC1_SetConfig  stm32f4xx_hal_tim.o
    0x08004f70   0x08004f70   0x0000006c   Code   RO         2862    i.TIM_OC2_SetConfig  stm32f4xx_hal_tim.o
    0x08004fdc   0x08004fdc   0x00000068   Code   RO         2863    i.TIM_OC3_SetConfig  stm32f4xx_hal_tim.o
    0x08005044   0x08005044   0x00000050   Code   RO         2864    i.TIM_OC4_SetConfig  stm32f4xx_hal_tim.o
    0x08005094   0x08005094   0x00000022   Code   RO         2866    i.TIM_TI1_ConfigInputStage  stm32f4xx_hal_tim.o
    0x080050b6   0x080050b6   0x00000024   Code   RO         2868    i.TIM_TI2_ConfigInputStage  stm32f4xx_hal_tim.o
    0x080050da   0x080050da   0x00000010   Code   RO         3769    i.UART_DMAAbortOnError  stm32f4xx_hal_uart.o
    0x080050ea   0x080050ea   0x0000004e   Code   RO         3779    i.UART_EndRxTransfer  stm32f4xx_hal_uart.o
    0x08005138   0x08005138   0x000000c2   Code   RO         3781    i.UART_Receive_IT   stm32f4xx_hal_uart.o
    0x080051fa   0x080051fa   0x00000002   PAD
    0x080051fc   0x080051fc   0x0000010c   Code   RO         3782    i.UART_SetConfig    stm32f4xx_hal_uart.o
    0x08005308   0x08005308   0x00000036   Code   RO         3784    i.UART_Start_Receive_IT  stm32f4xx_hal_uart.o
    0x0800533e   0x0800533e   0x00000002   PAD
    0x08005340   0x08005340   0x0000000c   Code   RO          752    i.USART1_IRQHandler  stm32f4xx_it.o
    0x0800534c   0x0800534c   0x0000000c   Code   RO          753    i.USART2_IRQHandler  stm32f4xx_it.o
    0x08005358   0x08005358   0x0000000c   Code   RO          754    i.USART3_IRQHandler  stm32f4xx_it.o
    0x08005364   0x08005364   0x00000002   Code   RO          755    i.UsageFault_Handler  stm32f4xx_it.o
    0x08005366   0x08005366   0x00000010   Code   RO         4236    i.Xianfu            tb6612.o
    0x08005376   0x08005376   0x00000002   PAD
    0x08005378   0x08005378   0x00000020   Code   RO         5767    i.__0printf         mc_w.l(printfa.o)
    0x08005398   0x08005398   0x00000030   Code   RO         5843    i.__ARM_fpclassify  m_wm.l(fpclassify.o)
    0x080053c8   0x080053c8   0x00000020   Code   RO         1918    i.__NVIC_SetPriority  stm32f4xx_hal_cortex.o
    0x080053e8   0x080053e8   0x00000360   Code   RO         5495    i.__hardfp_asin     m_wm.l(asin.o)
    0x08005748   0x08005748   0x000002d8   Code   RO         5809    i.__hardfp_atan     m_wm.l(atan.o)
    0x08005a20   0x08005a20   0x00000200   Code   RO         5509    i.__hardfp_atan2    m_wm.l(atan2.o)
    0x08005c20   0x08005c20   0x000000f8   Code   RO         5845    i.__kernel_poly     m_wm.l(poly.o)
    0x08005d18   0x08005d18   0x00000014   Code   RO         5824    i.__mathlib_dbl_infnan  m_wm.l(dunder.o)
    0x08005d2c   0x08005d2c   0x00000014   Code   RO         5825    i.__mathlib_dbl_infnan2  m_wm.l(dunder.o)
    0x08005d40   0x08005d40   0x00000020   Code   RO         5826    i.__mathlib_dbl_invalid  m_wm.l(dunder.o)
    0x08005d60   0x08005d60   0x00000020   Code   RO         5829    i.__mathlib_dbl_underflow  m_wm.l(dunder.o)
    0x08005d80   0x08005d80   0x0000000e   Code   RO         5911    i.__scatterload_copy  mc_w.l(handlers.o)
    0x08005d8e   0x08005d8e   0x00000002   Code   RO         5912    i.__scatterload_null  mc_w.l(handlers.o)
    0x08005d90   0x08005d90   0x0000000e   Code   RO         5913    i.__scatterload_zeroinit  mc_w.l(handlers.o)
    0x08005d9e   0x08005d9e   0x00000002   PAD
    0x08005da0   0x08005da0   0x0000000c   Code   RO         5887    i.__set_errno       mc_w.l(errno.o)
    0x08005dac   0x08005dac   0x00000184   Code   RO         5774    i._fp_digits        mc_w.l(printfa.o)
    0x08005f30   0x08005f30   0x000006b4   Code   RO         5775    i._printf_core      mc_w.l(printfa.o)
    0x080065e4   0x080065e4   0x00000024   Code   RO         5776    i._printf_post_padding  mc_w.l(printfa.o)
    0x08006608   0x08006608   0x0000002e   Code   RO         5777    i._printf_pre_padding  mc_w.l(printfa.o)
    0x08006636   0x08006636   0x00000002   PAD
    0x08006638   0x08006638   0x00000090   Code   RO         4469    i.accel_self_test   inv_mpu.o
    0x080066c8   0x080066c8   0x00000056   Code   RO         4294    i.addPID_realize    pid.o
    0x0800671e   0x0800671e   0x00000010   Code   RO         5811    i.atan              m_wm.l(atan.o)
    0x0800672e   0x0800672e   0x00000002   PAD
    0x08006730   0x08006730   0x00000048   Code   RO         4295    i.clear             pid.o
    0x08006778   0x08006778   0x0000003a   Code   RO         4821    i.dmp_enable_6x_lp_quat  inv_mpu_dmp_motion_driver.o
    0x080067b2   0x080067b2   0x00000002   PAD
    0x080067b4   0x080067b4   0x000001d8   Code   RO         4822    i.dmp_enable_feature  inv_mpu_dmp_motion_driver.o
    0x0800698c   0x0800698c   0x0000003c   Code   RO         4823    i.dmp_enable_gyro_cal  inv_mpu_dmp_motion_driver.o
    0x080069c8   0x080069c8   0x0000003a   Code   RO         4824    i.dmp_enable_lp_quat  inv_mpu_dmp_motion_driver.o
    0x08006a02   0x08006a02   0x00000002   PAD
    0x08006a04   0x08006a04   0x00000014   Code   RO         4829    i.dmp_load_motion_driver_firmware  inv_mpu_dmp_motion_driver.o
    0x08006a18   0x08006a18   0x00000168   Code   RO         4830    i.dmp_read_fifo     inv_mpu_dmp_motion_driver.o
    0x08006b80   0x08006b80   0x000000d8   Code   RO         4833    i.dmp_set_accel_bias  inv_mpu_dmp_motion_driver.o
    0x08006c58   0x08006c58   0x00000064   Code   RO         4834    i.dmp_set_fifo_rate  inv_mpu_dmp_motion_driver.o
    0x08006cbc   0x08006cbc   0x000000cc   Code   RO         4835    i.dmp_set_gyro_bias  inv_mpu_dmp_motion_driver.o
    0x08006d88   0x08006d88   0x0000010c   Code   RO         4837    i.dmp_set_orientation  inv_mpu_dmp_motion_driver.o
    0x08006e94   0x08006e94   0x00000030   Code   RO         4840    i.dmp_set_shake_reject_thresh  inv_mpu_dmp_motion_driver.o
    0x08006ec4   0x08006ec4   0x00000020   Code   RO         4841    i.dmp_set_shake_reject_time  inv_mpu_dmp_motion_driver.o
    0x08006ee4   0x08006ee4   0x00000020   Code   RO         4842    i.dmp_set_shake_reject_timeout  inv_mpu_dmp_motion_driver.o
    0x08006f04   0x08006f04   0x00000040   Code   RO         4843    i.dmp_set_tap_axes  inv_mpu_dmp_motion_driver.o
    0x08006f44   0x08006f44   0x00000022   Code   RO         4844    i.dmp_set_tap_count  inv_mpu_dmp_motion_driver.o
    0x08006f66   0x08006f66   0x00000002   PAD
    0x08006f68   0x08006f68   0x00000160   Code   RO         4845    i.dmp_set_tap_thresh  inv_mpu_dmp_motion_driver.o
    0x080070c8   0x080070c8   0x00000020   Code   RO         4846    i.dmp_set_tap_time  inv_mpu_dmp_motion_driver.o
    0x080070e8   0x080070e8   0x00000020   Code   RO         4847    i.dmp_set_tap_time_multi  inv_mpu_dmp_motion_driver.o
    0x08007108   0x08007108   0x00000018   Code   RO         5839    i.fabs              m_wm.l(fabs.o)
    0x08007120   0x08007120   0x00000014   Code   RO          664    i.fputc             usart.o
    0x08007134   0x08007134   0x000000b4   Code   RO         4470    i.get_accel_prod_shift  inv_mpu.o
    0x080071e8   0x080071e8   0x00000314   Code   RO         4471    i.get_st_biases     inv_mpu.o
    0x080074fc   0x080074fc   0x000000d4   Code   RO         4472    i.gyro_self_test    inv_mpu.o
    0x080075d0   0x080075d0   0x00000022   Code   RO         4473    i.inv_orientation_matrix_to_scalar  inv_mpu.o
    0x080075f2   0x080075f2   0x00000048   Code   RO         4474    i.inv_row_2_scale   inv_mpu.o
    0x0800763a   0x0800763a   0x00000002   PAD
    0x0800763c   0x0800763c   0x000000a4   Code   RO         4128    i.key_scan          key.o
    0x080076e0   0x080076e0   0x00000250   Code   RO           15    i.main              main.o
    0x08007930   0x08007930   0x00000002   Code   RO         4475    i.mget_ms           inv_mpu.o
    0x08007932   0x08007932   0x00000002   PAD
    0x08007934   0x08007934   0x00000054   Code   RO         4476    i.mpu_configure_fifo  inv_mpu.o
    0x08007988   0x08007988   0x00000164   Code   RO         4477    i.mpu_dmp_get_data  inv_mpu.o
    0x08007aec   0x08007aec   0x000000a0   Code   RO         4478    i.mpu_dmp_init      inv_mpu.o
    0x08007b8c   0x08007b8c   0x0000003c   Code   RO         4479    i.mpu_get_accel_fsr  inv_mpu.o
    0x08007bc8   0x08007bc8   0x00000044   Code   RO         4481    i.mpu_get_accel_sens  inv_mpu.o
    0x08007c0c   0x08007c0c   0x00000034   Code   RO         4487    i.mpu_get_gyro_fsr  inv_mpu.o
    0x08007c40   0x08007c40   0x0000004c   Code   RO         4489    i.mpu_get_gyro_sens  inv_mpu.o
    0x08007c8c   0x08007c8c   0x00000038   Code   RO         4491    i.mpu_get_lpf       inv_mpu.o
    0x08007cc4   0x08007cc4   0x0000001c   Code   RO         4493    i.mpu_get_sample_rate  inv_mpu.o
    0x08007ce0   0x08007ce0   0x00000188   Code   RO         4495    i.mpu_init          inv_mpu.o
    0x08007e68   0x08007e68   0x000000a0   Code   RO         4496    i.mpu_load_firmware  inv_mpu.o
    0x08007f08   0x08007f08   0x000000b8   Code   RO         4497    i.mpu_lp_accel_mode  inv_mpu.o
    0x08007fc0   0x08007fc0   0x00000090   Code   RO         4500    i.mpu_read_fifo_stream  inv_mpu.o
    0x08008050   0x08008050   0x00000054   Code   RO         4501    i.mpu_read_mem      inv_mpu.o
    0x080080a4   0x080080a4   0x00000160   Code   RO         4504    i.mpu_reset_fifo    inv_mpu.o
    0x08008204   0x08008204   0x000000f0   Code   RO         4505    i.mpu_run_self_test  inv_mpu.o
    0x080082f4   0x080082f4   0x00000068   Code   RO         4507    i.mpu_set_accel_fsr  inv_mpu.o
    0x0800835c   0x0800835c   0x000000dc   Code   RO         4508    i.mpu_set_bypass    inv_mpu.o
    0x08008438   0x08008438   0x00000078   Code   RO         4510    i.mpu_set_dmp_state  inv_mpu.o
    0x080084b0   0x080084b0   0x0000006c   Code   RO         4511    i.mpu_set_gyro_fsr  inv_mpu.o
    0x0800851c   0x0800851c   0x00000064   Code   RO         4512    i.mpu_set_int_latched  inv_mpu.o
    0x08008580   0x08008580   0x0000006c   Code   RO         4514    i.mpu_set_lpf       inv_mpu.o
    0x080085ec   0x080085ec   0x00000080   Code   RO         4515    i.mpu_set_sample_rate  inv_mpu.o
    0x0800866c   0x0800866c   0x000000b8   Code   RO         4516    i.mpu_set_sensors   inv_mpu.o
    0x08008724   0x08008724   0x00000054   Code   RO         4517    i.mpu_write_mem     inv_mpu.o
    0x08008778   0x08008778   0x00000008   Code   RO         4237    i.myabs             tb6612.o
    0x08008780   0x08008780   0x00000010   Code   RO         5132    i.mypow             gui.o
    0x08008790   0x08008790   0x00000088   Code   RO         4518    i.run_self_test     inv_mpu.o
    0x08008818   0x08008818   0x00000058   Code   RO         4519    i.set_int_enable    inv_mpu.o
    0x08008870   0x08008870   0x00000068   Code   RO         4296    i.speed_pid         pid.o
    0x080088d8   0x080088d8   0x0000006e   Code   RO         5850    i.sqrt              m_wm.l(sqrt.o)
    0x08008946   0x08008946   0x00000008   Data   RO         1634    .constdata          stm32f4xx_hal_dma.o
    0x0800894e   0x0800894e   0x00000010   Data   RO         4091    .constdata          system_stm32f4xx.o
    0x0800895e   0x0800895e   0x00000008   Data   RO         4092    .constdata          system_stm32f4xx.o
    0x08008966   0x08008966   0x0000001b   Data   RO         4521    .constdata          inv_mpu.o
    0x08008981   0x08008981   0x00000001   PAD
    0x08008982   0x08008982   0x0000000c   Data   RO         4522    .constdata          inv_mpu.o
    0x0800898e   0x0800898e   0x00000002   PAD
    0x08008990   0x08008990   0x00000028   Data   RO         4523    .constdata          inv_mpu.o
    0x080089b8   0x080089b8   0x00000bf6   Data   RO         4849    .constdata          inv_mpu_dmp_motion_driver.o
    0x080095ae   0x080095ae   0x000016ae   Data   RO         5133    .constdata          gui.o
    0x0800ac5c   0x0800ac5c   0x00000c80   Data   RO         5381    .constdata          test.o
    0x0800b8dc   0x0800b8dc   0x00000004   PAD
    0x0800b8e0   0x0800b8e0   0x00000050   Data   RO         5498    .constdata          m_wm.l(asin.o)
    0x0800b930   0x0800b930   0x00000098   Data   RO         5812    .constdata          m_wm.l(atan.o)
    0x0800b9c8   0x0800b9c8   0x00000008   Data   RO         5847    .constdata          m_wm.l(qnan.o)
    0x0800b9d0   0x0800b9d0   0x0000004d   Data   RO         4524    .conststring        inv_mpu.o
    0x0800ba1d   0x0800ba1d   0x00000003   PAD
    0x0800ba20   0x0800ba20   0x00000020   Data   RO         5909    Region$$Table       anon$$obj.o


    Execution Region RW_IRAM1 (Exec base: 0x20000000, Load base: 0x0800ba40, Size: 0x00000970, Max: 0x0001c000, ABSOLUTE)

    Exec Addr    Load Addr    Size         Type   Attr      Idx    E Section Name        Object

    0x20000000   0x0800ba40   0x00000008   Data   RW          455    .data               adc.o
    0x20000008   0x0800ba48   0x00000004   Data   RW          456    .data               adc.o
    0x2000000c   0x0800ba4c   0x00000004   Data   RW          457    .data               adc.o
    0x20000010   0x0800ba50   0x00000004   Data   RW          458    .data               adc.o
    0x20000014   0x0800ba54   0x00000012   Data   RW          678    .data               usart.o
    0x20000026   0x0800ba66   0x00000002   PAD
    0x20000028   0x0800ba68   0x0000000c   Data   RW         2067    .data               stm32f4xx_hal.o
    0x20000034   0x0800ba74   0x00000004   Data   RW         4093    .data               system_stm32f4xx.o
    0x20000038   0x0800ba78   0x0000000c   Data   RW         4129    .data               key.o
    0x20000044   0x0800ba84   0x00000014   Data   RW         4198    .data               timer.o
    0x20000058   0x0800ba98   0x0000000c   Data   RW         4298    .data               pid.o
    0x20000064   0x0800baa4   0x00000035   Data   RW         4525    .data               inv_mpu.o
    0x20000099   0x0800bad9   0x00000003   PAD
    0x2000009c   0x0800badc   0x00000004   Data   RW         5020    .data               mpu6050.o
    0x200000a0   0x0800bae0   0x00000004   Data   RW         5021    .data               mpu6050.o
    0x200000a4   0x0800bae4   0x00000004   Data   RW         5022    .data               mpu6050.o
    0x200000a8   0x0800bae8   0x00000002   Data   RW         5269    .data               lcd.o
    0x200000aa   0x0800baea   0x00000002   Data   RW         5270    .data               lcd.o
    0x200000ac   0x0800baec   0x00000004   Data   RW         5876    .data               mc_w.l(stdout.o)
    0x200000b0   0x0800baf0   0x00000004   Data   RW         5888    .data               mc_w.l(errno.o)
    0x200000b4        -       0x00000048   Zero   RW          454    .bss                adc.o
    0x200000fc        -       0x00000054   Zero   RW          529    .bss                i2c.o
    0x20000150        -       0x000001b0   Zero   RW          579    .bss                tim.o
    0x20000300        -       0x00000198   Zero   RW          665    .bss                usart.o
    0x20000498        -       0x000000b4   Zero   RW         4297    .bss                pid.o
    0x2000054c        -       0x00000010   Zero   RW         4848    .bss                inv_mpu_dmp_motion_driver.o
    0x2000055c        -       0x0000000e   Zero   RW         5268    .bss                lcd.o
    0x2000056a   0x0800baf4   0x00000006   PAD
    0x20000570        -       0x00000400   Zero   RW            1    STACK               startup_stm32f407xx.o


    Execution Region RW_IRAM2 (Exec base: 0x2001c000, Load base: 0x0800baf4, Size: 0x00000000, Max: 0x00004000, ABSOLUTE)

    **** No section assigned to this execution region ****


==============================================================================

Image component sizes


      Code (inc. data)   RO Data    RW Data    ZI Data      Debug   Object Name

       268         38          0         20         72       2510   adc.o
        60          4          0          0          0        802   dma.o
       308         20          0          0          0     709855   gpio.o
      1794         98       5806          0          0      12707   gui.o
       188         28          0          0         84       1749   i2c.o
      5308        306        156         53          0      32770   inv_mpu.o
      2442        134       3062          0         16      20990   inv_mpu_dmp_motion_driver.o
       308         22          0         12          0       1554   key.o
       890         42          0          4         14       9346   lcd.o
        52         10          0          0          0       1295   led.o
       744        258          0          0          0      71012   main.o
       408         24          0         12          0       6593   mpu6050.o
      1112        110          0         12        180       6140   pid.o
        76          6          0          0          0        677   spi.o
        36          8        392          0       1024        844   startup_stm32f407xx.o
       180         28          0         12          0       9485   stm32f4xx_hal.o
      1140         52          0          0          0       5334   stm32f4xx_hal_adc.o
       198         14          0          0          0      33899   stm32f4xx_hal_cortex.o
       934         16          8          0          0       5687   stm32f4xx_hal_dma.o
       532         46          0          0          0       3548   stm32f4xx_hal_gpio.o
      2294         52          0          0          0      13318   stm32f4xx_hal_i2c.o
        48          6          0          0          0        878   stm32f4xx_hal_msp.o
      1348         76          0          0          0       5300   stm32f4xx_hal_rcc.o
      2288        138          0          0          0      19297   stm32f4xx_hal_tim.o
       232         28          0          0          0       3361   stm32f4xx_hal_tim_ex.o
      1418         16          0          0          0      10155   stm32f4xx_hal_uart.o
       104         42          0          0          0       7626   stm32f4xx_it.o
        16          4         24          4          0       1159   system_stm32f4xx.o
       160         16          0          0          0       2699   tb6612.o
       468        112       3200          0          0       2094   test.o
      1280        120          0          0        432       6887   tim.o
       432        102          0         20          0       1999   timer.o
       744         90          0         18        408       5405   usart.o

    ----------------------------------------------------------------------
     27862       2066      12690        172       2236    1016975   Object Totals
         0          0         32          0          0          0   (incl. Generated)
        52          0         10          5          6          0   (incl. Padding)

    ----------------------------------------------------------------------

      Code (inc. data)   RO Data    RW Data    ZI Data      Debug   Library Member Name

       864         94         80          0          0        280   asin.o
       744        106        152          0          0        352   atan.o
       512         64          0          0          0        208   atan2.o
       104         16          0          0          0        496   dunder.o
        24          0          0          0          0        124   fabs.o
        48          0          0          0          0        124   fpclassify.o
       248          0          0          0          0        152   poly.o
         0          0          8          0          0          0   qnan.o
       110          0          0          0          0        148   sqrt.o
         0          0          0          0          0          0   entry.o
         0          0          0          0          0          0   entry10a.o
         0          0          0          0          0          0   entry11a.o
         4          0          0          0          0          0   entry12b.o
         8          4          0          0          0          0   entry2.o
         4          0          0          0          0          0   entry5.o
         0          0          0          0          0          0   entry7b.o
         0          0          0          0          0          0   entry8b.o
         8          4          0          0          0          0   entry9a.o
        12          6          0          4          0         68   errno.o
        30          0          0          0          0          0   handlers.o
        36          8          0          0          0         68   init.o
         0          0          0          0          0          0   iusefp.o
        98          0          0          0          0         84   ldiv.o
        30          0          0          0          0         68   llshl.o
        36          0          0          0          0         68   llsshr.o
        32          0          0          0          0         68   llushr.o
        26          0          0          0          0         80   memcmp.o
        36          0          0          0          0        108   memseta.o
      2218         90          0          0          0        464   printfa.o
         0          0          0          4          0          0   stdout.o
        44          0          0          0          0         80   uidiv.o
        98          0          0          0          0         92   uldiv.o
        48          0          0          0          0         68   cdcmple.o
        48          0          0          0          0         68   cdrcmple.o
        56          0          0          0          0         88   d2f.o
       334          0          0          0          0        148   dadd.o
       222          0          0          0          0        100   ddiv.o
       186          0          0          0          0        176   depilogue.o
        48          0          0          0          0         68   dfixul.o
        26          0          0          0          0         76   dfltui.o
       228          0          0          0          0         96   dmul.o
       162          0          0          0          0        100   dsqrt.o
        38          0          0          0          0         68   f2d.o
       110          0          0          0          0        168   fepilogue.o

    ----------------------------------------------------------------------
      6888        392        240          8          0       4356   Library Totals
         8          0          0          0          0          0   (incl. Padding)

    ----------------------------------------------------------------------

      Code (inc. data)   RO Data    RW Data    ZI Data      Debug   Library Name

      2654        280        240          0          0       1884   m_wm.l
      2720        112          0          8          0       1248   mc_w.l
      1506          0          0          0          0       1224   mf_w.l

    ----------------------------------------------------------------------
      6888        392        240          8          0       4356   Library Totals

    ----------------------------------------------------------------------

==============================================================================


      Code (inc. data)   RO Data    RW Data    ZI Data      Debug   

     34750       2458      12930        180       2236     997287   Grand Totals
     34750       2458      12930        180       2236     997287   ELF Image Totals
     34750       2458      12930        180          0          0   ROM Totals

==============================================================================

    Total RO  Size (Code + RO Data)                47680 (  46.56kB)
    Total RW  Size (RW Data + ZI Data)              2416 (   2.36kB)
    Total ROM Size (Code + RO Data + RW Data)      47860 (  46.74kB)

==============================================================================

