<html>
<body>
<pre>
<h1>µVision Build Log</h1>
<h2>Tool Versions:</h2>
IDE-Version: ÂµVision V5.38.0.0
Copyright (C) 2022 ARM Ltd and ARM Germany GmbH. All rights reserved.
License Information: li lhj2750200891, houjun, LIC=14HV2-94RF3-9U14U-S5MXU-DCAL0-ZBJNM
 
Tool Versions:
Toolchain:       MDK-ARM Plus  Version: 5.38.0.0
Toolchain Path:  C:\user-lihoujun\app\Study\MDK\ARM\ARMCC\Bin
C Compiler:      Armcc.exe V5.06 update 7 (build 960)
Assembler:       Armasm.exe V5.06 update 7 (build 960)
Linker/Locator:  ArmLink.exe V5.06 update 7 (build 960)
Library Manager: ArmAr.exe V5.06 update 7 (build 960)
Hex Converter:   FromElf.exe V5.06 update 7 (build 960)
CPU DLL:         SARMCM3.DLL V5.38.0.0
Dialog DLL:      DCM.DLL V1.17.5.0
Target DLL:      Segger\JL2CM3.dll V2.99.42.0
Dialog DLL:      TCM.DLL V1.56.4.0
 
<h2>Project:</h2>
E:\Git\FreeRTOS\FreeRTOS_StepMotor\MDK-ARM\F407ZGT6.uvprojx
Project File Date:  10/02/2024

<h2>Output:</h2>
*** Using Compiler 'V5.06 update 7 (build 960)', folder: 'C:\user-lihoujun\app\Study\MDK\ARM\ARMCC\Bin'
Rebuild target 'F407ZGT6'
assembling startup_stm32f407xx.s...
compiling stm32f4xx_hal_timebase_tim.c...
compiling main.c...
compiling stm32f4xx_hal_msp.c...
compiling dma.c...
compiling stm32f4xx_ll_adc.c...
compiling freertos.c...
compiling stm32f4xx_it.c...
compiling adc.c...
compiling gpio.c...
compiling usart.c...
compiling i2c.c...
compiling tim.c...
compiling stm32f4xx_hal_adc.c...
compiling stm32f4xx_hal_adc_ex.c...
compiling stm32f4xx_hal_pwr.c...
compiling stm32f4xx_hal_dma.c...
compiling stm32f4xx_hal_flash_ramfunc.c...
compiling stm32f4xx_hal_pwr_ex.c...
compiling stm32f4xx_hal_flash_ex.c...
compiling stm32f4xx_hal_flash.c...
compiling stm32f4xx_hal_rcc.c...
compiling stm32f4xx_hal_gpio.c...
compiling stm32f4xx_hal_rcc_ex.c...
compiling stm32f4xx_hal_dma_ex.c...
compiling stm32f4xx_hal_cortex.c...
compiling stm32f4xx_hal_exti.c...
compiling stm32f4xx_hal_i2c_ex.c...
compiling system_stm32f4xx.c...
compiling stm32f4xx_hal.c...
compiling stm32f4xx_hal_tim_ex.c...
compiling stm32f4xx_hal_uart.c...
compiling croutine.c...
compiling event_groups.c...
compiling LED.c...
compiling stm32f4xx_hal_i2c.c...
compiling list.c...
compiling KEY.c...
..\Hardware\KEY\KEY.c(44): warning:  #870-D: invalid multibyte character sequence
  		 printf("ï¿½ï¿½ï¿½ï¿½ï¿½ï¿½ï¿½ï¿½ï¿½ï¿½IDï¿½ï¿½%d\r\n",id);            
..\Hardware\KEY\KEY.c(54): warning:  #870-D: invalid multibyte character sequence
         printf("ï¿½ï¿½ï¿½ï¿½ï¿½ï¿½ï¿½ï¿½ï¿½ï¿½ï¿½ï¿½ï¿½ï¿½ï¿½ï¿½ï¿½%d\r\n",Step_Angle); 
..\Hardware\KEY\KEY.c: 2 warnings, 0 errors
compiling stream_buffer.c...
compiling queue.c...
compiling heap_4.c...
compiling timers.c...
compiling tasks.c...
compiling stm32f4xx_hal_tim.c...
compiling port.c...
compiling wit_c_sdk.c...
compiling timer.c...
compiling RTOS.c...
..\Hardware\RTOS\RTOS.c(153): warning:  #870-D: invalid multibyte character sequence
  		 printf("ï¿½ï¿½ï¿½ï¿½ï¿½ï¿½ï¿½ï¿½ï¿½ï¿½IDï¿½ï¿½%d\r\n",id);            
..\Hardware\RTOS\RTOS.c(163): warning:  #870-D: invalid multibyte character sequence
         printf("ï¿½ï¿½ï¿½ï¿½ï¿½ï¿½ï¿½ï¿½ï¿½ï¿½ï¿½ï¿½ï¿½ï¿½ï¿½ï¿½ï¿½%d\r\n",Step_Angle); 
..\Hardware\RTOS\RTOS.c: 2 warnings, 0 errors
compiling Delay.c...
compiling TB6612.c...
compiling PID.c...
compiling sys.c...
compiling GUI.c...
compiling cmsis_os2.c...
compiling HWT101.c...
..\Hardware\HWT101\HWT101.c(102): warning:  #1-D: last line of file ends without a newline
  }
..\Hardware\HWT101\HWT101.c: 1 warning, 0 errors
compiling lcd.c...
compiling SPI.c...
compiling stepper_motor.c...
compiling test.c...
compiling stepper_tim.c...
linking...
Program Size: Code=27792 RO-data=6876 RW-data=344 ZI-data=21656  
FromELF: creating hex file...
"F407ZGT6\F407ZGT6.axf" - 0 Error(s), 5 Warning(s).

<h2>Software Packages used:</h2>

Package Vendor: ARM
                http://www.keil.com/pack/ARM.CMSIS.5.9.0.pack
                ARM.CMSIS.5.9.0
                CMSIS (Common Microcontroller Software Interface Standard)
   * Component: CORE Version: 5.6.0

Package Vendor: Keil
                https://www.keil.com/pack/Keil.STM32F4xx_DFP.2.17.1.pack
                Keil.STM32F4xx_DFP.2.17.1
                STMicroelectronics STM32F4 Series Device Support, Drivers and Examples

<h2>Collection of Component include folders:</h2>
  ./RTE/_F407ZGT6
  C:/user-lihoujun/app/Study/STM32CubeMX/Packs/ARM/CMSIS/5.9.0/CMSIS/Core/Include
  C:/user-lihoujun/app/Study/STM32CubeMX/Packs/Keil/STM32F4xx_DFP/2.17.1/Drivers/CMSIS/Device/ST/STM32F4xx/Include

<h2>Collection of Component Files used:</h2>

   * Component: ARM::CMSIS:CORE:5.6.0
      Include file:  CMSIS/Core/Include/tz_context.h
Build Time Elapsed:  00:00:40
</pre>
</body>
</html>
