Component: ARM Compiler 5.06 update 7 (build 960) Tool: armlink [4d3601]

==============================================================================

Section Cross References

    startup_stm32f407xx.o(STACK) refers (Special) to heapauxi.o(.text) for __use_two_region_memory
    startup_stm32f407xx.o(HEAP) refers (Special) to heapauxi.o(.text) for __use_two_region_memory
    startup_stm32f407xx.o(RESET) refers (Special) to heapauxi.o(.text) for __use_two_region_memory
    startup_stm32f407xx.o(RESET) refers to startup_stm32f407xx.o(STACK) for __initial_sp
    startup_stm32f407xx.o(RESET) refers to startup_stm32f407xx.o(.text) for Reset_Handler
    startup_stm32f407xx.o(RESET) refers to stm32f4xx_it.o(i.NMI_Handler) for NMI_Handler
    startup_stm32f407xx.o(RESET) refers to stm32f4xx_it.o(i.HardFault_Handler) for HardFault_Handler
    startup_stm32f407xx.o(RESET) refers to stm32f4xx_it.o(i.MemManage_Handler) for MemManage_Handler
    startup_stm32f407xx.o(RESET) refers to stm32f4xx_it.o(i.BusFault_Handler) for BusFault_Handler
    startup_stm32f407xx.o(RESET) refers to stm32f4xx_it.o(i.UsageFault_Handler) for UsageFault_Handler
    startup_stm32f407xx.o(RESET) refers to port.o(.emb_text) for SVC_Handler
    startup_stm32f407xx.o(RESET) refers to stm32f4xx_it.o(i.DebugMon_Handler) for DebugMon_Handler
    startup_stm32f407xx.o(RESET) refers to delay.o(i.SysTick_Handler) for SysTick_Handler
    startup_stm32f407xx.o(RESET) refers to usart.o(i.USART1_IRQHandler) for USART1_IRQHandler
    startup_stm32f407xx.o(RESET) refers to usart.o(i.USART2_IRQHandler) for USART2_IRQHandler
    startup_stm32f407xx.o(RESET) refers to btim.o(i.TIM6_DAC_IRQHandler) for TIM6_DAC_IRQHandler
    startup_stm32f407xx.o(RESET) refers to btim.o(i.TIM7_IRQHandler) for TIM7_IRQHandler
    startup_stm32f407xx.o(.text) refers (Special) to heapauxi.o(.text) for __use_two_region_memory
    startup_stm32f407xx.o(.text) refers to system_stm32f4xx.o(i.SystemInit) for SystemInit
    startup_stm32f407xx.o(.text) refers to __main.o(!!!main) for __main
    startup_stm32f407xx.o(.text) refers to startup_stm32f407xx.o(HEAP) for Heap_Mem
    startup_stm32f407xx.o(.text) refers to startup_stm32f407xx.o(STACK) for Stack_Mem
    main.o(i.main) refers to stm32f4xx_hal.o(i.HAL_Init) for HAL_Init
    main.o(i.main) refers to sys.o(i.sys_stm32_clock_init) for sys_stm32_clock_init
    main.o(i.main) refers to delay.o(i.delay_init) for delay_init
    main.o(i.main) refers to usart.o(i.usart_init) for usart_init
    main.o(i.main) refers to usart.o(i.usart2_init) for usart2_init
    main.o(i.main) refers to hwt101.o(i.HWT101_Init) for HWT101_Init
    main.o(i.main) refers to led.o(i.led_init) for led_init
    main.o(i.main) refers to oled.o(i.OLED_Init) for OLED_Init
    main.o(i.main) refers to key.o(i.key_init) for key_init
    main.o(i.main) refers to gpio.o(i.gpio_init) for gpio_init
    main.o(i.main) refers to btim.o(i.MX_TIM2_Init) for MX_TIM2_Init
    main.o(i.main) refers to btim.o(i.MX_TIM3_Init) for MX_TIM3_Init
    main.o(i.main) refers to btim.o(i.MX_TIM4_Init) for MX_TIM4_Init
    main.o(i.main) refers to btim.o(i.MX_TIM5_Init) for MX_TIM5_Init
    main.o(i.main) refers to pwm.o(i.PWM_Init) for PWM_Init
    main.o(i.main) refers to stm32f4xx_hal_tim.o(i.HAL_TIM_Encoder_Start) for HAL_TIM_Encoder_Start
    main.o(i.main) refers to adc.o(i.adc_init) for adc_init
    main.o(i.main) refers to moto.o(i.moto_init) for moto_init
    main.o(i.main) refers to pid.o(i.PID_param_init) for PID_param_init
    main.o(i.main) refers to pwm.o(i.PWM14_Init) for PWM14_Init
    main.o(i.main) refers to malloc.o(i.my_mem_init) for my_mem_init
    main.o(i.main) refers to freertos_demo.o(i.freertos_demo) for freertos_demo
    main.o(i.main) refers to btim.o(.bss) for htim2
    system_stm32f4xx.o(i.SystemCoreClockUpdate) refers to system_stm32f4xx.o(.data) for SystemCoreClock
    system_stm32f4xx.o(i.SystemCoreClockUpdate) refers to system_stm32f4xx.o(.constdata) for AHBPrescTable
    freertos_demo.o(i.MOTO_task) refers to tasks.o(i.vTaskDelay) for vTaskDelay
    freertos_demo.o(i.freertos_demo) refers to tasks.o(i.xTaskCreate) for xTaskCreate
    freertos_demo.o(i.freertos_demo) refers to tasks.o(i.vTaskStartScheduler) for vTaskStartScheduler
    freertos_demo.o(i.freertos_demo) refers to freertos_demo.o(.data) for StartTask_Handler
    freertos_demo.o(i.freertos_demo) refers to freertos_demo.o(i.start_task) for start_task
    freertos_demo.o(i.main_task) refers to key.o(i.key_scan) for key_scan
    freertos_demo.o(i.main_task) refers to fuzzypid.o(i.Moto_Config) for Moto_Config
    freertos_demo.o(i.main_task) refers to tasks.o(i.vTaskDelay) for vTaskDelay
    freertos_demo.o(i.main_task) refers to fuzzypid.o(i.turn90) for turn90
    freertos_demo.o(i.main_task) refers to fuzzypid.o(i.fuzzypid_clearerr) for fuzzypid_clearerr
    freertos_demo.o(i.main_task) refers to control.o(.data) for pidmode
[...]
    UART4_IRQHandler                         0x0800035d   Thumb Code     0  startup_stm32f407xx.o(.text)
    UART5_IRQHandler                         0x0800035d   Thumb Code     0  startup_stm32f407xx.o(.text)
    USART3_IRQHandler                        0x0800035d   Thumb Code     0  startup_stm32f407xx.o(.text)
    USART6_IRQHandler                        0x0800035d   Thumb Code     0  startup_stm32f407xx.o(.text)
    WWDG_IRQHandler                          0x0800035d   Thumb Code     0  startup_stm32f407xx.o(.text)
    __user_initial_stackheap                 0x08000361   Thumb Code     0  startup_stm32f407xx.o(.text)
    __use_no_semihosting                     0x08000385   Thumb Code     2  use_no_semi_2.o(.text)
    __aeabi_uldivmod                         0x08000387   Thumb Code     0  lludivv7m.o(.text)
    _ll_udiv                                 0x08000387   Thumb Code   238  lludivv7m.o(.text)
    __2printf                                0x08000475   Thumb Code    20  noretval__2printf.o(.text)
    _printf_str                              0x0800048d   Thumb Code    82  _printf_str.o(.text)
    _printf_int_dec                          0x080004e1   Thumb Code   104  _printf_dec.o(.text)
    __printf                                 0x08000559   Thumb Code   308  __printf_flags_wp.o(.text)
    __aeabi_memcpy                           0x08000691   Thumb Code     0  rt_memcpy_v6.o(.text)
    __rt_memcpy                              0x08000691   Thumb Code   138  rt_memcpy_v6.o(.text)
    _memcpy_lastbytes                        0x080006f7   Thumb Code     0  rt_memcpy_v6.o(.text)
    __aeabi_memset                           0x0800071b   Thumb Code    16  aeabi_memset.o(.text)
    __aeabi_memclr4                          0x0800072b   Thumb Code     0  rt_memclr_w.o(.text)
    __aeabi_memclr8                          0x0800072b   Thumb Code     0  rt_memclr_w.o(.text)
    __rt_memclr_w                            0x0800072b   Thumb Code    78  rt_memclr_w.o(.text)
    _memset_w                                0x0800072f   Thumb Code     0  rt_memclr_w.o(.text)
    __use_two_region_memory                  0x08000779   Thumb Code     2  heapauxi.o(.text)
    __rt_heap_escrow$2region                 0x0800077b   Thumb Code     2  heapauxi.o(.text)
    __rt_heap_expand$2region                 0x0800077d   Thumb Code     2  heapauxi.o(.text)
    __semihosting$guard                      0x0800077f   Thumb Code     0  use_no_semi.o(.text)
    __use_no_semihosting_swi                 0x0800077f   Thumb Code     2  use_no_semi.o(.text)
    __read_errno                             0x08000781   Thumb Code    10  _rserrno.o(.text)
    __set_errno                              0x0800078b   Thumb Code    12  _rserrno.o(.text)
    _printf_int_common                       0x08000797   Thumb Code   178  _printf_intcommon.o(.text)
    _printf_char_common                      0x08000853   Thumb Code    32  _printf_char_common.o(.text)
    _printf_cs_common                        0x08000879   Thumb Code    20  _printf_char.o(.text)
    _printf_char                             0x0800088d   Thumb Code    16  _printf_char.o(.text)
    _printf_string                           0x0800089d   Thumb Code     8  _printf_char.o(.text)
    _printf_char_file                        0x080008a5   Thumb Code    32  _printf_char_file.o(.text)
    __aeabi_memcpy4                          0x080008c9   Thumb Code     0  rt_memcpy_w.o(.text)
    __aeabi_memcpy8                          0x080008c9   Thumb Code     0  rt_memcpy_w.o(.text)
    __rt_memcpy_w                            0x080008c9   Thumb Code   100  rt_memcpy_w.o(.text)
    _memcpy_lastbytes_aligned                0x08000911   Thumb Code     0  rt_memcpy_w.o(.text)
    __aeabi_memclr                           0x0800092d   Thumb Code     0  rt_memclr.o(.text)
    __rt_memclr                              0x0800092d   Thumb Code    68  rt_memclr.o(.text)
    _memset                                  0x08000931   Thumb Code     0  rt_memclr.o(.text)
    __aeabi_errno_addr                       0x08000971   Thumb Code     8  rt_errno_addr_intlibspace.o(.text)
    __errno$intlibspace                      0x08000971   Thumb Code     0  rt_errno_addr_intlibspace.o(.text)
    __rt_errno_addr$intlibspace              0x08000971   Thumb Code     0  rt_errno_addr_intlibspace.o(.text)
    ferror                                   0x08000979   Thumb Code     8  ferror.o(.text)
    __user_libspace                          0x08000981   Thumb Code     8  libspace.o(.text)
    __user_perproc_libspace                  0x08000981   Thumb Code     0  libspace.o(.text)
    __user_perthread_libspace                0x08000981   Thumb Code     0  libspace.o(.text)
    __user_setup_stackheap                   0x08000989   Thumb Code    74  sys_stackheap_outer.o(.text)
    exit                                     0x080009d3   Thumb Code    18  exit.o(.text)
    BusFault_Handler                         0x08000bed   Thumb Code     4  stm32f4xx_it.o(i.BusFault_Handler)
    DebugMon_Handler                         0x08000ce1   Thumb Code     2  stm32f4xx_it.o(i.DebugMon_Handler)
    Error_Handler                            0x08000ce3   Thumb Code     6  btim.o(i.Error_Handler)
    FuzzyPid_position1_Out                   0x08000ce9   Thumb Code   178  fuzzypid.o(i.FuzzyPid_position1_Out)
    FuzzyPid_position2_Out                   0x08000dad   Thumb Code   178  fuzzypid.o(i.FuzzyPid_position2_Out)
    FuzzyPid_position3_Out                   0x08000e71   Thumb Code   178  fuzzypid.o(i.FuzzyPid_position3_Out)
    FuzzyPid_position4_Out                   0x08000f35   Thumb Code   178  fuzzypid.o(i.FuzzyPid_position4_Out)
    HAL_ADC_ConfigChannel                    0x08000ff9   Thumb Code   380  stm32f4xx_hal_adc.o(i.HAL_ADC_ConfigChannel)
    HAL_ADC_GetValue                         0x08001185   Thumb Code     8  stm32f4xx_hal_adc.o(i.HAL_ADC_GetValue)
    HAL_ADC_Init                             0x0800118d   Thumb Code   100  stm32f4xx_hal_adc.o(i.HAL_ADC_Init)
    HAL_ADC_MspInit                          0x080011f5   Thumb Code   116  adc.o(i.HAL_ADC_MspInit)
    HAL_ADC_PollForConversion                0x08001275   Thumb Code   206  stm32f4xx_hal_adc.o(i.HAL_ADC_PollForConversion)
    HAL_ADC_Start                            0x08001345   Thumb Code   308  stm32f4xx_hal_adc.o(i.HAL_ADC_Start)
    HAL_DMA_Abort                            0x08001491   Thumb Code   170  stm32f4xx_hal_dma.o(i.HAL_DMA_Abort)
    HAL_DMA_Abort_IT                         0x0800153b   Thumb Code    40  stm32f4xx_hal_dma.o(i.HAL_DMA_Abort_IT)
    HAL_Delay                                0x08001565   Thumb Code    36  stm32f4xx_hal.o(i.HAL_Delay)
    HAL_GPIO_Init                            0x0800158d   Thumb Code   470  stm32f4xx_hal_gpio.o(i.HAL_GPIO_Init)
    HAL_GPIO_ReadPin                         0x08001791   Thumb Code    16  stm32f4xx_hal_gpio.o(i.HAL_GPIO_ReadPin)
    HAL_GPIO_WritePin                        0x080017a1   Thumb Code    12  stm32f4xx_hal_gpio.o(i.HAL_GPIO_WritePin)
    HAL_GetREVID                             0x080017ad   Thumb Code     8  stm32f4xx_hal.o(i.HAL_GetREVID)
    HAL_GetTick                              0x080017b9   Thumb Code     6  stm32f4xx_hal.o(i.HAL_GetTick)
    HAL_IncTick                              0x080017c5   Thumb Code    16  stm32f4xx_hal.o(i.HAL_IncTick)
    HAL_Init                                 0x080017dd   Thumb Code    44  stm32f4xx_hal.o(i.HAL_Init)
    HAL_InitTick                             0x0800180d   Thumb Code    64  stm32f4xx_hal.o(i.HAL_InitTick)
    HAL_MspInit                              0x08001859   Thumb Code     2  stm32f4xx_hal.o(i.HAL_MspInit)
    HAL_NVIC_EnableIRQ                       0x0800185b   Thumb Code    32  stm32f4xx_hal_cortex.o(i.HAL_NVIC_EnableIRQ)
    HAL_NVIC_SetPriority                     0x0800187b   Thumb Code   124  stm32f4xx_hal_cortex.o(i.HAL_NVIC_SetPriority)
    HAL_NVIC_SetPriorityGrouping             0x080018f9   Thumb Code    32  stm32f4xx_hal_cortex.o(i.HAL_NVIC_SetPriorityGrouping)
    HAL_RCC_ClockConfig                      0x08001921   Thumb Code   368  stm32f4xx_hal_rcc.o(i.HAL_RCC_ClockConfig)
    HAL_RCC_GetHCLKFreq                      0x08001aa5   Thumb Code     6  stm32f4xx_hal_rcc.o(i.HAL_RCC_GetHCLKFreq)
    HAL_RCC_GetPCLK1Freq                     0x08001ab1   Thumb Code    22  stm32f4xx_hal_rcc.o(i.HAL_RCC_GetPCLK1Freq)
    HAL_RCC_GetPCLK2Freq                     0x08001ad1   Thumb Code    22  stm32f4xx_hal_rcc.o(i.HAL_RCC_GetPCLK2Freq)
    HAL_RCC_GetSysClockFreq                  0x08001af1   Thumb Code   162  stm32f4xx_hal_rcc.o(i.HAL_RCC_GetSysClockFreq)
    HAL_RCC_OscConfig                        0x08001ba1   Thumb Code  1172  stm32f4xx_hal_rcc.o(i.HAL_RCC_OscConfig)
    HAL_SYSTICK_CLKSourceConfig              0x0800203d   Thumb Code    40  stm32f4xx_hal_cortex.o(i.HAL_SYSTICK_CLKSourceConfig)
    HAL_SYSTICK_Config                       0x08002065   Thumb Code    52  stm32f4xx_hal_cortex.o(i.HAL_SYSTICK_Config)
    HAL_TIMEx_BreakCallback                  0x08002099   Thumb Code     2  stm32f4xx_hal_tim_ex.o(i.HAL_TIMEx_BreakCallback)
    HAL_TIMEx_CommutCallback                 0x0800209b   Thumb Code     2  stm32f4xx_hal_tim_ex.o(i.HAL_TIMEx_CommutCallback)
    HAL_TIMEx_MasterConfigSynchronization    0x0800209d   Thumb Code   150  stm32f4xx_hal_tim_ex.o(i.HAL_TIMEx_MasterConfigSynchronization)
    HAL_TIM_Base_Init                        0x08002151   Thumb Code   102  stm32f4xx_hal_tim.o(i.HAL_TIM_Base_Init)
    HAL_TIM_Base_MspInit                     0x080021b9   Thumb Code   128  btim.o(i.HAL_TIM_Base_MspInit)
    HAL_TIM_Base_Start_IT                    0x08002245   Thumb Code   138  stm32f4xx_hal_tim.o(i.HAL_TIM_Base_Start_IT)
    HAL_TIM_Encoder_Init                     0x080022ed   Thumb Code   200  stm32f4xx_hal_tim.o(i.HAL_TIM_Encoder_Init)
    HAL_TIM_Encoder_MspInit                  0x080023b5   Thumb Code   562  btim.o(i.HAL_TIM_Encoder_MspInit)
    HAL_TIM_Encoder_Start                    0x08002601   Thumb Code   204  stm32f4xx_hal_tim.o(i.HAL_TIM_Encoder_Start)
    HAL_TIM_IC_CaptureCallback               0x080026cd   Thumb Code     2  stm32f4xx_hal_tim.o(i.HAL_TIM_IC_CaptureCallback)
    HAL_TIM_IRQHandler                       0x080026cf   Thumb Code   406  stm32f4xx_hal_tim.o(i.HAL_TIM_IRQHandler)
    HAL_TIM_OC_DelayElapsedCallback          0x08002865   Thumb Code     2  stm32f4xx_hal_tim.o(i.HAL_TIM_OC_DelayElapsedCallback)
    HAL_TIM_PWM_ConfigChannel                0x08002867   Thumb Code   252  stm32f4xx_hal_tim.o(i.HAL_TIM_PWM_ConfigChannel)
    HAL_TIM_PWM_Init                         0x08002963   Thumb Code   102  stm32f4xx_hal_tim.o(i.HAL_TIM_PWM_Init)
    HAL_TIM_PWM_MspInit                      0x080029c9   Thumb Code   266  pwm.o(i.HAL_TIM_PWM_MspInit)
    HAL_TIM_PWM_PulseFinishedCallback        0x08002ae1   Thumb Code     2  stm32f4xx_hal_tim.o(i.HAL_TIM_PWM_PulseFinishedCallback)
    HAL_TIM_PWM_Start                        0x08002ae5   Thumb Code   238  stm32f4xx_hal_tim.o(i.HAL_TIM_PWM_Start)
    HAL_TIM_PeriodElapsedCallback            0x08002bf1   Thumb Code   278  control.o(i.HAL_TIM_PeriodElapsedCallback)
    HAL_TIM_TriggerCallback                  0x08002d25   Thumb Code     2  stm32f4xx_hal_tim.o(i.HAL_TIM_TriggerCallback)
    HAL_UARTEx_RxEventCallback               0x08002d27   Thumb Code     2  stm32f4xx_hal_uart.o(i.HAL_UARTEx_RxEventCallback)
    HAL_UART_ErrorCallback                   0x08002d29   Thumb Code     2  stm32f4xx_hal_uart.o(i.HAL_UART_ErrorCallback)
    HAL_UART_GetState                        0x08002d2b   Thumb Code    20  stm32f4xx_hal_uart.o(i.HAL_UART_GetState)
    HAL_UART_IRQHandler                      0x08002d41   Thumb Code   586  stm32f4xx_hal_uart.o(i.HAL_UART_IRQHandler)
    HAL_UART_Init                            0x08002f91   Thumb Code   114  stm32f4xx_hal_uart.o(i.HAL_UART_Init)
    HAL_UART_MspInit                         0x08003005   Thumb Code   372  usart.o(i.HAL_UART_MspInit)
    HAL_UART_Receive_IT                      0x08003189   Thumb Code    66  stm32f4xx_hal_uart.o(i.HAL_UART_Receive_IT)
    HAL_UART_RxCpltCallback                  0x080031cd   Thumb Code   154  usart.o(i.HAL_UART_RxCpltCallback)
    HAL_UART_TxCpltCallback                  0x08003281   Thumb Code     2  stm32f4xx_hal_uart.o(i.HAL_UART_TxCpltCallback)
    HWT101_GetData                           0x08003285   Thumb Code    96  hwt101.o(i.HWT101_GetData)
    HWT101_Init                              0x080032fd   Thumb Code    14  hwt101.o(i.HWT101_Init)
    HardFault_Handler                        0x08003311   Thumb Code     4  stm32f4xx_it.o(i.HardFault_Handler)
    MOTO_task                                0x08003315   Thumb Code    10  freertos_demo.o(i.MOTO_task)
    MX_TIM2_Init                             0x08003321   Thumb Code   118  btim.o(i.MX_TIM2_Init)
    MX_TIM3_Init                             0x0800339d   Thumb Code   114  btim.o(i.MX_TIM3_Init)
    MX_TIM4_Init                             0x08003419   Thumb Code   116  btim.o(i.MX_TIM4_Init)
    MX_TIM5_Init                             0x08003495   Thumb Code   114  btim.o(i.MX_TIM5_Init)
    MemManage_Handler                        0x08003511   Thumb Code     4  stm32f4xx_it.o(i.MemManage_Handler)
    Moto_Config                              0x08003515   Thumb Code   336  fuzzypid.o(i.Moto_Config)
    MotorControl                             0x0800367d   Thumb Code   524  pid.o(i.MotorControl)
    NMI_Handler                              0x080038bd   Thumb Code     2  stm32f4xx_it.o(i.NMI_Handler)
    OLED_Clear                               0x080038c1   Thumb Code    42  oled.o(i.OLED_Clear)
    OLED_DrawPoint                           0x080038f1   Thumb Code   100  oled.o(i.OLED_DrawPoint)
    OLED_Init                                0x08003959   Thumb Code   402  oled.o(i.OLED_Init)
    OLED_Refresh_Gram                        0x08003af5   Thumb Code    70  oled.o(i.OLED_Refresh_Gram)
    OLED_Show                                0x08003b41   Thumb Code   528  oled.o(i.OLED_Show)
    OLED_ShowChar                            0x08003da1   Thumb Code   158  oled.o(i.OLED_ShowChar)
    OLED_ShowNumber                          0x08003e49   Thumb Code   148  oled.o(i.OLED_ShowNumber)
    OLED_ShowString                          0x08003edd   Thumb Code    68  oled.o(i.OLED_ShowString)
    OLED_WR_Byte                             0x08003f21   Thumb Code   112  oled.o(i.OLED_WR_Byte)
    PID_param_init                           0x08003f95   Thumb Code   904  pid.o(i.PID_param_init)
    PWM14_Init                               0x08004371   Thumb Code    62  pwm.o(i.PWM14_Init)
    PWM1_Set                                 0x080043bd   Thumb Code    90  moto.o(i.PWM1_Set)
    PWM2_Set                                 0x0800441d   Thumb Code    90  moto.o(i.PWM2_Set)
    PWM3_Set                                 0x0800447d   Thumb Code    90  moto.o(i.PWM3_Set)
    PWM4_Set                                 0x080044dd   Thumb Code    92  moto.o(i.PWM4_Set)
    PWM_Init                                 0x0800453d   Thumb Code   124  pwm.o(i.PWM_Init)
    PosionPID_realize                        0x080045c5   Thumb Code    94  pid.o(i.PosionPID_realize)
    Reading                                  0x08004625   Thumb Code    34  encoder.o(i.Reading)
    Readingback                              0x0800464d   Thumb Code    30  encoder.o(i.Readingback)
    SysTick_Handler                          0x08004695   Thumb Code    20  delay.o(i.SysTick_Handler)
    SystemInit                               0x080046a9   Thumb Code    14  system_stm32f4xx.o(i.SystemInit)
    TIM6_DAC_IRQHandler                      0x080046bd   Thumb Code    10  btim.o(i.TIM6_DAC_IRQHandler)
    TIM7_IRQHandler                          0x080046cd   Thumb Code    10  btim.o(i.TIM7_IRQHandler)
    TIM_Base_SetConfig                       0x080046dd   Thumb Code   170  stm32f4xx_hal_tim.o(i.TIM_Base_SetConfig)
    TIM_CCxChannelCmd                        0x080047b5   Thumb Code    34  stm32f4xx_hal_tim.o(i.TIM_CCxChannelCmd)
    TIM_OC2_SetConfig                        0x08004849   Thumb Code   114  stm32f4xx_hal_tim.o(i.TIM_OC2_SetConfig)
    TIM_SetTIM8Compare1                      0x08004991   Thumb Code     6  pwm.o(i.TIM_SetTIM8Compare1)
    TIM_SetTIM8Compare2                      0x0800499d   Thumb Code     6  pwm.o(i.TIM_SetTIM8Compare2)
    TIM_SetTIM8Compare3                      0x080049a9   Thumb Code     6  pwm.o(i.TIM_SetTIM8Compare3)
    TIM_SetTIM8Compare4                      0x080049b5   Thumb Code     6  pwm.o(i.TIM_SetTIM8Compare4)
    UART_Start_Receive_IT                    0x08004d15   Thumb Code    70  stm32f4xx_hal_uart.o(i.UART_Start_Receive_IT)
    USART1_IRQHandler                        0x08004dbd   Thumb Code    66  usart.o(i.USART1_IRQHandler)
    USART2_IRQHandler                        0x08004e0d   Thumb Code    66  usart.o(i.USART2_IRQHandler)
    UsageFault_Handler                       0x08004e5d   Thumb Code     4  stm32f4xx_it.o(i.UsageFault_Handler)
    WitReadReg                               0x08004e61   Thumb Code   436  wit_c_sdk.o(i.WitReadReg)
    WitRegisterCallBack                      0x08005039   Thumb Code    18  wit_c_sdk.o(i.WitRegisterCallBack)
    WitSerialDataIn                          0x08005051   Thumb Code   466  wit_c_sdk.o(i.WitSerialDataIn)
    Xianfu                                   0x0800523d   Thumb Code    16  pid.o(i.Xianfu)
    __hardfp_log                             0x080052d9   Thumb Code   872  log.o(i.__hardfp_log)
    __hardfp_log10                           0x080056a1   Thumb Code   260  log10.o(i.__hardfp_log10)
    __kernel_poly                            0x080057d1   Thumb Code   248  poly.o(i.__kernel_poly)
    __mathlib_dbl_divzero                    0x080058c9   Thumb Code    28  dunder.o(i.__mathlib_dbl_divzero)
    __mathlib_dbl_infnan                     0x080058f9   Thumb Code    20  dunder.o(i.__mathlib_dbl_infnan)
    __mathlib_dbl_invalid                    0x08005911   Thumb Code    24  dunder.o(i.__mathlib_dbl_invalid)
    _is_digit                                0x08005931   Thumb Code    14  __printf_wp.o(i._is_digit)
    _sys_exit                                0x0800593f   Thumb Code     4  usart.o(i._sys_exit)
    adc_channel_set                          0x08005943   Thumb Code    30  adc.o(i.adc_channel_set)
    adc_get_result                           0x08005961   Thumb Code    40  adc.o(i.adc_get_result)
    adc_init                                 0x0800598d   Thumb Code    56  adc.o(i.adc_init)
    addPID_realize                           0x080059d1   Thumb Code   114  pid.o(i.addPID_realize)
    add_pid_normal                           0x08005a45   Thumb Code   208  pid.o(i.add_pid_normal)
    btim_tim6_int_init                       0x08005b35   Thumb Code    36  btim.o(i.btim_tim6_int_init)
    btim_tim7_int_init                       0x08005b61   Thumb Code    36  btim.o(i.btim_tim7_int_init)
    delay_init                               0x08005b8d   Thumb Code    52  delay.o(i.delay_init)
    delay_ms                                 0x08005bc5   Thumb Code    24  delay.o(i.delay_ms)
    delay_us                                 0x08005bdd   Thumb Code    68  delay.o(i.delay_us)
    fputc                                    0x08005c25   Thumb Code    24  usart.o(i.fputc)
    freertos_demo                            0x08005c41   Thumb Code    28  freertos_demo.o(i.freertos_demo)
    fuzzy                                    0x08005c71   Thumb Code   934  fuzzypid.o(i.fuzzy)
    fuzzy_position_A_control                 0x0800602d   Thumb Code   170  fuzzypid.o(i.fuzzy_position_A_control)
    fuzzy_position_B_control                 0x080060f5   Thumb Code   170  fuzzypid.o(i.fuzzy_position_B_control)
    fuzzy_position_C_control                 0x080061bd   Thumb Code   170  fuzzypid.o(i.fuzzy_position_C_control)
    fuzzy_position_D_control                 0x08006285   Thumb Code   170  fuzzypid.o(i.fuzzy_position_D_control)
    fuzzypid_clearerr                        0x0800634d   Thumb Code    92  fuzzypid.o(i.fuzzypid_clearerr)
    gpio_init                                0x080063ed   Thumb Code   444  gpio.o(i.gpio_init)
    key_init                                 0x080065b1   Thumb Code   188  key.o(i.key_init)
    key_scan                                 0x08006675   Thumb Code   154  key.o(i.key_scan)
    led_init                                 0x08006719   Thumb Code   140  led.o(i.led_init)
    log                                      0x080067b1   Thumb Code    16  log.o(i.log)
    main                                     0x080067c1   Thumb Code   168  main.o(i.main)
    main_task                                0x08006879   Thumb Code   350  freertos_demo.o(i.main_task)
    moto_init                                0x080069dd   Thumb Code   362  moto.o(i.moto_init)
    moto_wait                                0x08006b51   Thumb Code   416  fuzzypid.o(i.moto_wait)
    my_mem_init                              0x08006d31   Thumb Code    54  malloc.o(i.my_mem_init)
    my_mem_perused                           0x08006d75   Thumb Code    56  malloc.o(i.my_mem_perused)
    myabs                                    0x08006db5   Thumb Code    16  pid.o(i.myabs)
    mymemset                                 0x08006dc5   Thumb Code    20  malloc.o(i.mymemset)
    oled_pow                                 0x08006dd9   Thumb Code    22  oled.o(i.oled_pow)
    oled_task                                0x08006def   Thumb Code    14  freertos_demo.o(i.oled_task)
    pvPortMalloc                             0x0800793d   Thumb Code   306  heap_4.o(i.pvPortMalloc)
    pxPortInitialiseStack                    0x08007ad1   Thumb Code    38  port.o(i.pxPortInitialiseStack)
    speed_pid                                0x08007afd   Thumb Code    80  pid.o(i.speed_pid)
    start_task                               0x08007b65   Thumb Code   124  freertos_demo.o(i.start_task)
    sys_stm32_clock_init                     0x08007c31   Thumb Code   192  sys.o(i.sys_stm32_clock_init)
    task1                                    0x08007cfd   Thumb Code    48  freertos_demo.o(i.task1)
    turn90                                   0x08007d31   Thumb Code   114  fuzzypid.o(i.turn90)
    usart2_init                              0x08007dc1   Thumb Code    44  usart.o(i.usart2_init)
    usart_init                               0x08007df9   Thumb Code    44  usart.o(i.usart_init)
    uxListRemove                             0x08007e31   Thumb Code    40  list.o(i.uxListRemove)
    vListInitialise                          0x08007e59   Thumb Code    26  list.o(i.vListInitialise)
    vListInitialiseItem                      0x08007e73   Thumb Code     6  list.o(i.vListInitialiseItem)
    vListInsert                              0x08007e79   Thumb Code    52  list.o(i.vListInsert)
    vListInsertEnd                           0x08007ead   Thumb Code    24  list.o(i.vListInsertEnd)
    vPortEnterCritical                       0x08007ec5   Thumb Code    68  port.o(i.vPortEnterCritical)
    vPortExitCritical                        0x08007f5d   Thumb Code    48  port.o(i.vPortExitCritical)
    vPortFree                                0x08007fdd   Thumb Code   130  heap_4.o(i.vPortFree)
    vPortSetupTimerInterrupt                 0x080080b5   Thumb Code    36  port.o(i.vPortSetupTimerInterrupt)
    vQueueAddToRegistry                      0x080080dd   Thumb Code    84  queue.o(i.vQueueAddToRegistry)
    vQueueWaitForMessageRestricted           0x08008169   Thumb Code    74  queue.o(i.vQueueWaitForMessageRestricted)
    vTaskDelay                               0x080081b5   Thumb Code    72  tasks.o(i.vTaskDelay)
    vTaskDelete                              0x08008239   Thumb Code   200  tasks.o(i.vTaskDelete)
    vTaskInternalSetTimeOutState             0x0800835d   Thumb Code    14  tasks.o(i.vTaskInternalSetTimeOutState)
    vTaskMissedYield                         0x08008375   Thumb Code     8  tasks.o(i.vTaskMissedYield)
    vTaskPlaceOnEventList                    0x08008381   Thumb Code    42  tasks.o(i.vTaskPlaceOnEventList)
    vTaskPlaceOnEventListRestricted          0x080083e5   Thumb Code    84  tasks.o(i.vTaskPlaceOnEventListRestricted)
    vTaskStartScheduler                      0x08008471   Thumb Code   112  tasks.o(i.vTaskStartScheduler)
    vTaskSuspendAll                          0x08008535   Thumb Code    12  tasks.o(i.vTaskSuspendAll)
    vTaskSwitchContext                       0x08008545   Thumb Code   110  tasks.o(i.vTaskSwitchContext)
    xPortStartScheduler                      0x080085fd   Thumb Code   322  port.o(i.xPortStartScheduler)
    xPortSysTickHandler                      0x080087a9   Thumb Code    46  port.o(i.xPortSysTickHandler)
    xQueueGenericCreate                      0x080087dd   Thumb Code    92  queue.o(i.xQueueGenericCreate)
    xQueueGenericReset                       0x0800886d   Thumb Code   194  queue.o(i.xQueueGenericReset)
    xQueueReceive                            0x08008969   Thumb Code   326  queue.o(i.xQueueReceive)
    xTaskCheckForTimeOut                     0x08008ae9   Thumb Code   140  tasks.o(i.xTaskCheckForTimeOut)
    xTaskCreate                              0x08008bb5   Thumb Code    96  tasks.o(i.xTaskCreate)
    xTaskGetSchedulerState                   0x08008c15   Thumb Code    24  tasks.o(i.xTaskGetSchedulerState)
    xTaskGetTickCount                        0x08008c35   Thumb Code     6  tasks.o(i.xTaskGetTickCount)
    xTaskIncrementTick                       0x08008c41   Thumb Code   390  tasks.o(i.xTaskIncrementTick)
    xTaskPriorityDisinherit                  0x08008e29   Thumb Code   206  tasks.o(i.xTaskPriorityDisinherit)
    xTaskRemoveFromEventList                 0x08008f39   Thumb Code   254  tasks.o(i.xTaskRemoveFromEventList)
    xTaskResumeAll                           0x08009085   Thumb Code   328  tasks.o(i.xTaskResumeAll)
    xTimerCreateTimerTask                    0x08009225   Thumb Code    56  timers.o(i.xTimerCreateTimerTask)
    yaw_output                               0x080092a5   Thumb Code    72  pid.o(i.yaw_output)
    yawspeed                                 0x080092fd   Thumb Code   228  pid.o(i.yawspeed)
    __aeabi_dneg                             0x08009409   Thumb Code     0  basic.o(x$fpl$basic)
    _dneg                                    0x08009409   Thumb Code     6  basic.o(x$fpl$basic)
    __aeabi_fneg                             0x0800940f   Thumb Code     0  basic.o(x$fpl$basic)
    _fneg                                    0x0800940f   Thumb Code     6  basic.o(x$fpl$basic)
    _dabs                                    0x08009415   Thumb Code     6  basic.o(x$fpl$basic)
    _fabs                                    0x0800941b   Thumb Code     6  basic.o(x$fpl$basic)
    __aeabi_d2f                              0x08009421   Thumb Code     0  d2f.o(x$fpl$d2f)
    _d2f                                     0x08009421   Thumb Code    98  d2f.o(x$fpl$d2f)
    __aeabi_dadd                             0x08009485   Thumb Code     0  daddsub_clz.o(x$fpl$dadd)
    _dadd                                    0x08009485   Thumb Code   332  daddsub_clz.o(x$fpl$dadd)
    __fpl_dcmp_Inf                           0x080095d5   Thumb Code    24  dcmpi.o(x$fpl$dcmpinf)
    __aeabi_ddiv                             0x080095ed   Thumb Code     0  ddiv.o(x$fpl$ddiv)
    _ddiv                                    0x080095ed   Thumb Code   552  ddiv.o(x$fpl$ddiv)
    __aeabi_cdcmpeq                          0x0800989d   Thumb Code     0  deqf.o(x$fpl$deqf)
    _dcmpeq                                  0x0800989d   Thumb Code   120  deqf.o(x$fpl$deqf)
    __aeabi_i2d                              0x08009915   Thumb Code     0  dflt_clz.o(x$fpl$dflt)
    _dflt                                    0x08009915   Thumb Code    46  dflt_clz.o(x$fpl$dflt)
    __aeabi_dmul                             0x08009945   Thumb Code     0  dmul.o(x$fpl$dmul)
    _dmul                                    0x08009945   Thumb Code   332  dmul.o(x$fpl$dmul)
    __fpl_dnaninf                            0x08009a99   Thumb Code   156  dnaninf.o(x$fpl$dnaninf)
    __fpl_dretinf                            0x08009b35   Thumb Code    12  dretinf.o(x$fpl$dretinf)
    __aeabi_drsub                            0x08009b41   Thumb Code     0  daddsub_clz.o(x$fpl$drsb)
    _drsb                                    0x08009b41   Thumb Code    22  daddsub_clz.o(x$fpl$drsb)
    __aeabi_dsub                             0x08009b59   Thumb Code     0  daddsub_clz.o(x$fpl$dsub)
    _dsub                                    0x08009b59   Thumb Code   464  daddsub_clz.o(x$fpl$dsub)
    _fp_init                                 0x08009d2d   Thumb Code    10  fpinit.o(x$fpl$fpinit)
    __fplib_config_fpu_vfp                   0x08009d35   Thumb Code     0  fpinit.o(x$fpl$fpinit)
    __fplib_config_pureend_doubles           0x08009d35   Thumb Code     0  fpinit.o(x$fpl$fpinit)
    __fpl_fretinf                            0x08009d37   Thumb Code    10  fretinf.o(x$fpl$fretinf)
    AHBPrescTable                            0x08009d40   Data          16  system_stm32f4xx.o(.constdata)
    __I$use$fp                               0x08009d40   Number         0  usenofp.o(x$fpl$usenofp)
    APBPrescTable                            0x08009d50   Data           8  system_stm32f4xx.o(.constdata)
    oled_asc2_1206                           0x08009d58   Data        1140  oled.o(.constdata)
    oled_asc2_1608                           0x0800a1cc   Data        1520  oled.o(.constdata)
    memtblsize                               0x0800aa08   Data          12  malloc.o(.constdata)
    memblksize                               0x0800aa14   Data          12  malloc.o(.constdata)
    memsize                                  0x0800aa20   Data          12  malloc.o(.constdata)
    __mathlib_zero                           0x0800ac78   Data           8  qnan.o(.constdata)
    Region$$Table$$Base                      0x0800ac80   Number         0  anon$$obj.o(Region$$Table)
    Region$$Table$$Limit                     0x0800aca0   Number         0  anon$$obj.o(Region$$Table)
    mem2base                                 0x10000000   Data       61440  malloc.o(.ARM.__AT_0x10000000)
    mem2mapbase                              0x1000f000   Data        3840  malloc.o(.ARM.__AT_0x1000F000)
    Encoder1                                 0x20000000   Data           2  main.o(.data)
    Encoder2                                 0x20000002   Data           2  main.o(.data)
    Encoder3                                 0x20000004   Data           2  main.o(.data)
    Encoder4                                 0x20000006   Data           2  main.o(.data)
    SystemCoreClock                          0x20000008   Data           4  system_stm32f4xx.o(.data)
    StartTask_Handler                        0x2000000c   Data           4  freertos_demo.o(.data)
    Task1Task_Handler                        0x20000010   Data           4  freertos_demo.o(.data)
    MOTOTaskTask_Handler                     0x20000014   Data           4  freertos_demo.o(.data)
    OLEDTaskTask_Handler                     0x20000018   Data           4  freertos_demo.o(.data)
    MAINTask_Handler                         0x2000001c   Data           4  freertos_demo.o(.data)
    time                                     0x20000020   Data           4  freertos_demo.o(.data)
    fuzzypid_clearflag                       0x20000024   Data           4  freertos_demo.o(.data)
    __stdout                                 0x2000002c   Data           4  usart.o(.data)
    g_usart_rx_sta                           0x20000030   Data           2  usart.o(.data)
    g_rx_buffer                              0x20000032   Data           1  usart.o(.data)
    pw                                       0x20000034   Data           4  usart.o(.data)
    ps                                       0x20000038   Data           4  usart.o(.data)
    ucTemp                                   0x2000003c   Data           1  usart.o(.data)
    tt                                       0x2000003e   Data           2  usart.o(.data)
    g_usart2_rx_sta                          0x20000040   Data           2  usart.o(.data)
    g_rx2_buffer                             0x20000042   Data           1  usart.o(.data)
    uwTick                                   0x20000044   Data           4  stm32f4xx_hal.o(.data)
    uwTickPrio                               0x20000048   Data           4  stm32f4xx_hal.o(.data)
    uwTickFreq                               0x2000004c   Data           1  stm32f4xx_hal.o(.data)
    SpeedFL                                  0x20000050   Data           2  pid.o(.data)
    SpeedFR                                  0x20000052   Data           2  pid.o(.data)
    Pos_FL                                   0x20000054   Data           4  pid.o(.data)
    Pos_FR                                   0x20000058   Data           4  pid.o(.data)
    Lmax_speed                               0x2000005c   Data           4  pid.o(.data)
    Rmax_speed                               0x20000060   Data           4  pid.o(.data)
    yaw_out                                  0x20000064   Data           4  pid.o(.data)
    Ls                                       0x20000068   Data           4  pid.o(.data)
    Rs                                       0x2000006c   Data           4  pid.o(.data)
    yawcontrol                               0x20000070   Data           8  pid.o(.data)
    pidmode                                  0x2000007c   Data           1  control.o(.data)
    globel_speed                             0x20000080   Data           4  control.o(.data)
    globel_position                          0x20000084   Data           4  control.o(.data)
    left_speed                               0x20000088   Data           4  control.o(.data)
    right_speed                              0x2000008c   Data           4  control.o(.data)
    pitch                                    0x20000090   Data           4  control.o(.data)
    roll                                     0x20000094   Data           4  control.o(.data)
    yaw                                      0x20000098   Data           4  control.o(.data)
    yaw_assisted                             0x2000009c   Data           4  control.o(.data)
    yaw_set_value                            0x200000a0   Data           4  control.o(.data)
    MAX_Err                                  0x200000a4   Data           4  fuzzypid.o(.data)
    num                                      0x200000a8   Data           4  fuzzypid.o(.data)
    sumE_1                                   0x200000ac   Data           4  fuzzypid.o(.data)
    sumE_2                                   0x200000b0   Data           4  fuzzypid.o(.data)
    sumE_3                                   0x200000b4   Data           4  fuzzypid.o(.data)
    sumE_4                                   0x200000b8   Data           4  fuzzypid.o(.data)
    lastE_1                                  0x200000bc   Data           4  fuzzypid.o(.data)
    lastE_2                                  0x200000c0   Data           4  fuzzypid.o(.data)
    lastE_3                                  0x200000c4   Data           4  fuzzypid.o(.data)
    lastE_4                                  0x200000c8   Data           4  fuzzypid.o(.data)
    left1                                    0x200000cc   Data           4  fuzzypid.o(.data)
    right1                                   0x200000d0   Data           4  fuzzypid.o(.data)
    left2                                    0x200000d4   Data           4  fuzzypid.o(.data)
    right2                                   0x200000d8   Data           4  fuzzypid.o(.data)
    spdL                                     0x200000dc   Data           4  fuzzypid.o(.data)
    spdR                                     0x200000e0   Data           4  fuzzypid.o(.data)
    spdBL                                    0x200000e4   Data           4  fuzzypid.o(.data)
    spdBR                                    0x200000e8   Data           4  fuzzypid.o(.data)
    Pwm1                                     0x200000ec   Data           4  fuzzypid.o(.data)
    Pwm2                                     0x200000f0   Data           4  fuzzypid.o(.data)
    tarA                                     0x200000f4   Data           4  fuzzypid.o(.data)
    tarB                                     0x200000f8   Data           4  fuzzypid.o(.data)
    tarC                                     0x200000fc   Data           4  fuzzypid.o(.data)
    tarD                                     0x20000100   Data           4  fuzzypid.o(.data)
    Xan_spd                                  0x20000104   Data           4  fuzzypid.o(.data)
    mallco_dev                               0x200001e8   Data          36  malloc.o(.data)
    pxCurrentTCB                             0x2000020c   Data           4  tasks.o(.data)
    uxTopUsedPriority                        0x20000244   Data           4  tasks.o(.data)
    HWT101_yaw                               0x20000290   Data           4  hwt101.o(.data)
    g_usart_rx_buf                           0x200002c0   Data         200  usart.o(.bss)
    g_uart1_handle                           0x20000388   Data          68  usart.o(.bss)
    g_usart2_rx_buf                          0x200003cc   Data         200  usart.o(.bss)
    g_uart2_handle                           0x20000494   Data          68  usart.o(.bss)
    g_tim7_handle                            0x200004d8   Data          72  btim.o(.bss)
    g_tim6_handle                            0x20000520   Data          72  btim.o(.bss)
    htim2                                    0x20000568   Data          72  btim.o(.bss)
    htim3                                    0x200005b0   Data          72  btim.o(.bss)
    htim4                                    0x200005f8   Data          72  btim.o(.bss)
    htim5                                    0x20000640   Data          72  btim.o(.bss)
    OLED_GRAM                                0x20000688   Data        1024  oled.o(.bss)
    TIM8_Handler                             0x20000a88   Data          72  pwm.o(.bss)
    TIM8_CHnHandler                          0x20000ad0   Data          28  pwm.o(.bss)
    TIM14_Handler                            0x20000aec   Data          72  pwm.o(.bss)
    TIM14_CHnHandler                         0x20000b34   Data          28  pwm.o(.bss)
    TIM13_Handler                            0x20000b50   Data          72  pwm.o(.bss)
    TIM13_CHnHandler                         0x20000b98   Data          28  pwm.o(.bss)
    addPID                                   0x20000bb4   Data          36  pid.o(.bss)
    add2PID                                  0x20000bd8   Data          36  pid.o(.bss)
    add3PID                                  0x20000bfc   Data          36  pid.o(.bss)
    add4PID                                  0x20000c20   Data          36  pid.o(.bss)
    PosionPID                                0x20000c44   Data          36  pid.o(.bss)
    Posion2PID                               0x20000c68   Data          36  pid.o(.bss)
    yawPID                                   0x20000c8c   Data          36  pid.o(.bss)
    g_adc_handle                             0x20000cb0   Data          72  adc.o(.bss)
    mem1base                                 0x20000d00   Data       92160  malloc.o(.bss)
    mem1mapbase                              0x20017500   Data        5760  malloc.o(.bss)
    xQueueRegistry                           0x20018b80   Data          64  queue.o(.bss)
    fAngle                                   0x2001b6cc   Data          12  hwt101.o(.bss)
    sReg                                     0x2001b80a   Data         288  wit_c_sdk.o(.bss)
    __libspace_start                         0x2001b92c   Data          96  libspace.o(.bss)
    __temporary_stack_top$libspace           0x2001b98c   Data           0  libspace.o(.bss)
    mem3base                                 0x68000000   Data       986112  malloc.o(.ARM.__AT_0x68000000)
    mem3mapbase                              0x680f0c00   Data       61632  malloc.o(.ARM.__AT_0x680F0C00)



==============================================================================

Memory Map of the image

  Image Entry point : 0x08000189

  Load Region LR_IROM1 (Base: 0x08000000, Size: 0x0000af60, Max: 0x00100000, ABSOLUTE, COMPRESSED[0x0000acfc])

    Execution Region ER_IROM1 (Exec base: 0x08000000, Load base: 0x08000000, Size: 0x0000aca0, Max: 0x00100000, ABSOLUTE)

    Exec Addr    Load Addr    Size         Type   Attr      Idx    E Section Name        Object

    0x08000000   0x08000000   0x00000188   Data   RO            3    RESET               startup_stm32f407xx.o
    0x08000188   0x08000188   0x00000008   Code   RO         8472  * !!!main             c_w.l(__main.o)
    0x08000190   0x08000190   0x00000034   Code   RO         8808    !!!scatter          c_w.l(__scatter.o)
    0x080001c4   0x080001c4   0x0000005a   Code   RO         8806    !!dczerorl2         c_w.l(__dczerorl2.o)
    0x0800021e   0x0800021e   0x00000002   PAD
    0x08000220   0x08000220   0x0000001c   Code   RO         8810    !!handler_zi        c_w.l(__scatter_zi.o)
    0x0800023c   0x0800023c   0x00000000   Code   RO         8455    .ARM.Collect$$_printf_percent$$00000000  c_w.l(_printf_percent.o)
    0x0800023c   0x0800023c   0x00000006   Code   RO         8453    .ARM.Collect$$_printf_percent$$00000009  c_w.l(_printf_d.o)
    0x08000242   0x08000242   0x00000006   Code   RO         8451    .ARM.Collect$$_printf_percent$$00000014  c_w.l(_printf_s.o)
    0x08000248   0x08000248   0x00000004   Code   RO         8553    .ARM.Collect$$_printf_percent$$00000017  c_w.l(_printf_percent_end.o)
    0x0800024c   0x0800024c   0x00000002   Code   RO         8686    .ARM.Collect$$libinit$$00000000  c_w.l(libinit.o)
    0x0800024e   0x0800024e   0x00000004   Code   RO         8695    .ARM.Collect$$libinit$$00000001  c_w.l(libinit2.o)
    0x08000252   0x08000252   0x00000000   Code   RO         8698    .ARM.Collect$$libinit$$00000004  c_w.l(libinit2.o)
    0x08000252   0x08000252   0x00000000   Code   RO         8701    .ARM.Collect$$libinit$$0000000A  c_w.l(libinit2.o)
    0x08000252   0x08000252   0x00000000   Code   RO         8703    .ARM.Collect$$libinit$$0000000C  c_w.l(libinit2.o)
    0x08000252   0x08000252   0x00000000   Code   RO         8705    .ARM.Collect$$libinit$$0000000E  c_w.l(libinit2.o)
    0x08000252   0x08000252   0x00000000   Code   RO         8708    .ARM.Collect$$libinit$$00000011  c_w.l(libinit2.o)
    0x08000252   0x08000252   0x00000000   Code   RO         8710    .ARM.Collect$$libinit$$00000013  c_w.l(libinit2.o)
    0x08000252   0x08000252   0x00000000   Code   RO         8712    .ARM.Collect$$libinit$$00000015  c_w.l(libinit2.o)
    0x08000252   0x08000252   0x00000000   Code   RO         8714    .ARM.Collect$$libinit$$00000017  c_w.l(libinit2.o)
    0x08000252   0x08000252   0x00000000   Code   RO         8716    .ARM.Collect$$libinit$$00000019  c_w.l(libinit2.o)
    0x08000252   0x08000252   0x00000000   Code   RO         8718    .ARM.Collect$$libinit$$0000001B  c_w.l(libinit2.o)
    0x08000252   0x08000252   0x00000000   Code   RO         8720    .ARM.Collect$$libinit$$0000001D  c_w.l(libinit2.o)
    0x08000252   0x08000252   0x00000000   Code   RO         8722    .ARM.Collect$$libinit$$0000001F  c_w.l(libinit2.o)
    0x08000252   0x08000252   0x00000000   Code   RO         8724    .ARM.Collect$$libinit$$00000021  c_w.l(libinit2.o)
    0x08000252   0x08000252   0x00000000   Code   RO         8726    .ARM.Collect$$libinit$$00000023  c_w.l(libinit2.o)
    0x08000252   0x08000252   0x00000000   Code   RO         8728    .ARM.Collect$$libinit$$00000025  c_w.l(libinit2.o)
    0x08000252   0x08000252   0x00000000   Code   RO         8732    .ARM.Collect$$libinit$$0000002C  c_w.l(libinit2.o)
    0x08000252   0x08000252   0x00000000   Code   RO         8734    .ARM.Collect$$libinit$$0000002E  c_w.l(libinit2.o)
    0x08000252   0x08000252   0x00000000   Code   RO         8736    .ARM.Collect$$libinit$$00000030  c_w.l(libinit2.o)
    0x08000252   0x08000252   0x00000000   Code   RO         8738    .ARM.Collect$$libinit$$00000032  c_w.l(libinit2.o)
    0x08000252   0x08000252   0x00000002   Code   RO         8739    .ARM.Collect$$libinit$$00000033  c_w.l(libinit2.o)
    0x08000254   0x08000254   0x00000002   Code   RO         8763    .ARM.Collect$$libshutdown$$00000000  c_w.l(libshutdown.o)
    0x08000256   0x08000256   0x00000000   Code   RO         8787    .ARM.Collect$$libshutdown$$00000002  c_w.l(libshutdown2.o)
    0x08000256   0x08000256   0x00000000   Code   RO         8789    .ARM.Collect$$libshutdown$$00000004  c_w.l(libshutdown2.o)
    0x08000256   0x08000256   0x00000000   Code   RO         8791    .ARM.Collect$$libshutdown$$00000006  c_w.l(libshutdown2.o)
    0x08000256   0x08000256   0x00000000   Code   RO         8794    .ARM.Collect$$libshutdown$$00000009  c_w.l(libshutdown2.o)
    0x08000256   0x08000256   0x00000000   Code   RO         8797    .ARM.Collect$$libshutdown$$0000000C  c_w.l(libshutdown2.o)
    0x08000256   0x08000256   0x00000000   Code   RO         8799    .ARM.Collect$$libshutdown$$0000000E  c_w.l(libshutdown2.o)
    0x08000256   0x08000256   0x00000000   Code   RO         8802    .ARM.Collect$$libshutdown$$00000011  c_w.l(libshutdown2.o)
    0x08000256   0x08000256   0x00000002   Code   RO         8803    .ARM.Collect$$libshutdown$$00000012  c_w.l(libshutdown2.o)
    0x08000258   0x08000258   0x00000000   Code   RO         8536    .ARM.Collect$$rtentry$$00000000  c_w.l(__rtentry.o)
    0x08000258   0x08000258   0x00000000   Code   RO         8637    .ARM.Collect$$rtentry$$00000002  c_w.l(__rtentry2.o)
    0x08000258   0x08000258   0x00000006   Code   RO         8649    .ARM.Collect$$rtentry$$00000004  c_w.l(__rtentry4.o)
    0x0800025e   0x0800025e   0x00000000   Code   RO         8639    .ARM.Collect$$rtentry$$00000009  c_w.l(__rtentry2.o)
    0x0800025e   0x0800025e   0x00000004   Code   RO         8640    .ARM.Collect$$rtentry$$0000000A  c_w.l(__rtentry2.o)
    0x08000262   0x08000262   0x00000000   Code   RO         8642    .ARM.Collect$$rtentry$$0000000C  c_w.l(__rtentry2.o)
    0x08000262   0x08000262   0x00000008   Code   RO         8643    .ARM.Collect$$rtentry$$0000000D  c_w.l(__rtentry2.o)
    0x0800026a   0x0800026a   0x00000002   Code   RO         8687    .ARM.Collect$$rtexit$$00000000  c_w.l(rtexit.o)
    0x0800026c   0x0800026c   0x00000000   Code   RO         8741    .ARM.Collect$$rtexit$$00000002  c_w.l(rtexit2.o)
    0x0800026c   0x0800026c   0x00000004   Code   RO         8742    .ARM.Collect$$rtexit$$00000003  c_w.l(rtexit2.o)
    0x08000270   0x08000270   0x00000006   Code   RO         8743    .ARM.Collect$$rtexit$$00000004  c_w.l(rtexit2.o)
    0x08000276   0x08000276   0x00000002   PAD
    0x08000278   0x08000278   0x000000be   Code   RO         6462    .emb_text           port.o
    0x08000336   0x08000336   0x00000002   PAD
    0x08000338   0x08000338   0x0000004c   Code   RO            4    .text               startup_stm32f407xx.o
    0x08000384   0x08000384   0x00000002   Code   RO         8387    .text               c_w.l(use_no_semi_2.o)
    0x08000386   0x08000386   0x000000ee   Code   RO         8389    .text               c_w.l(lludivv7m.o)
    0x08000474   0x08000474   0x00000018   Code   RO         8397    .text               c_w.l(noretval__2printf.o)
    0x0800048c   0x0800048c   0x00000052   Code   RO         8405    .text               c_w.l(_printf_str.o)
    0x080004de   0x080004de   0x00000002   PAD
    0x080004e0   0x080004e0   0x00000078   Code   RO         8407    .text               c_w.l(_printf_dec.o)
    0x08000558   0x08000558   0x00000138   Code   RO         8442    .text               c_w.l(__printf_flags_wp.o)
    0x08000690   0x08000690   0x0000008a   Code   RO         8462    .text               c_w.l(rt_memcpy_v6.o)
    0x0800071a   0x0800071a   0x00000010   Code   RO         8466    .text               c_w.l(aeabi_memset.o)
    0x0800072a   0x0800072a   0x0000004e   Code   RO         8468    .text               c_w.l(rt_memclr_w.o)
    0x08000778   0x08000778   0x00000006   Code   RO         8470    .text               c_w.l(heapauxi.o)
    0x0800077e   0x0800077e   0x00000002   Code   RO         8534    .text               c_w.l(use_no_semi.o)
    0x08000780   0x08000780   0x00000016   Code   RO         8541    .text               c_w.l(_rserrno.o)
    0x08000796   0x08000796   0x000000b2   Code   RO         8543    .text               c_w.l(_printf_intcommon.o)
    0x08000848   0x08000848   0x00000030   Code   RO         8545    .text               c_w.l(_printf_char_common.o)
    0x08000878   0x08000878   0x0000002c   Code   RO         8549    .text               c_w.l(_printf_char.o)
    0x080008a4   0x080008a4   0x00000024   Code   RO         8551    .text               c_w.l(_printf_char_file.o)
    0x080008c8   0x080008c8   0x00000064   Code   RO         8554    .text               c_w.l(rt_memcpy_w.o)
    0x0800092c   0x0800092c   0x00000044   Code   RO         8556    .text               c_w.l(rt_memclr.o)
    0x08000970   0x08000970   0x00000008   Code   RO         8656    .text               c_w.l(rt_errno_addr_intlibspace.o)
    0x08000978   0x08000978   0x00000008   Code   RO         8660    .text               c_w.l(ferror.o)
    0x08000980   0x08000980   0x00000008   Code   RO         8670    .text               c_w.l(libspace.o)
    0x08000988   0x08000988   0x0000004a   Code   RO         8673    .text               c_w.l(sys_stackheap_outer.o)
    0x080009d2   0x080009d2   0x00000012   Code   RO         8675    .text               c_w.l(exit.o)
    0x080009e4   0x080009e4   0x00000160   Code   RO         3890    i.ADC_Init          stm32f4xx_hal_adc.o
    0x08000b44   0x08000b44   0x000000a8   Code   RO         6551    i.AutoScanSensor    hwt101.o
    0x08000bec   0x08000bec   0x00000004   Code   RO          362    i.BusFault_Handler  stm32f4xx_it.o
    0x08000bf0   0x08000bf0   0x000000f0   Code   RO         6606    i.CopeWitData       wit_c_sdk.o
    0x08000ce0   0x08000ce0   0x00000002   Code   RO          363    i.DebugMon_Handler  stm32f4xx_it.o
    0x08000ce2   0x08000ce2   0x00000006   Code   RO         4274    i.Error_Handler     btim.o
    0x08000ce8   0x08000ce8   0x000000c4   Code   RO         4912    i.FuzzyPid_position1_Out  fuzzypid.o
    0x08000dac   0x08000dac   0x000000c4   Code   RO         4913    i.FuzzyPid_position2_Out  fuzzypid.o
    0x08000e70   0x08000e70   0x000000c4   Code   RO         4914    i.FuzzyPid_position3_Out  fuzzypid.o
    0x08000f34   0x08000f34   0x000000c4   Code   RO         4915    i.FuzzyPid_position4_Out  fuzzypid.o
    0x08000ff8   0x08000ff8   0x0000018c   Code   RO         3892    i.HAL_ADC_ConfigChannel  stm32f4xx_hal_adc.o
    0x08001184   0x08001184   0x00000008   Code   RO         3899    i.HAL_ADC_GetValue  stm32f4xx_hal_adc.o
    0x0800118c   0x0800118c   0x00000068   Code   RO         3901    i.HAL_ADC_Init      stm32f4xx_hal_adc.o
    0x080011f4   0x080011f4   0x00000080   Code   RO         4859    i.HAL_ADC_MspInit   adc.o
    0x08001274   0x08001274   0x000000ce   Code   RO         3905    i.HAL_ADC_PollForConversion  stm32f4xx_hal_adc.o
    0x08001342   0x08001342   0x00000002   PAD
    0x08001344   0x08001344   0x0000014c   Code   RO         3907    i.HAL_ADC_Start     stm32f4xx_hal_adc.o
    0x08001490   0x08001490   0x000000aa   Code   RO         3561    i.HAL_DMA_Abort     stm32f4xx_hal_dma.o
    0x0800153a   0x0800153a   0x00000028   Code   RO         3562    i.HAL_DMA_Abort_IT  stm32f4xx_hal_dma.o
    0x08001562   0x08001562   0x00000002   PAD
    0x08001564   0x08001564   0x00000028   Code   RO          939    i.HAL_Delay         stm32f4xx_hal.o
    0x0800158c   0x0800158c   0x00000204   Code   RO         1261    i.HAL_GPIO_Init     stm32f4xx_hal_gpio.o
    0x08001790   0x08001790   0x00000010   Code   RO         1263    i.HAL_GPIO_ReadPin  stm32f4xx_hal_gpio.o
    0x080017a0   0x080017a0   0x0000000c   Code   RO         1265    i.HAL_GPIO_WritePin  stm32f4xx_hal_gpio.o
    0x080017ac   0x080017ac   0x0000000c   Code   RO          944    i.HAL_GetREVID      stm32f4xx_hal.o
    0x080017b8   0x080017b8   0x0000000c   Code   RO          945    i.HAL_GetTick       stm32f4xx_hal.o
    0x080017c4   0x080017c4   0x00000018   Code   RO          951    i.HAL_IncTick       stm32f4xx_hal.o
    0x080017dc   0x080017dc   0x00000030   Code   RO          952    i.HAL_Init          stm32f4xx_hal.o
    0x0800180c   0x0800180c   0x0000004c   Code   RO          953    i.HAL_InitTick      stm32f4xx_hal.o
    0x08001858   0x08001858   0x00000002   Code   RO          955    i.HAL_MspInit       stm32f4xx_hal.o
    0x0800185a   0x0800185a   0x00000020   Code   RO         1123    i.HAL_NVIC_EnableIRQ  stm32f4xx_hal_cortex.o
    0x0800187a   0x0800187a   0x0000007c   Code   RO         1129    i.HAL_NVIC_SetPriority  stm32f4xx_hal_cortex.o
    0x080018f6   0x080018f6   0x00000002   PAD
    0x080018f8   0x080018f8   0x00000028   Code   RO         1130    i.HAL_NVIC_SetPriorityGrouping  stm32f4xx_hal_cortex.o
    0x08001920   0x08001920   0x00000184   Code   RO         1325    i.HAL_RCC_ClockConfig  stm32f4xx_hal_rcc.o
    0x08001aa4   0x08001aa4   0x0000000c   Code   RO         1330    i.HAL_RCC_GetHCLKFreq  stm32f4xx_hal_rcc.o
    0x08001ab0   0x08001ab0   0x00000020   Code   RO         1332    i.HAL_RCC_GetPCLK1Freq  stm32f4xx_hal_rcc.o
    0x08001ad0   0x08001ad0   0x00000020   Code   RO         1333    i.HAL_RCC_GetPCLK2Freq  stm32f4xx_hal_rcc.o
    0x08001af0   0x08001af0   0x000000b0   Code   RO         1334    i.HAL_RCC_GetSysClockFreq  stm32f4xx_hal_rcc.o
    0x08001ba0   0x08001ba0   0x0000049c   Code   RO         1337    i.HAL_RCC_OscConfig  stm32f4xx_hal_rcc.o
    0x0800203c   0x0800203c   0x00000028   Code   RO         1132    i.HAL_SYSTICK_CLKSourceConfig  stm32f4xx_hal_cortex.o
    0x08002064   0x08002064   0x00000034   Code   RO         1134    i.HAL_SYSTICK_Config  stm32f4xx_hal_cortex.o
    0x08002098   0x08002098   0x00000002   Code   RO         3045    i.HAL_TIMEx_BreakCallback  stm32f4xx_hal_tim_ex.o
    0x0800209a   0x0800209a   0x00000002   Code   RO         3046    i.HAL_TIMEx_CommutCallback  stm32f4xx_hal_tim_ex.o
    0x0800209c   0x0800209c   0x000000b4   Code   RO         3064    i.HAL_TIMEx_MasterConfigSynchronization  stm32f4xx_hal_tim_ex.o
    0x08002150   0x08002150   0x00000066   Code   RO         2330    i.HAL_TIM_Base_Init  stm32f4xx_hal_tim.o
    0x080021b6   0x080021b6   0x00000002   PAD
    0x080021b8   0x080021b8   0x0000008c   Code   RO         4275    i.HAL_TIM_Base_MspInit  btim.o
    0x08002244   0x08002244   0x000000a8   Code   RO         2335    i.HAL_TIM_Base_Start_IT  stm32f4xx_hal_tim.o
    0x080022ec   0x080022ec   0x000000c8   Code   RO         2351    i.HAL_TIM_Encoder_Init  stm32f4xx_hal_tim.o
    0x080023b4   0x080023b4   0x0000024c   Code   RO         4277    i.HAL_TIM_Encoder_MspInit  btim.o
    0x08002600   0x08002600   0x000000cc   Code   RO         2354    i.HAL_TIM_Encoder_Start  stm32f4xx_hal_tim.o
    0x080026cc   0x080026cc   0x00000002   Code   RO         2364    i.HAL_TIM_IC_CaptureCallback  stm32f4xx_hal_tim.o
    0x080026ce   0x080026ce   0x00000196   Code   RO         2378    i.HAL_TIM_IRQHandler  stm32f4xx_hal_tim.o
    0x08002864   0x08002864   0x00000002   Code   RO         2381    i.HAL_TIM_OC_DelayElapsedCallback  stm32f4xx_hal_tim.o
    0x08002866   0x08002866   0x000000fc   Code   RO         2402    i.HAL_TIM_PWM_ConfigChannel  stm32f4xx_hal_tim.o
    0x08002962   0x08002962   0x00000066   Code   RO         2405    i.HAL_TIM_PWM_Init  stm32f4xx_hal_tim.o
    0x080029c8   0x080029c8   0x00000118   Code   RO         4539    i.HAL_TIM_PWM_MspInit  pwm.o
    0x08002ae0   0x08002ae0   0x00000002   Code   RO         2408    i.HAL_TIM_PWM_PulseFinishedCallback  stm32f4xx_hal_tim.o
    0x08002ae2   0x08002ae2   0x00000002   PAD
    0x08002ae4   0x08002ae4   0x0000010c   Code   RO         2410    i.HAL_TIM_PWM_Start  stm32f4xx_hal_tim.o
    0x08002bf0   0x08002bf0   0x00000134   Code   RO         4806    i.HAL_TIM_PeriodElapsedCallback  control.o
    0x08002d24   0x08002d24   0x00000002   Code   RO         2421    i.HAL_TIM_TriggerCallback  stm32f4xx_hal_tim.o
    0x08002d26   0x08002d26   0x00000002   Code   RO         1931    i.HAL_UARTEx_RxEventCallback  stm32f4xx_hal_uart.o
    0x08002d28   0x08002d28   0x00000002   Code   RO         1945    i.HAL_UART_ErrorCallback  stm32f4xx_hal_uart.o
    0x08002d2a   0x08002d2a   0x00000014   Code   RO         1947    i.HAL_UART_GetState  stm32f4xx_hal_uart.o
    0x08002d3e   0x08002d3e   0x00000002   PAD
    0x08002d40   0x08002d40   0x00000250   Code   RO         1948    i.HAL_UART_IRQHandler  stm32f4xx_hal_uart.o
    0x08002f90   0x08002f90   0x00000072   Code   RO         1949    i.HAL_UART_Init     stm32f4xx_hal_uart.o
    0x08003002   0x08003002   0x00000002   PAD
    0x08003004   0x08003004   0x00000184   Code   RO          824    i.HAL_UART_MspInit  usart.o
    0x08003188   0x08003188   0x00000042   Code   RO         1954    i.HAL_UART_Receive_IT  stm32f4xx_hal_uart.o
    0x080031ca   0x080031ca   0x00000002   PAD
    0x080031cc   0x080031cc   0x000000b4   Code   RO          825    i.HAL_UART_RxCpltCallback  usart.o
    0x08003280   0x08003280   0x00000002   Code   RO         1960    i.HAL_UART_TxCpltCallback  stm32f4xx_hal_uart.o
    0x08003282   0x08003282   0x00000002   PAD
    0x08003284   0x08003284   0x00000078   Code   RO         6553    i.HWT101_GetData    hwt101.o
    0x080032fc   0x080032fc   0x00000014   Code   RO         6554    i.HWT101_Init       hwt101.o
    0x08003310   0x08003310   0x00000004   Code   RO          364    i.HardFault_Handler  stm32f4xx_it.o
    0x08003314   0x08003314   0x0000000a   Code   RO          605    i.MOTO_task         freertos_demo.o
    0x0800331e   0x0800331e   0x00000002   PAD
    0x08003320   0x08003320   0x0000007c   Code   RO         4278    i.MX_TIM2_Init      btim.o
    0x0800339c   0x0800339c   0x0000007c   Code   RO         4279    i.MX_TIM3_Init      btim.o
    0x08003418   0x08003418   0x0000007c   Code   RO         4280    i.MX_TIM4_Init      btim.o
    0x08003494   0x08003494   0x0000007c   Code   RO         4281    i.MX_TIM5_Init      btim.o
    0x08003510   0x08003510   0x00000004   Code   RO          365    i.MemManage_Handler  stm32f4xx_it.o
    0x08003514   0x08003514   0x00000168   Code   RO         4918    i.Moto_Config       fuzzypid.o
    0x0800367c   0x0800367c   0x00000240   Code   RO         4692    i.MotorControl      pid.o
    0x080038bc   0x080038bc   0x00000002   Code   RO          366    i.NMI_Handler       stm32f4xx_it.o
    0x080038be   0x080038be   0x00000002   PAD
    0x080038c0   0x080038c0   0x00000030   Code   RO         4377    i.OLED_Clear        oled.o
    0x080038f0   0x080038f0   0x00000068   Code   RO         4380    i.OLED_DrawPoint    oled.o
    0x08003958   0x08003958   0x0000019c   Code   RO         4382    i.OLED_Init         oled.o
    0x08003af4   0x08003af4   0x0000004c   Code   RO         4383    i.OLED_Refresh_Gram  oled.o
    0x08003b40   0x08003b40   0x00000260   Code   RO         4384    i.OLED_Show         oled.o
    0x08003da0   0x08003da0   0x000000a8   Code   RO         4385    i.OLED_ShowChar     oled.o
    0x08003e48   0x08003e48   0x00000094   Code   RO         4386    i.OLED_ShowNumber   oled.o
    0x08003edc   0x08003edc   0x00000044   Code   RO         4387    i.OLED_ShowString   oled.o
    0x08003f20   0x08003f20   0x00000074   Code   RO         4388    i.OLED_WR_Byte      oled.o
    0x08003f94   0x08003f94   0x000003dc   Code   RO         4693    i.PID_param_init    pid.o
    0x08004370   0x08004370   0x0000004c   Code   RO         4541    i.PWM14_Init        pwm.o
    0x080043bc   0x080043bc   0x00000060   Code   RO         4620    i.PWM1_Set          moto.o
    0x0800441c   0x0800441c   0x00000060   Code   RO         4621    i.PWM2_Set          moto.o
    0x0800447c   0x0800447c   0x00000060   Code   RO         4622    i.PWM3_Set          moto.o
    0x080044dc   0x080044dc   0x00000060   Code   RO         4623    i.PWM4_Set          moto.o
    0x0800453c   0x0800453c   0x00000088   Code   RO         4542    i.PWM_Init          pwm.o
    0x080045c4   0x080045c4   0x0000005e   Code   RO         4694    i.PosionPID_realize  pid.o
    0x08004622   0x08004622   0x00000002   PAD
    0x08004624   0x08004624   0x00000028   Code   RO         4509    i.Reading           encoder.o
    0x0800464c   0x0800464c   0x00000028   Code   RO         4510    i.Readingback       encoder.o
    0x08004674   0x08004674   0x00000020   Code   RO         6555    i.SensorDataUpdata  hwt101.o
    0x08004694   0x08004694   0x00000014   Code   RO          704    i.SysTick_Handler   delay.o
    0x080046a8   0x080046a8   0x00000014   Code   RO          420    i.SystemInit        system_stm32f4xx.o
    0x080046bc   0x080046bc   0x00000010   Code   RO         4282    i.TIM6_DAC_IRQHandler  btim.o
    0x080046cc   0x080046cc   0x00000010   Code   RO         4283    i.TIM7_IRQHandler   btim.o
    0x080046dc   0x080046dc   0x000000d8   Code   RO         2423    i.TIM_Base_SetConfig  stm32f4xx_hal_tim.o
    0x080047b4   0x080047b4   0x00000022   Code   RO         2424    i.TIM_CCxChannelCmd  stm32f4xx_hal_tim.o
    0x080047d6   0x080047d6   0x00000002   PAD
    0x080047d8   0x080047d8   0x00000070   Code   RO         2436    i.TIM_OC1_SetConfig  stm32f4xx_hal_tim.o
    0x08004848   0x08004848   0x0000007c   Code   RO         2437    i.TIM_OC2_SetConfig  stm32f4xx_hal_tim.o
    0x080048c4   0x080048c4   0x00000078   Code   RO         2438    i.TIM_OC3_SetConfig  stm32f4xx_hal_tim.o
    0x0800493c   0x0800493c   0x00000054   Code   RO         2439    i.TIM_OC4_SetConfig  stm32f4xx_hal_tim.o
    0x08004990   0x08004990   0x0000000c   Code   RO         4545    i.TIM_SetTIM8Compare1  pwm.o
    0x0800499c   0x0800499c   0x0000000c   Code   RO         4546    i.TIM_SetTIM8Compare2  pwm.o
    0x080049a8   0x080049a8   0x0000000c   Code   RO         4547    i.TIM_SetTIM8Compare3  pwm.o
    0x080049b4   0x080049b4   0x0000000c   Code   RO         4548    i.TIM_SetTIM8Compare4  pwm.o
    0x080049c0   0x080049c0   0x00000014   Code   RO         1962    i.UART_DMAAbortOnError  stm32f4xx_hal_uart.o
    0x080049d4   0x080049d4   0x00000036   Code   RO         1972    i.UART_EndRxTransfer  stm32f4xx_hal_uart.o
    0x08004a0a   0x08004a0a   0x00000020   Code   RO         1973    i.UART_EndTransmit_IT  stm32f4xx_hal_uart.o
    0x08004a2a   0x08004a2a   0x000000be   Code   RO         1975    i.UART_Receive_IT   stm32f4xx_hal_uart.o
    0x08004ae8   0x08004ae8   0x0000022c   Code   RO         1976    i.UART_SetConfig    stm32f4xx_hal_uart.o
    0x08004d14   0x08004d14   0x00000046   Code   RO         1978    i.UART_Start_Receive_IT  stm32f4xx_hal_uart.o
    0x08004d5a   0x08004d5a   0x00000060   Code   RO         1979    i.UART_Transmit_IT  stm32f4xx_hal_uart.o
    0x08004dba   0x08004dba   0x00000002   PAD
    0x08004dbc   0x08004dbc   0x00000050   Code   RO          826    i.USART1_IRQHandler  usart.o
    0x08004e0c   0x08004e0c   0x00000050   Code   RO          827    i.USART2_IRQHandler  usart.o
    0x08004e5c   0x08004e5c   0x00000004   Code   RO          367    i.UsageFault_Handler  stm32f4xx_it.o
    0x08004e60   0x08004e60   0x000001d8   Code   RO         6614    i.WitReadReg        wit_c_sdk.o
    0x08005038   0x08005038   0x00000018   Code   RO         6615    i.WitRegisterCallBack  wit_c_sdk.o
    0x08005050   0x08005050   0x000001ec   Code   RO         6617    i.WitSerialDataIn   wit_c_sdk.o
    0x0800523c   0x0800523c   0x00000010   Code   RO         4695    i.Xianfu            pid.o
    0x0800524c   0x0800524c   0x00000038   Code   RO         6630    i.__CRC16           wit_c_sdk.o
    0x08005284   0x08005284   0x0000001a   Code   RO         6631    i.__CaliSum         wit_c_sdk.o
    0x0800529e   0x0800529e   0x00000002   PAD
    0x080052a0   0x080052a0   0x00000010   Code   RO         1136    i.__NVIC_GetPriorityGrouping  stm32f4xx_hal_cortex.o
    0x080052b0   0x080052b0   0x00000028   Code   RO         1137    i.__NVIC_SetPriority  stm32f4xx_hal_cortex.o
    0x080052d8   0x080052d8   0x000003c4   Code   RO         8607    i.__hardfp_log      m_wm.l(log.o)
    0x0800569c   0x0800569c   0x00000004   PAD
    0x080056a0   0x080056a0   0x00000130   Code   RO         8522    i.__hardfp_log10    m_wm.l(log10.o)
    0x080057d0   0x080057d0   0x000000f8   Code   RO         8621    i.__kernel_poly     m_wm.l(poly.o)
    0x080058c8   0x080058c8   0x00000030   Code   RO         8585    i.__mathlib_dbl_divzero  m_wm.l(dunder.o)
    0x080058f8   0x080058f8   0x00000014   Code   RO         8586    i.__mathlib_dbl_infnan  m_wm.l(dunder.o)
    0x0800590c   0x0800590c   0x00000004   PAD
    0x08005910   0x08005910   0x00000020   Code   RO         8588    i.__mathlib_dbl_invalid  m_wm.l(dunder.o)
    0x08005930   0x08005930   0x0000000e   Code   RO         8440    i._is_digit         c_w.l(__printf_wp.o)
    0x0800593e   0x0800593e   0x00000004   Code   RO          829    i._sys_exit         usart.o
    0x08005942   0x08005942   0x0000001e   Code   RO         4860    i.adc_channel_set   adc.o
    0x08005960   0x08005960   0x0000002c   Code   RO         4861    i.adc_get_result    adc.o
    0x0800598c   0x0800598c   0x00000044   Code   RO         4863    i.adc_init          adc.o
    0x080059d0   0x080059d0   0x00000072   Code   RO         4696    i.addPID_realize    pid.o
    0x08005a42   0x08005a42   0x00000002   PAD
    0x08005a44   0x08005a44   0x000000f0   Code   RO         4697    i.add_pid_normal    pid.o
    0x08005b34   0x08005b34   0x0000002c   Code   RO         4284    i.btim_tim6_int_init  btim.o
    0x08005b60   0x08005b60   0x0000002c   Code   RO         4285    i.btim_tim7_int_init  btim.o
    0x08005b8c   0x08005b8c   0x00000038   Code   RO          705    i.delay_init        delay.o
    0x08005bc4   0x08005bc4   0x00000018   Code   RO          706    i.delay_ms          delay.o
    0x08005bdc   0x08005bdc   0x00000048   Code   RO          707    i.delay_us          delay.o
    0x08005c24   0x08005c24   0x0000001c   Code   RO          831    i.fputc             usart.o
    0x08005c40   0x08005c40   0x00000030   Code   RO          606    i.freertos_demo     freertos_demo.o
    0x08005c70   0x08005c70   0x000003bc   Code   RO         4919    i.fuzzy             fuzzypid.o
    0x0800602c   0x0800602c   0x000000c8   Code   RO         4921    i.fuzzy_position_A_control  fuzzypid.o
    0x080060f4   0x080060f4   0x000000c8   Code   RO         4922    i.fuzzy_position_B_control  fuzzypid.o
    0x080061bc   0x080061bc   0x000000c8   Code   RO         4923    i.fuzzy_position_C_control  fuzzypid.o
    0x08006284   0x08006284   0x000000c8   Code   RO         4924    i.fuzzy_position_D_control  fuzzypid.o
    0x0800634c   0x0800634c   0x000000a0   Code   RO         4925    i.fuzzypid_clearerr  fuzzypid.o
    0x080063ec   0x080063ec   0x000001c4   Code   RO         4485    i.gpio_init         gpio.o
    0x080065b0   0x080065b0   0x000000c4   Code   RO         4186    i.key_init          key.o
    0x08006674   0x08006674   0x000000a4   Code   RO         4187    i.key_scan          key.o
    0x08006718   0x08006718   0x00000098   Code   RO         4162    i.led_init          led.o
    0x080067b0   0x080067b0   0x00000010   Code   RO         8609    i.log               m_wm.l(log.o)
    0x080067c0   0x080067c0   0x000000b8   Code   RO           13    i.main              main.o
    0x08006878   0x08006878   0x00000164   Code   RO          607    i.main_task         freertos_demo.o
    0x080069dc   0x080069dc   0x00000174   Code   RO         4624    i.moto_init         moto.o
    0x08006b50   0x08006b50   0x000001e0   Code   RO         4926    i.moto_wait         fuzzypid.o
    0x08006d30   0x08006d30   0x00000044   Code   RO         5065    i.my_mem_init       malloc.o
    0x08006d74   0x08006d74   0x00000040   Code   RO         5067    i.my_mem_perused    malloc.o
    0x08006db4   0x08006db4   0x00000010   Code   RO         4700    i.myabs             pid.o
    0x08006dc4   0x08006dc4   0x00000014   Code   RO         5071    i.mymemset          malloc.o
    0x08006dd8   0x08006dd8   0x00000016   Code   RO         4389    i.oled_pow          oled.o
    0x08006dee   0x08006dee   0x0000000e   Code   RO          608    i.oled_task         freertos_demo.o
    0x08006dfc   0x08006dfc   0x000000cc   Code   RO         5793    i.prvAddCurrentTaskToDelayedList  tasks.o
    0x08006ec8   0x08006ec8   0x000000ec   Code   RO         5794    i.prvAddNewTaskToReadyList  tasks.o
    0x08006fb4   0x08006fb4   0x00000064   Code   RO         6218    i.prvCheckForValidListAndQueue  timers.o
    0x08007018   0x08007018   0x00000048   Code   RO         5795    i.prvCheckTasksWaitingTermination  tasks.o
    0x08007060   0x08007060   0x0000002a   Code   RO         5353    i.prvCopyDataFromQueue  queue.o
    0x0800708a   0x0800708a   0x0000007e   Code   RO         5354    i.prvCopyDataToQueue  queue.o
    0x08007108   0x08007108   0x00000012   Code   RO         5796    i.prvDeleteTCB      tasks.o
    0x0800711a   0x0800711a   0x00000002   PAD
    0x0800711c   0x0800711c   0x00000028   Code   RO         6219    i.prvGetNextExpireTime  timers.o
    0x08007144   0x08007144   0x0000007c   Code   RO         6395    i.prvHeapInit       heap_4.o
    0x080071c0   0x080071c0   0x00000028   Code   RO         5797    i.prvIdleTask       tasks.o
    0x080071e8   0x080071e8   0x0000002e   Code   RO         5357    i.prvInitialiseNewQueue  queue.o
    0x08007216   0x08007216   0x00000002   PAD
    0x08007218   0x08007218   0x00000104   Code   RO         5798    i.prvInitialiseNewTask  tasks.o
    0x0800731c   0x0800731c   0x00000068   Code   RO         5799    i.prvInitialiseTaskLists  tasks.o
    0x08007384   0x08007384   0x00000068   Code   RO         6396    i.prvInsertBlockIntoFreeList  heap_4.o
    0x080073ec   0x080073ec   0x00000058   Code   RO         6221    i.prvInsertTimerInActiveList  timers.o
    0x08007444   0x08007444   0x0000001a   Code   RO         5358    i.prvIsQueueEmpty   queue.o
    0x0800745e   0x0800745e   0x00000002   PAD
    0x08007460   0x08007460   0x000000c4   Code   RO         5360    i.prvNotifyQueueSetContainer  queue.o
    0x08007524   0x08007524   0x00000044   Code   RO         6222    i.prvProcessExpiredTimer  timers.o
    0x08007568   0x08007568   0x0000016c   Code   RO         6223    i.prvProcessReceivedCommands  timers.o
    0x080076d4   0x080076d4   0x00000074   Code   RO         6224    i.prvProcessTimerOrBlockTask  timers.o
    0x08007748   0x08007748   0x00000028   Code   RO         6225    i.prvReloadTimer    timers.o
    0x08007770   0x08007770   0x00000030   Code   RO         5801    i.prvResetNextTaskUnblockTime  tasks.o
    0x080077a0   0x080077a0   0x0000002c   Code   RO         6226    i.prvSampleTimeNow  timers.o
    0x080077cc   0x080077cc   0x00000044   Code   RO         6227    i.prvSwitchTimerLists  timers.o
    0x08007810   0x08007810   0x00000080   Code   RO         6463    i.prvTaskExitError  port.o
    0x08007890   0x08007890   0x0000001a   Code   RO         6228    i.prvTimerTask      timers.o
    0x080078aa   0x080078aa   0x00000090   Code   RO         5361    i.prvUnlockQueue    queue.o
    0x0800793a   0x0800793a   0x00000002   PAD
    0x0800793c   0x0800793c   0x00000194   Code   RO         6397    i.pvPortMalloc      heap_4.o
    0x08007ad0   0x08007ad0   0x0000002c   Code   RO         6464    i.pxPortInitialiseStack  port.o
    0x08007afc   0x08007afc   0x00000068   Code   RO         4703    i.speed_pid         pid.o
    0x08007b64   0x08007b64   0x000000cc   Code   RO          609    i.start_task        freertos_demo.o
    0x08007c30   0x08007c30   0x000000cc   Code   RO          757    i.sys_stm32_clock_init  sys.o
    0x08007cfc   0x08007cfc   0x00000034   Code   RO          610    i.task1             freertos_demo.o
    0x08007d30   0x08007d30   0x00000090   Code   RO         4927    i.turn90            fuzzypid.o
    0x08007dc0   0x08007dc0   0x00000038   Code   RO          832    i.usart2_init       usart.o
    0x08007df8   0x08007df8   0x00000038   Code   RO          833    i.usart_init        usart.o
    0x08007e30   0x08007e30   0x00000028   Code   RO         5301    i.uxListRemove      list.o
    0x08007e58   0x08007e58   0x0000001a   Code   RO         5302    i.vListInitialise   list.o
    0x08007e72   0x08007e72   0x00000006   Code   RO         5303    i.vListInitialiseItem  list.o
    0x08007e78   0x08007e78   0x00000034   Code   RO         5304    i.vListInsert       list.o
    0x08007eac   0x08007eac   0x00000018   Code   RO         5305    i.vListInsertEnd    list.o
    0x08007ec4   0x08007ec4   0x00000098   Code   RO         6466    i.vPortEnterCritical  port.o
    0x08007f5c   0x08007f5c   0x00000080   Code   RO         6467    i.vPortExitCritical  port.o
    0x08007fdc   0x08007fdc   0x000000d8   Code   RO         6398    i.vPortFree         heap_4.o
    0x080080b4   0x080080b4   0x00000028   Code   RO         6468    i.vPortSetupTimerInterrupt  port.o
    0x080080dc   0x080080dc   0x0000008c   Code   RO         5367    i.vQueueAddToRegistry  queue.o
    0x08008168   0x08008168   0x0000004a   Code   RO         5371    i.vQueueWaitForMessageRestricted  queue.o
    0x080081b2   0x080081b2   0x00000002   PAD
    0x080081b4   0x080081b4   0x00000084   Code   RO         5816    i.vTaskDelay        tasks.o
    0x08008238   0x08008238   0x00000124   Code   RO         5817    i.vTaskDelete       tasks.o
    0x0800835c   0x0800835c   0x00000018   Code   RO         5821    i.vTaskInternalSetTimeOutState  tasks.o
    0x08008374   0x08008374   0x0000000c   Code   RO         5823    i.vTaskMissedYield  tasks.o
    0x08008380   0x08008380   0x00000064   Code   RO         5824    i.vTaskPlaceOnEventList  tasks.o
    0x080083e4   0x080083e4   0x0000008c   Code   RO         5825    i.vTaskPlaceOnEventListRestricted  tasks.o
    0x08008470   0x08008470   0x000000c4   Code   RO         5833    i.vTaskStartScheduler  tasks.o
    0x08008534   0x08008534   0x00000010   Code   RO         5835    i.vTaskSuspendAll   tasks.o
    0x08008544   0x08008544   0x000000b8   Code   RO         5836    i.vTaskSwitchContext  tasks.o
    0x080085fc   0x080085fc   0x000001ac   Code   RO         6470    i.xPortStartScheduler  port.o
    0x080087a8   0x080087a8   0x00000034   Code   RO         6471    i.xPortSysTickHandler  port.o
    0x080087dc   0x080087dc   0x00000090   Code   RO         5376    i.xQueueGenericCreate  queue.o
    0x0800886c   0x0800886c   0x000000fc   Code   RO         5377    i.xQueueGenericReset  queue.o
    0x08008968   0x08008968   0x00000180   Code   RO         5386    i.xQueueReceive     queue.o
    0x08008ae8   0x08008ae8   0x000000cc   Code   RO         5839    i.xTaskCheckForTimeOut  tasks.o
    0x08008bb4   0x08008bb4   0x00000060   Code   RO         5840    i.xTaskCreate       tasks.o
    0x08008c14   0x08008c14   0x00000020   Code   RO         5849    i.xTaskGetSchedulerState  tasks.o
    0x08008c34   0x08008c34   0x0000000c   Code   RO         5850    i.xTaskGetTickCount  tasks.o
    0x08008c40   0x08008c40   0x000001e8   Code   RO         5852    i.xTaskIncrementTick  tasks.o
    0x08008e28   0x08008e28   0x00000110   Code   RO         5853    i.xTaskPriorityDisinherit  tasks.o
    0x08008f38   0x08008f38   0x0000014c   Code   RO         5855    i.xTaskRemoveFromEventList  tasks.o
    0x08009084   0x08009084   0x000001a0   Code   RO         5856    i.xTaskResumeAll    tasks.o
    0x08009224   0x08009224   0x00000080   Code   RO         6236    i.xTimerCreateTimerTask  timers.o
    0x080092a4   0x080092a4   0x00000058   Code   RO         4704    i.yaw_output        pid.o
    0x080092fc   0x080092fc   0x0000010c   Code   RO         4705    i.yawspeed          pid.o
    0x08009408   0x08009408   0x00000018   Code   RO         8558    x$fpl$basic         fz_wm.l(basic.o)
    0x08009420   0x08009420   0x00000062   Code   RO         8474    x$fpl$d2f           fz_wm.l(d2f.o)
    0x08009482   0x08009482   0x00000002   PAD
    0x08009484   0x08009484   0x00000150   Code   RO         8476    x$fpl$dadd          fz_wm.l(daddsub_clz.o)
    0x080095d4   0x080095d4   0x00000018   Code   RO         8664    x$fpl$dcmpinf       fz_wm.l(dcmpi.o)
    0x080095ec   0x080095ec   0x000002b0   Code   RO         8483    x$fpl$ddiv          fz_wm.l(ddiv.o)
    0x0800989c   0x0800989c   0x00000078   Code   RO         8560    x$fpl$deqf          fz_wm.l(deqf.o)
    0x08009914   0x08009914   0x0000002e   Code   RO         8487    x$fpl$dflt          fz_wm.l(dflt_clz.o)
    0x08009942   0x08009942   0x00000002   PAD
    0x08009944   0x08009944   0x00000154   Code   RO         8492    x$fpl$dmul          fz_wm.l(dmul.o)
    0x08009a98   0x08009a98   0x0000009c   Code   RO         8562    x$fpl$dnaninf       fz_wm.l(dnaninf.o)
    0x08009b34   0x08009b34   0x0000000c   Code   RO         8564    x$fpl$dretinf       fz_wm.l(dretinf.o)
    0x08009b40   0x08009b40   0x00000016   Code   RO         8477    x$fpl$drsb          fz_wm.l(daddsub_clz.o)
    0x08009b56   0x08009b56   0x00000002   PAD
    0x08009b58   0x08009b58   0x000001d4   Code   RO         8478    x$fpl$dsub          fz_wm.l(daddsub_clz.o)
    0x08009d2c   0x08009d2c   0x0000000a   Code   RO         8753    x$fpl$fpinit        fz_wm.l(fpinit.o)
    0x08009d36   0x08009d36   0x0000000a   Code   RO         8568    x$fpl$fretinf       fz_wm.l(fretinf.o)
    0x08009d40   0x08009d40   0x00000000   Code   RO         8570    x$fpl$usenofp       fz_wm.l(usenofp.o)
    0x08009d40   0x08009d40   0x00000018   Data   RO          421    .constdata          system_stm32f4xx.o
    0x08009d58   0x08009d58   0x00000a64   Data   RO         4391    .constdata          oled.o
    0x0800a7bc   0x0800a7bc   0x0000024c   Data   RO         4928    .constdata          fuzzypid.o
    0x0800aa08   0x0800aa08   0x00000024   Data   RO         5078    .constdata          malloc.o
    0x0800aa2c   0x0800aa2c   0x00000200   Data   RO         6633    .constdata          wit_c_sdk.o
    0x0800ac2c   0x0800ac2c   0x00000011   Data   RO         8443    .constdata          c_w.l(__printf_flags_wp.o)
    0x0800ac3d   0x0800ac3d   0x00000003   PAD
    0x0800ac40   0x0800ac40   0x00000038   Data   RO         8610    .constdata          m_wm.l(log.o)
    0x0800ac78   0x0800ac78   0x00000008   Data   RO         8623    .constdata          m_wm.l(qnan.o)
    0x0800ac80   0x0800ac80   0x00000020   Data   RO         8804    Region$$Table       anon$$obj.o


    Execution Region RW_IRAM1 (Exec base: 0x20000000, Load base: 0x0800aca0, Size: 0x0001bd90, Max: 0x00020000, ABSOLUTE, COMPRESSED[0x0000005c])

    Exec Addr    Load Addr    Size         Type   Attr      Idx    E Section Name        Object

    0x20000000   COMPRESSED   0x00000008   Data   RW           14    .data               main.o
    0x20000008   COMPRESSED   0x00000004   Data   RW          422    .data               system_stm32f4xx.o
    0x2000000c   COMPRESSED   0x0000001c   Data   RW          612    .data               freertos_demo.o
    0x20000028   COMPRESSED   0x00000004   Data   RW          708    .data               delay.o
    0x2000002c   COMPRESSED   0x00000017   Data   RW          835    .data               usart.o
    0x20000043   COMPRESSED   0x00000001   PAD
    0x20000044   COMPRESSED   0x00000009   Data   RW          959    .data               stm32f4xx_hal.o
    0x2000004d   COMPRESSED   0x00000001   Data   RW         4188    .data               key.o
    0x2000004e   COMPRESSED   0x00000002   PAD
    0x20000050   COMPRESSED   0x0000002c   Data   RW         4707    .data               pid.o
    0x2000007c   COMPRESSED   0x00000028   Data   RW         4811    .data               control.o
    0x200000a4   COMPRESSED   0x00000144   Data   RW         4929    .data               fuzzypid.o
    0x200001e8   COMPRESSED   0x00000024   Data   RW         5079    .data               malloc.o
    0x2000020c   COMPRESSED   0x00000040   Data   RW         5859    .data               tasks.o
    0x2000024c   COMPRESSED   0x00000014   Data   RW         6245    .data               timers.o
    0x20000260   COMPRESSED   0x00000020   Data   RW         6404    .data               heap_4.o
    0x20000280   COMPRESSED   0x0000000c   Data   RW         6472    .data               port.o
    0x2000028c   COMPRESSED   0x00000009   Data   RW         6557    .data               hwt101.o
    0x20000295   COMPRESSED   0x00000003   PAD
    0x20000298   COMPRESSED   0x00000028   Data   RW         6634    .data               wit_c_sdk.o
    0x200002c0        -       0x00000218   Zero   RW          834    .bss                usart.o
    0x200004d8        -       0x000001b0   Zero   RW         4286    .bss                btim.o
    0x20000688        -       0x00000400   Zero   RW         4390    .bss                oled.o
    0x20000a88        -       0x0000012c   Zero   RW         4549    .bss                pwm.o
    0x20000bb4        -       0x000000fc   Zero   RW         4706    .bss                pid.o
    0x20000cb0        -       0x00000048   Zero   RW         4864    .bss                adc.o
    0x20000cf8   COMPRESSED   0x00000008   PAD
    0x20000d00        -       0x00017e80   Zero   RW         5077    .bss                malloc.o
    0x20018b80        -       0x00000040   Zero   RW         5393    .bss                queue.o
    0x20018bc0        -       0x000002e4   Zero   RW         5858    .bss                tasks.o
    0x20018ea4        -       0x00000028   Zero   RW         6244    .bss                timers.o
    0x20018ecc        -       0x00002800   Zero   RW         6403    .bss                heap_4.o
    0x2001b6cc        -       0x0000003e   Zero   RW         6556    .bss                hwt101.o
    0x2001b70a        -       0x00000220   Zero   RW         6632    .bss                wit_c_sdk.o
    0x2001b92a   COMPRESSED   0x00000002   PAD
    0x2001b92c        -       0x00000060   Zero   RW         8671    .bss                c_w.l(libspace.o)
    0x2001b98c   COMPRESSED   0x00000004   PAD
    0x2001b990        -       0x00000000   Zero   RW            2    HEAP                startup_stm32f407xx.o
    0x2001b990        -       0x00000400   Zero   RW            1    STACK               startup_stm32f407xx.o



  Load Region LR$$.ARM.__AT_0x10000000 (Base: 0x10000000, Size: 0x00000000, Max: 0x0000f000, ABSOLUTE)

    Execution Region ER$$.ARM.__AT_0x10000000 (Exec base: 0x10000000, Load base: 0x10000000, Size: 0x0000f000, Max: 0x0000f000, ABSOLUTE, UNINIT)

    Exec Addr    Load Addr    Size         Type   Attr      Idx    E Section Name        Object

    0x10000000        -       0x0000f000   Zero   RW         5073    .ARM.__AT_0x10000000  malloc.o



  Load Region LR$$.ARM.__AT_0x1000F000 (Base: 0x1000f000, Size: 0x00000000, Max: 0x00000f00, ABSOLUTE)

    Execution Region ER$$.ARM.__AT_0x1000F000 (Exec base: 0x1000f000, Load base: 0x1000f000, Size: 0x00000f00, Max: 0x00000f00, ABSOLUTE, UNINIT)

    Exec Addr    Load Addr    Size         Type   Attr      Idx    E Section Name        Object

    0x1000f000        -       0x00000f00   Zero   RW         5074    .ARM.__AT_0x1000F000  malloc.o



  Load Region LR$$.ARM.__AT_0x68000000 (Base: 0x68000000, Size: 0x00000000, Max: 0x000f0c00, ABSOLUTE)

    Execution Region ER$$.ARM.__AT_0x68000000 (Exec base: 0x68000000, Load base: 0x68000000, Size: 0x000f0c00, Max: 0x000f0c00, ABSOLUTE, UNINIT)

    Exec Addr    Load Addr    Size         Type   Attr      Idx    E Section Name        Object

    0x68000000        -       0x000f0c00   Zero   RW         5075    .ARM.__AT_0x68000000  malloc.o



  Load Region LR$$.ARM.__AT_0x680F0C00 (Base: 0x680f0c00, Size: 0x00000000, Max: 0x0000f0c0, ABSOLUTE)

    Execution Region ER$$.ARM.__AT_0x680F0C00 (Exec base: 0x680f0c00, Load base: 0x680f0c00, Size: 0x0000f0c0, Max: 0x0000f0c0, ABSOLUTE, UNINIT)

    Exec Addr    Load Addr    Size         Type   Attr      Idx    E Section Name        Object

    0x680f0c00        -       0x0000f0c0   Zero   RW         5076    .ARM.__AT_0x680F0C00  malloc.o


==============================================================================

Image component sizes


      Code (inc. data)   RO Data    RW Data    ZI Data      Debug   Object Name

       270         28          0          0         72       3191   adc.o
      1350        100          0          0        432       8301   btim.o
       308         30          0         40          0       3092   control.o
       172          8          0          4          0       2653   delay.o
        80         16          0          0          0       1532   encoder.o
         0          0          0          0          0      14740   event_groups.o
       684        110          0         28          0      19392   freertos_demo.o
      3684        400        588        324          0      14238   fuzzypid.o
       452          8          0          0          0       1404   gpio.o
       848        218          0         32      10240       4355   heap_4.o
       340        118          0          9         62       3869   hwt101.o
       360         18          0          1          0       1790   key.o
       152         12          0          0          0        975   led.o
       148          0          0          0          0       3574   list.o
       184         16          0          8          0      11525   main.o
       152         22         36         36    1210944       3772   malloc.o
       756         32          0          0          0       3876   moto.o
      1770        120       2660          0       1024       8699   oled.o
      2504        248          0         44        252       8242   pid.o
      1162        382          0         12          0      10624   port.o
       540         64          0          0        300       5135   pwm.o
      1574        278          0          0         64      13247   queue.o
        76         28        392          0       1024        996   startup_stm32f407xx.o
       214         38          0          9          0      10698   stm32f4xx_hal.o
      1398         52          0          0          0       5330   stm32f4xx_hal_adc.o
       344         22          0          0          0      35309   stm32f4xx_hal_cortex.o
       210          0          0          0          0       2039   stm32f4xx_hal_dma.o
       544         46          0          0          0       2891   stm32f4xx_hal_gpio.o
      1820         84          0          0          0       5808   stm32f4xx_hal_rcc.o
      2400        142          0          0          0      14573   stm32f4xx_hal_tim.o
       184         30          0          0          0       2605   stm32f4xx_hal_tim_ex.o
      1816         16          0          0          0      10852   stm32f4xx_hal_uart.o
        20          0          0          0          0       2917   stm32f4xx_it.o
       204         12          0          0          0       1395   sys.o
        20          6         24          4          0     699755   system_stm32f4xx.o
      3930       1024          0         64        740      34650   tasks.o
      1082        214          0         20         40      13980   timers.o
       872         98          0         23        536       7855   usart.o
      1310        122        512         40        544       7268   wit_c_sdk.o

    ----------------------------------------------------------------------
     33978       4162       4244        704    1226284    1007147   Object Totals
         0          0         32          0          0          0   (incl. Generated)
        44          0          0          6         10          0   (incl. Padding)

    ----------------------------------------------------------------------

      Code (inc. data)   RO Data    RW Data    ZI Data      Debug   Library Member Name

        90          0          0          0          0          0   __dczerorl2.o
         8          0          0          0          0         68   __main.o
       312          4         17          0          0         92   __printf_flags_wp.o
        14          0          0          0          0         68   __printf_wp.o
         0          0          0          0          0          0   __rtentry.o
        12          0          0          0          0          0   __rtentry2.o
         6          0          0          0          0          0   __rtentry4.o
        52          8          0          0          0          0   __scatter.o
        28          0          0          0          0          0   __scatter_zi.o
        44          0          0          0          0        108   _printf_char.o
        48          6          0          0          0         96   _printf_char_common.o
        36          4          0          0          0         80   _printf_char_file.o
         6          0          0          0          0          0   _printf_d.o
       120         16          0          0          0         92   _printf_dec.o
       178          0          0          0          0         88   _printf_intcommon.o
         0          0          0          0          0          0   _printf_percent.o
         4          0          0          0          0          0   _printf_percent_end.o
         6          0          0          0          0          0   _printf_s.o
        82          0          0          0          0         80   _printf_str.o
        22          0          0          0          0        100   _rserrno.o
        16          0          0          0          0         68   aeabi_memset.o
        18          0          0          0          0         80   exit.o
         8          0          0          0          0         68   ferror.o
         6          0          0          0          0        152   heapauxi.o
         2          0          0          0          0          0   libinit.o
         6          0          0          0          0          0   libinit2.o
         2          0          0          0          0          0   libshutdown.o
         2          0          0          0          0          0   libshutdown2.o
         8          4          0          0         96         68   libspace.o
       238          0          0          0          0        100   lludivv7m.o
        24          4          0          0          0         84   noretval__2printf.o
         8          4          0          0          0         68   rt_errno_addr_intlibspace.o
        68          0          0          0          0         68   rt_memclr.o
        78          0          0          0          0         80   rt_memclr_w.o
       138          0          0          0          0         68   rt_memcpy_v6.o
       100          0          0          0          0         80   rt_memcpy_w.o
         2          0          0          0          0          0   rtexit.o
        10          0          0          0          0          0   rtexit2.o
        74          0          0          0          0         80   sys_stackheap_outer.o
         2          0          0          0          0         68   use_no_semi.o
         2          0          0          0          0         68   use_no_semi_2.o
        24          0          0          0          0        164   basic.o
        98          4          0          0          0        140   d2f.o
       826         16          0          0          0        492   daddsub_clz.o
        24          0          0          0          0        116   dcmpi.o
       688        140          0          0          0        256   ddiv.o
       120          4          0          0          0        140   deqf.o
        46          0          0          0          0        116   dflt_clz.o
       340         12          0          0          0        152   dmul.o
       156          4          0          0          0        140   dnaninf.o
        12          0          0          0          0        116   dretinf.o
        10          0          0          0          0        116   fpinit.o
        10          0          0          0          0        116   fretinf.o
         0          0          0          0          0          0   usenofp.o
       100         28          0          0          0        372   dunder.o
       980         92         56          0          0        440   log.o
       304         44          0          0          0        200   log10.o
       248          0          0          0          0        152   poly.o
         0          0          8          0          0          0   qnan.o

    ----------------------------------------------------------------------
      5886        398         84          0        100       5300   Library Totals
        20          4          3          0          4          0   (incl. Padding)

    ----------------------------------------------------------------------

      Code (inc. data)   RO Data    RW Data    ZI Data      Debug   Library Name

      1880         50         17          0         96       2072   c_w.l
      2354        180          0          0          0       2064   fz_wm.l
      1632        164         64          0          0       1164   m_wm.l

    ----------------------------------------------------------------------
      5886        398         84          0        100       5300   Library Totals

    ----------------------------------------------------------------------

==============================================================================


      Code (inc. data)   RO Data    RW Data    ZI Data      Debug   

     39864       4560       4328        704    1226384     986755   Grand Totals
     39864       4560       4328         92    1226384     986755   ELF Image Totals (compressed)
     39864       4560       4328         92          0          0   ROM Totals

==============================================================================

    Total RO  Size (Code + RO Data)                44192 (  43.16kB)
    Total RW  Size (RW Data + ZI Data)           1227088 (1198.33kB)
    Total ROM Size (Code + RO Data + RW Data)      44284 (  43.25kB)

==============================================================================

